12:07:10 120090
12:07:11 120056
12:07:12 120045
12:07:13 120055
12:07:14 120025
12:07:15 119964
12:07:16 119546
12:07:17 118223
12:07:18 118211
12:07:19 116221
12:07:20 115734
12:07:21 115094
12:07:22 114534
12:07:23 114127
12:07:24 113191
12:07:25 112603
12:07:26 111335
12:07:27 110571
12:07:29 110244
12:07:30 109387
12:07:31 109290
12:07:32 108341
12:07:33 108036
12:07:34 106838
12:07:35 106068
12:07:36 105025
12:07:37 104726
12:07:38 104002
12:07:39 103052
12:07:40 102171
12:07:41 101476
12:07:42 100978
12:07:43 99806
12:07:44 99266
12:07:45 99016
12:07:46 98478
12:07:47 98095
12:07:48 97762
12:07:49 97581
12:07:50 98725
12:07:51 96197
12:07:52 96435
12:07:53 95642
12:07:54 94204
12:07:55 93391
12:07:56 92092
12:07:57 91319
12:07:58 90227
12:07:59 88845
12:08:00 87964
12:08:01 86075
12:08:02 85871
12:08:03 85072
12:08:04 83735
12:08:05 82824
12:08:06 81321
12:08:07 80445
12:08:08 79703
12:08:09 78381
12:08:10 77510
12:08:11 76249
12:08:12 75153
12:08:13 74291
12:08:14 73175
12:08:15 72478
12:08:16 71268
12:08:17 70458
12:08:18 68984
12:08:19 67920
12:08:20 66131
12:08:21 65994
12:08:22 65186
12:08:23 63878
12:08:24 63098
12:08:25 61580
12:08:26 60644
12:08:27 59794
12:08:28 58328
12:08:29 57439
12:08:30 56373
12:08:31 55603
12:08:32 54441
12:08:33 53477
12:08:34 52534
12:08:35 51094
12:08:36 50266
12:08:37 48982
12:08:38 48251
12:08:39 47131
12:08:40 45933
12:08:41 45125
12:08:42 43963
12:08:43 43227
12:08:44 41765
12:08:45 40984
12:08:46 38600
12:08:47 38676
12:08:48 37745
12:08:49 36450
12:08:50 35718
12:08:51 33238
12:08:52 33419
12:08:53 32504
12:08:54 31011
12:08:55 30154
12:08:56 28020
12:08:57 28009
12:08:58 27135
12:08:59 25789
12:09:00 24853
12:09:01 23418
12:09:02 8331
12:09:03 3746
12:09:04 3736
12:09:05 3767
12:09:06 3778
12:09:07 3814
12:09:08 3766
12:09:09 3806
12:09:10 3707
12:09:11 3641
12:09:12 3623
12:09:13 3631
12:09:14 3642
12:09:15 3656
12:09:16 3660
12:09:17 3675
12:09:18 3679
12:09:19 3747
12:09:20 3738
12:09:21 3682
12:09:22 3644
12:09:23 3691
12:09:24 3694
12:09:25 3693
12:09:26 3673
12:09:27 3635
12:09:28 3643
12:09:29 3653
12:09:30 3686
12:09:31 3710
12:09:32 3654
12:09:33 3648
12:09:34 3660
12:09:35 3667
12:09:36 3671
12:09:37 3684
12:09:38 3719
12:09:39 3732
12:09:40 3733
12:09:41 3709
12:09:42 3722
12:09:43 3715
12:09:44 3723
12:09:45 3724
12:09:46 3725
12:09:47 3734
12:09:48 3745
12:09:49 3741
12:09:50 3732
12:09:51 3699
12:09:52 3783
12:09:53 3668
12:09:54 3670
12:09:55 3656
12:09:56 3592
12:09:57 3588
12:09:58 3591
12:09:59 3497
12:10:00 3514
12:10:01 3546
12:10:02 3456
12:10:03 3467
12:10:04 3427
12:10:05 3429
12:10:06 3424
12:10:07 3413
12:10:08 3389
12:10:09 3393
12:10:10 3421
12:10:11 3424
12:10:12 3421
12:10:13 3396
12:10:14 3412
12:10:15 3419
12:10:16 3403
12:10:17 3426
12:10:18 3424
12:10:19 3423
12:10:20 3429
12:10:21 3380
12:10:22 3419
12:10:23 3449
12:10:24 3453
12:10:25 3393
12:10:26 3382
12:10:27 3389
12:10:28 3422
12:10:29 3371
12:10:30 3349
12:10:31 3353
12:10:32 3460
12:10:33 3467
12:10:34 3526
12:10:35 3451
12:10:36 3447
12:10:37 3454
12:10:38 3444
12:10:39 3399
12:10:40 3405
12:10:41 3396
12:10:42 3507
12:10:43 3502
12:10:44 3492
12:10:45 3507
12:10:46 3512
12:10:47 3492
12:10:48 3523
12:10:49 3549
12:10:50 3629
12:10:51 3626
12:10:52 3601
12:10:53 3617
12:10:54 3614
12:10:55 3613
12:10:56 3714
12:10:57 3569
12:10:58 3567
12:10:59 3561
12:11:00 3577
12:11:01 3595
12:11:02 3575
12:11:03 3508
12:11:05 3478
12:11:06 3491
12:11:07 3483
12:11:08 3523
12:11:09 3536
12:11:10 3534
12:11:11 3525
12:11:12 3532
12:11:13 3532
12:11:14 3586
12:11:15 3581
12:11:16 3544
12:11:17 3484
12:11:18 3494
12:11:19 3505
12:11:20 3517
12:11:21 3528
12:11:22 3545
12:11:23 3555
12:11:24 3643
12:11:25 3641
12:11:26 3643
12:11:27 3659
12:11:28 3676
12:11:29 3663
12:11:30 3595
12:11:31 3513
12:11:32 3591
12:11:33 3601
12:11:34 3592
12:11:35 3589
12:11:36 3544
12:11:37 3550
12:11:38 3542
12:11:39 3457
12:11:40 3482
12:11:41 3486
12:11:42 3416
12:11:43 3432
12:11:44 3541
12:11:45 3468
12:11:46 3467
12:11:47 3469
12:11:48 3488
12:11:49 3427
12:11:50 3487
12:11:51 3493
12:11:52 3538
12:11:53 3463
12:11:54 3483
12:11:55 3501
12:11:56 3516
12:11:57 3487
12:11:58 3485
12:11:59 3493
12:12:00 3462
12:12:01 3455
12:12:02 3464
12:12:03 3488
12:12:04 3507
12:12:05 3520
12:12:06 3512
12:12:07 3522
12:12:08 3535
12:12:09 3636
12:12:10 3623
12:12:11 3631
12:12:12 3604
12:12:13 3634
12:12:14 3631
12:12:15 3636
12:12:16 3589
12:12:17 3582
12:12:18 3568
12:12:19 3581
12:12:20 3601
12:12:21 3587
12:12:22 3573
12:12:23 3582
12:12:24 3604
12:12:25 3610
12:12:26 3644
12:12:27 3642
12:12:28 3621
12:12:29 3626
12:12:30 3541
12:12:31 3524
12:12:32 3536
12:12:33 3516
12:12:34 3549
12:12:35 3556
12:12:36 3554
12:12:37 3541
12:12:38 3543
12:12:39 3560
12:12:40 3514
12:12:41 3542
12:12:42 3522
12:12:43 3514
12:12:44 3489
12:12:45 3472
12:12:46 3509
12:12:47 3520
12:12:48 3492
12:12:49 3473
12:12:50 3495
12:12:51 3494
12:12:52 3511
12:12:53 3587
12:12:54 3599
12:12:55 3587
12:12:56 3577
12:12:57 3580
12:12:58 3556
12:12:59 3502
12:13:00 3498
12:13:01 3485
12:13:02 3517
12:13:03 3528
12:13:04 3519
12:13:05 3529
12:13:06 3490
12:13:07 3476
12:13:08 3500
12:13:09 3511
12:13:10 3494
12:13:11 3489
12:13:12 3547
12:13:13 3525
12:13:14 3535
12:13:15 3539
12:13:16 3513
12:13:17 3529
12:13:18 3513
12:13:19 3540
12:13:20 3474
12:13:21 3480
12:13:22 3499
12:13:23 3489
12:13:24 3489
12:13:25 3503
12:13:26 3582
12:13:27 3531
12:13:28 3493
12:13:29 3513
12:13:30 3514
12:13:31 3503
12:13:32 3517
12:13:33 3544
12:13:34 3531
12:13:35 3506
12:13:36 3504
12:13:37 3494
12:13:38 3522
12:13:39 3512
12:13:40 3490
12:13:41 3487
12:13:42 3507
12:13:43 3592
12:13:44 3539
12:13:45 3500
12:13:46 3527
12:13:47 3530
12:13:48 3543
12:13:49 3551
12:13:50 3547
12:13:51 3523
12:13:52 3515
12:13:53 3533
12:13:54 3528
12:13:55 3535
12:13:56 3584
12:13:57 3577
12:13:58 3554
12:13:59 3533
12:14:00 3546
12:14:01 3546
12:14:02 3528
12:14:03 3535
12:14:04 3531
12:14:05 3553
12:14:06 3285
12:14:07 3270
12:14:08 3333
12:14:09 3290
12:14:10 3275
12:14:11 3252
12:14:12 3271
12:14:13 3195
12:14:14 3218
12:14:15 3237
12:14:17 3177
12:14:18 3200
12:14:19 3182
12:14:20 3270
12:14:21 3225
12:14:22 3254
12:14:23 3259
12:14:24 3255
12:14:25 3229
12:14:26 3247
12:14:27 3240
12:14:28 3252
12:14:29 3196
12:14:30 3196
12:14:31 3204
12:14:32 3222
12:14:33 3226
12:14:34 3226
12:14:35 3174
12:14:36 3171
12:14:37 3190
12:14:38 3190
12:14:39 3193
12:14:40 3214
12:14:41 3195
12:14:42 3195
12:14:43 3253
12:14:44 3301
12:14:45 3300
12:14:46 3292
12:14:47 3268
12:14:48 3263
12:14:49 3248
12:14:50 3252
12:14:51 3239
12:14:52 3247
12:14:53 3245
12:14:54 3232
12:14:55 3161
12:14:56 3167
12:14:57 3200
12:14:58 3183
12:14:59 3197
12:15:00 3219
12:15:01 3198
12:15:02 3173
12:15:03 3241
12:15:04 3273
12:15:05 3251
12:15:06 3261
12:15:07 3264
12:15:08 3265
12:15:09 3268
12:15:10 3253
12:15:11 3257
12:15:12 3265
12:15:13 3264
12:15:14 3223
12:15:15 3247
12:15:16 3223
12:15:17 3252
12:15:18 3263
12:15:19 3198
12:15:20 3218
12:15:21 3230
12:15:22 3229
12:15:23 3309
12:15:24 3322
12:15:25 3312
12:15:26 3297
12:15:27 3302
12:15:28 3313
12:15:29 3323
12:15:30 3308
12:15:31 3322
12:15:32 3267
12:15:33 3229
12:15:34 3194
12:15:35 3158
12:15:36 3152
12:15:37 3122
12:15:38 3132
12:15:39 3147
12:15:40 3154
12:15:41 3224
12:15:42 3140
12:15:43 3152
12:15:44 3185
12:15:45 3123
12:15:46 3124
12:15:47 3123
12:15:48 3126
12:15:49 3152
12:15:50 3164
12:15:51 3172
12:15:52 3157
12:15:53 3246
12:15:54 3223
12:15:55 3227
12:15:56 3204
12:15:57 3213
12:15:58 3224
12:15:59 3207
12:16:00 3201
12:16:01 3184
12:16:02 3178
12:16:03 3185
12:16:04 3189
12:16:05 3202
12:16:06 3213
12:16:07 3185
12:16:08 3200
12:16:09 3204
12:16:10 3192
12:16:11 3195
12:16:12 3208
12:16:13 3175
12:16:14 3304
12:16:15 3329
12:16:16 3343
12:16:17 3245
12:16:18 3220
12:16:19 3254
12:16:20 3204
12:16:21 3192
12:16:22 3236
12:16:23 3215
12:16:24 3229
12:16:25 3237
12:16:26 3193
12:16:27 3217
12:16:28 3266
12:16:29 3259
12:16:30 3215
12:16:31 3248
12:16:32 3225
12:16:33 3216
12:16:34 3229
12:16:35 3234
12:16:36 3218
12:16:37 3223
12:16:38 3214
12:16:39 3250
12:16:40 3251
12:16:41 3289
12:16:42 3262
12:16:43 3264
12:16:44 3258
12:16:45 3304
12:16:46 3237
12:16:47 3252
12:16:48 3243
12:16:49 3218
12:16:50 3235
12:16:51 3209
12:16:52 3230
12:16:53 3216
12:16:54 3220
12:16:55 3269
12:16:56 3183
12:16:57 3238
12:16:58 3250
12:16:59 3233
12:17:00 3183
12:17:01 3177
12:17:02 3245
12:17:03 3208
12:17:04 3291
12:17:05 3280
12:17:06 3310
12:17:07 3289
12:17:08 3306
12:17:09 3297
12:17:10 3281
12:17:11 3288
12:17:12 3291
12:17:13 3300
12:17:14 3287
12:17:15 3304
12:17:16 3273
12:17:17 3299
12:17:18 3284
12:17:19 3277
12:17:20 3306
12:17:21 3307
12:17:22 3306
12:17:23 3311
12:17:24 3315
12:17:25 3312
12:17:26 3315
12:17:27 3324
12:17:28 3269
12:17:29 3261
12:17:30 3288
12:17:31 3291
12:17:32 3305
12:17:33 3302
12:17:35 3319
12:17:36 3335
12:17:37 3298
12:17:38 3244
12:17:39 3238
12:17:40 3252
12:17:41 3166
12:17:42 3214
12:17:43 3259
12:17:44 3234
12:17:45 3232
12:17:46 3225
12:17:47 3258
12:17:48 3279
12:17:49 3286
12:17:50 3278
12:17:51 3266
12:17:52 3257
12:17:53 3270
12:17:54 3270
12:17:55 3285
12:17:56 3357
12:17:57 3263
12:17:58 3262
12:17:59 3273
12:18:00 3260
12:18:01 3270
12:18:02 3245
12:18:03 3263
12:18:04 3254
12:18:05 3244
12:18:06 3248
12:18:07 3235
12:18:08 3234
12:18:09 3229
12:18:10 3235
12:18:11 3304
12:18:12 3316
12:18:13 3333
12:18:14 3334
12:18:15 3256
12:18:16 3249
12:18:17 3244
12:18:18 3245
12:18:19 3250
12:18:20 3262
12:18:21 3245
12:18:22 3251
12:18:23 3232
12:18:24 3256
12:18:25 3313
12:18:26 3295
12:18:27 3245
12:18:28 3228
12:18:29 3235
12:18:30 3235
12:18:31 3254
12:18:32 3270
12:18:33 3287
12:18:34 3315
12:18:35 3305
12:18:36 3283
12:18:37 3202
12:18:38 3208
12:18:39 3204
12:18:40 3226
12:18:41 3237
12:18:42 3258
12:18:43 3256
12:18:44 3251
12:18:45 3238
12:18:46 3230
12:18:47 3258
12:18:48 3260
12:18:49 3241
12:18:50 3265
12:18:51 3271
12:18:52 3223
12:18:53 3229
12:18:54 3230
12:18:55 3222
12:18:56 3201
12:18:57 3195
12:18:58 3206
12:18:59 3244
12:19:00 3188
12:19:01 3197
12:19:02 3227
12:19:03 3233
12:19:04 3249
12:19:05 3246
12:19:06 3232
12:19:07 3244
12:19:08 3281
12:19:09 3284
12:19:10 3290
12:19:11 3305
12:19:12 3326
12:19:13 3352
12:19:14 3328
12:19:15 3334
12:19:16 3310
12:19:17 3312
12:19:18 3293
12:19:19 3300
12:19:20 3211
12:19:21 3215
12:19:22 3178
12:19:23 3128
12:19:24 3168
12:19:25 3169
12:19:26 3197
12:19:27 3210
12:19:28 3143
12:19:29 3158
12:19:30 3166
12:19:31 3191
12:19:32 3180
12:19:33 3181
12:19:34 3193
12:19:35 3203
12:19:36 3270
12:19:37 3303
12:19:38 3300
12:19:39 3303
12:19:40 3334
12:19:41 3303
12:19:42 3285
12:19:43 3303
12:19:44 3404
12:19:45 3418
12:19:46 3344
12:19:47 3387
12:19:48 3401
12:19:49 3356
12:19:50 3341
12:19:51 3352
12:19:52 3391
12:19:53 3415
12:19:54 3399
12:19:55 3403
12:19:56 3382
12:19:57 3405
12:19:58 3465
12:19:59 3468
12:20:00 3469
12:20:01 3457
12:20:02 3451
12:20:03 3453
12:20:04 3472
12:20:05 3448
12:20:06 3462
12:20:07 3463
12:20:08 3445
12:20:09 3476
12:20:10 3520
12:20:11 3454
12:20:12 3472
12:20:13 3489
12:20:14 3448
12:20:15 3454
12:20:16 3449
12:20:17 3473
12:20:18 3495
12:20:19 3481
12:20:20 3396
12:20:21 3400
12:20:22 3501
12:20:23 3466
12:20:24 3471
12:20:25 3465
12:20:26 3455
12:20:27 3453
12:20:28 3461
12:20:29 3477
12:20:30 3475
12:20:31 3465
12:20:32 3492
12:20:33 3489
12:20:34 3487
12:20:35 3507
12:20:36 3519
12:20:37 3524
12:20:38 3496
12:20:39 3528
12:20:40 3554
12:20:41 3541
12:20:42 3544
12:20:43 3517
12:20:44 3472
12:20:45 3479
12:20:46 3491
12:20:47 3492
12:20:48 3483
12:20:49 3486
12:20:50 3502
12:20:51 3489
12:20:53 3475
12:20:54 3486
12:20:55 3487
12:20:56 3490
12:20:57 3509
12:20:58 3529
12:20:59 3510
12:21:00 3500
12:21:01 3491
12:21:02 3499
12:21:03 3525
12:21:04 3510
12:21:05 3533
12:21:06 3540
12:21:07 3542
12:21:08 3524
12:21:09 3493
12:21:10 3513
12:21:11 3516
12:21:12 3485
12:21:13 3520
12:21:14 3529
12:21:15 3533
12:21:16 3501
12:21:17 3524
12:21:18 3525
12:21:19 3468
12:21:20 3459
12:21:21 3497
12:21:22 3515
12:21:23 3512
12:21:24 3510
12:21:25 3427
12:21:26 3435
12:21:27 3478
12:21:28 3455
12:21:29 3462
12:21:30 3446
12:21:31 3442
12:21:32 3432
12:21:33 3459
12:21:34 3469
12:21:35 3490
12:21:36 3528
12:21:37 3509
12:21:38 3514
12:21:39 3576
12:21:40 3606
12:21:41 3554
12:21:42 3566
12:21:43 3571
12:21:44 3578
12:21:45 3558
12:21:46 3582
12:21:47 3532
12:21:48 3523
12:21:49 3553
12:21:50 3540
12:21:51 3543
12:21:52 3566
12:21:53 3569
12:21:54 3613
12:21:55 3548
12:21:56 3536
12:21:57 3547
12:21:58 3568
12:21:59 3545
12:22:00 3562
12:22:01 3550
12:22:02 3572
12:22:03 3582
12:22:04 3621
12:22:05 3626
12:22:06 3623
12:22:07 3588
12:22:08 3588
12:22:09 3599
12:22:10 3583
12:22:11 3574
12:22:12 3571
12:22:13 3585
12:22:14 3587
12:22:15 3570
12:22:16 3599
12:22:17 3595
12:22:18 3613
12:22:19 3631
12:22:20 3633
12:22:21 3701
12:22:22 3621
12:22:23 3582
12:22:24 3596
12:22:25 3579
12:22:26 3465
12:22:27 3472
12:22:28 3446
12:22:29 3419
12:22:30 3420
12:22:31 3451
12:22:32 3473
12:22:33 3489
12:22:34 3434
12:22:35 3445
12:22:36 3456
12:22:37 3481
12:22:38 3493
12:22:39 3448
12:22:40 3459
12:22:41 3483
12:22:42 3567
12:22:43 3573
12:22:44 3509
12:22:45 3531
12:22:46 3528
12:22:47 3595
12:22:48 3614
12:22:49 3673
12:22:50 3671
12:22:51 3544
12:22:52 3536
12:22:53 3558
12:22:54 3474
12:22:55 3502
12:22:56 3484
12:22:57 3490
12:22:58 3533
12:22:59 3468
12:23:00 3470
12:23:01 3463
12:23:02 3447
12:23:03 3485
12:23:04 3437
12:23:05 3436
12:23:06 3470
12:23:07 3435
12:23:08 3462
12:23:09 3445
12:23:10 3453
12:23:11 3478
12:23:12 3418
12:23:13 3469
12:23:14 3447
12:23:15 3438
12:23:16 3458
12:23:17 3473
12:23:18 3467
12:23:19 3497
12:23:20 3496
12:23:21 3470
12:23:22 3447
12:23:23 3448
12:23:24 3466
12:23:25 3478
12:23:26 3549
12:23:27 3512
12:23:28 3528
12:23:29 3518
12:23:30 3537
12:23:31 3533
12:23:32 3621
12:23:33 3653
12:23:34 3649
12:23:35 3650
12:23:36 3565
12:23:37 3557
12:23:38 3576
12:23:39 3487
12:23:40 3480
12:23:41 3453
12:23:42 3350
12:23:43 3345
12:23:44 3386
12:23:45 3320
12:23:46 3222
12:23:47 3209
12:23:48 3196
12:23:49 3178
12:23:50 3183
12:23:51 3215
12:23:52 3222
12:23:53 3258
12:23:54 3321
12:23:55 3287
12:23:56 3282
12:23:57 3227
12:23:58 3286
12:23:59 3327
12:24:00 3311
12:24:01 3312
12:24:02 3360
12:24:03 3397
12:24:04 3367
12:24:05 3364
12:24:06 3352
12:24:07 3374
12:24:09 3380
12:24:10 3375
12:24:11 3354
12:24:12 3359
12:24:13 3400
12:24:14 3409
12:24:15 3377
12:24:16 3378
12:24:17 3382
12:24:18 3402
12:24:19 3384
12:24:20 3395
12:24:21 3360
12:24:22 3370
12:24:23 3386
12:24:24 3390
12:24:25 3583
12:24:26 3667
12:24:27 3725
12:24:28 3635
12:24:29 3622
12:24:30 3651
12:24:31 3571
12:24:32 3557
12:24:33 3565
12:24:34 3491
12:24:35 3466
12:24:36 3483
12:24:37 3470
12:24:38 3393
12:24:39 3398
12:24:40 3407
12:24:41 3358
12:24:42 3380
12:24:43 3386
12:24:44 3384
12:24:45 3407
12:24:46 3399
12:24:47 3414
12:24:48 3433
12:24:49 3382
12:24:50 3359
12:24:51 3349
12:24:52 3369
12:24:53 3396
12:24:54 3394
12:24:55 3377
12:24:56 3387
12:24:57 3382
12:24:58 3405
12:24:59 3403
12:25:00 3413
12:25:01 3379
12:25:02 3391
12:25:03 3374
12:25:04 3392
12:25:05 3386
12:25:06 3380
12:25:07 3286
12:25:08 3302
12:25:09 3330
12:25:10 3325
12:25:11 3298
12:25:12 3290
12:25:13 3255
12:25:14 3247
12:25:15 3237
12:25:16 3234
12:25:17 3262
12:25:18 3270
12:25:19 3305
12:25:20 3265
12:25:21 3332
12:25:22 3472
12:25:23 3458
12:25:24 3564
12:25:25 3561
12:25:26 3458
12:25:27 3377
12:25:28 3352
12:25:29 3259
12:25:30 3193
12:25:31 3203
12:25:32 3216
12:25:33 3252
12:25:34 3240
12:25:35 3270
12:25:36 3255
12:25:37 3291
12:25:38 3371
12:25:39 3387
12:25:40 3402
12:25:41 3293
12:25:42 3294
12:25:43 3305
12:25:44 3290
12:25:45 3288
12:25:46 3248
12:25:47 3259
12:25:48 3296
12:25:49 3310
12:25:50 3245
12:25:51 3255
12:25:52 3290
12:25:53 3299
12:25:54 3359
12:25:55 3472
12:25:56 3396
12:25:57 3499
12:25:58 3509
12:25:59 3413
12:26:00 3329
12:26:01 3264
12:26:02 3280
12:26:03 3292
12:26:04 3316
12:26:05 3400
12:26:06 3338
12:26:07 3360
12:26:08 3378
12:26:09 3380
12:26:10 3376
12:26:11 3351
12:26:12 3343
12:26:13 3361
12:26:14 3349
12:26:15 3344
12:26:16 3344
12:26:17 3331
12:26:18 3328
12:26:19 3360
12:26:20 3356
12:26:21 3334
12:26:22 3323
12:26:23 3352
12:26:24 3371
12:26:25 3369
12:26:26 3291
12:26:27 3342
12:26:28 3431
12:26:29 3493
12:26:30 3521
12:26:31 3555
12:26:32 3481
12:26:33 3370
12:26:34 3368
12:26:35 3363
12:26:36 3260
12:26:37 3263
12:26:38 3220
12:26:39 3292
12:26:40 3278
12:26:41 3316
12:26:42 3309
12:26:43 3295
12:26:44 3324
12:26:45 3317
12:26:46 3311
12:26:47 3420
12:26:48 3431
12:26:49 3417
12:26:50 3438
12:26:51 3408
12:26:52 3326
12:26:53 3314
12:26:54 3321
12:26:55 3325
12:26:56 3327
12:26:57 3299
12:26:58 3307
12:26:59 3437
12:27:00 3472
12:27:01 3553
12:27:02 3649
12:27:03 3676
12:27:04 3743
12:27:06 3726
12:27:07 3758
12:27:08 3671
12:27:09 3669
12:27:10 3672
12:27:11 3648
12:27:12 3640
12:27:13 3640
12:27:14 3654
12:27:15 3656
12:27:16 3620
12:27:17 3652
12:27:18 3693
12:27:19 3693
12:27:20 3597
12:27:21 3616
12:27:22 3506
12:27:23 3511
12:27:24 3519
12:27:25 3555
12:27:26 3532
12:27:27 3555
12:27:28 3574
12:27:29 3510
12:27:30 3543
12:27:31 3558
12:27:32 3537
12:27:33 3547
12:27:34 3520
12:27:35 3461
12:27:36 3513
12:27:37 3528
12:27:38 3618
12:27:39 3525
12:27:40 3487
12:27:41 3507
12:27:42 3472
12:27:43 3499
12:27:44 3524
12:27:45 3597
12:27:46 3471
12:27:47 3501
12:27:48 3491
12:27:49 3510
12:27:50 3496
12:27:51 3520
12:27:52 3486
12:27:53 3517
12:27:54 3577
12:27:55 3567
12:27:56 3598
12:27:57 3612
12:27:58 3641
12:27:59 3563
12:28:00 3571
12:28:01 3554
12:28:02 3553
12:28:03 3564
12:28:04 3566
12:28:05 3574
12:28:06 3605
12:28:07 3643
12:28:08 3611
12:28:09 3589
12:28:10 3570
12:28:11 3564
12:28:12 3621
12:28:13 3659
12:28:14 3663
12:28:15 3697
12:28:16 3639
12:28:17 3625
12:28:18 3585
12:28:19 3571
12:28:20 3553
12:28:21 3589
12:28:22 3562
12:28:23 3509
12:28:24 3505
12:28:25 3501
12:28:26 3522
12:28:27 3550
12:28:28 3535
12:28:29 3566
12:28:30 3541
12:28:31 3536
12:28:32 3569
12:28:33 3577
12:28:34 3571
12:28:35 3582
12:28:36 3591
12:28:37 3603
12:28:38 3619
12:28:39 3715
12:28:40 3728
12:28:41 3747
12:28:42 3761
12:28:43 3785
12:28:44 3801
12:28:45 3766
12:28:46 3797
12:28:47 3805
12:28:48 3819
12:28:49 3831
12:28:50 3840
12:28:51 3848
12:28:52 3859
12:28:53 3865
12:28:54 3869
12:28:55 3870
12:28:56 3873
12:28:57 3870
12:28:58 3874
12:28:59 3880
12:29:00 3881
12:29:01 3878
12:29:02 3873
12:29:03 3872
12:29:04 3875
12:29:05 3879
12:29:06 3873
12:29:07 3799
12:29:08 3795
12:29:09 3805
12:29:10 3810
12:29:11 3817
12:29:12 3814
12:29:13 3832
12:29:14 3837
12:29:15 3879
12:29:16 3880
12:29:17 3810
12:29:18 3811
12:29:19 3811
12:29:20 3817
12:29:21 3817
12:29:22 3826
12:29:23 3833
12:29:24 3802
12:29:25 3704
12:29:26 3710
12:29:27 3719
12:29:28 3732
12:29:29 3736
12:29:30 3752
12:29:31 3756
12:29:32 3740
12:29:33 3742
12:29:34 3747
12:29:35 3756
12:29:36 3761
12:29:37 3769
12:29:38 3777
12:29:39 3862
12:29:40 3860
12:29:41 3869
12:29:42 3871
12:29:43 3876
12:29:44 3879
12:29:45 3879
12:29:46 3873
12:29:47 3806
12:29:48 3796
12:29:49 3800
12:29:50 3805
12:29:51 3807
12:29:52 3798
12:29:53 3807
12:29:54 3822
12:29:55 3856
12:29:56 3854
12:29:57 3858
12:29:58 3863
12:29:59 3863
12:30:00 3870
12:30:01 3869
12:30:02 3874
12:30:03 3874
12:30:04 3879
12:30:05 3879
12:30:06 3852
12:30:07 3827
12:30:08 3834
12:30:09 3834
12:30:10 3834
12:30:11 3822
12:30:12 3749
12:30:13 3761
12:30:14 3774
12:30:15 3777
12:30:16 3791
12:30:17 3800
12:30:18 3831
12:30:19 3831
12:30:20 3783
12:30:21 3687
12:30:22 3713
12:30:23 3792
12:30:24 3795
12:30:25 3798
12:30:26 3829
12:30:27 3773
12:30:28 3796
12:30:29 3803
12:30:30 3838
12:30:31 3821
12:30:32 3843
12:30:33 3821
12:30:34 3811
12:30:35 3791
12:30:36 3807
12:30:37 3794
12:30:38 3791
12:30:39 3741
12:30:40 3773
12:30:41 3772
12:30:42 3783
12:30:43 3780
12:30:44 3771
12:30:45 3768
12:30:46 3802
12:30:47 3764
12:30:48 3761
12:30:49 3743
12:30:50 3646
12:30:51 3670
12:30:52 3673
12:30:53 3684
12:30:54 3698
12:30:55 3677
12:30:56 3696
12:30:57 3621
12:30:58 3620
12:30:59 3644
12:31:00 3648
12:31:01 3651
12:31:02 3693
12:31:03 3659
12:31:04 3673
12:31:05 3717
12:31:06 3736
12:31:07 3750
12:31:08 3748
12:31:09 3728
12:31:10 3742
12:31:11 3761
12:31:12 3761
12:31:13 3765
12:31:14 3758
12:31:16 3702
12:31:17 3705
12:31:18 3742
12:31:19 3752
12:31:20 3736
12:31:21 3700
12:31:22 3711
12:31:23 3739
12:31:24 3723
12:31:25 3664
12:31:26 3647
12:31:27 3681
12:31:28 3670
12:31:29 3668
12:31:30 3694
12:31:31 3716
12:31:32 3714
12:31:33 3740
12:31:34 3704
12:31:35 3710
12:31:36 3750
12:31:37 3761
12:31:38 3731
12:31:39 3736
12:31:40 3752
12:31:41 3822
12:31:42 3780
12:31:43 3781
12:31:44 3801
12:31:45 3796
12:31:46 3745
12:31:47 3749
12:31:48 3757
12:31:49 3777
12:31:50 3724
12:31:51 3723
12:31:52 3722
12:31:53 3725
12:31:54 3721
12:31:55 3720
12:31:56 3727
12:31:57 3673
12:31:58 3679
12:31:59 3606
12:32:00 3622
12:32:01 3650
12:32:02 3652
12:32:03 3669
12:32:04 3668
12:32:05 3689
12:32:06 3692
12:32:07 3733
12:32:08 3728
12:32:09 3730
12:32:10 3723
12:32:11 3746
12:32:12 3705
12:32:13 3730
12:32:14 3724
12:32:15 3731
12:32:16 3709
12:32:17 3710
12:32:18 3703
12:32:19 3708
12:32:20 3708
12:32:21 3693
12:32:22 3697
12:32:23 3691
12:32:24 3665
12:32:25 3675
12:32:26 3687
12:32:27 3683
12:32:28 3704
12:32:29 3716
12:32:30 3688
12:32:31 3697
12:32:32 3691
12:32:33 3692
12:32:34 3691
12:32:35 3700
12:32:36 3688
12:32:37 3707
12:32:38 3656
12:32:39 3677
12:32:40 3666
12:32:41 3700
12:32:42 3677
12:32:43 3676
12:32:44 3687
12:32:45 3731
12:32:46 3759
12:32:47 3753
12:32:48 3696
12:32:49 3704
12:32:50 3714
12:32:51 3698
12:32:52 3721
12:32:53 3719
12:32:54 3719
12:32:55 3719
12:32:56 3720
12:32:57 3734
12:32:58 3717
12:32:59 3710
12:33:00 3691
12:33:01 3725
12:33:02 3661
12:33:03 3691
12:33:04 3677
12:33:05 3666
12:33:06 3693
12:33:07 3713
12:33:08 3716
12:33:09 3734
12:33:10 3727
12:33:11 3748
12:33:12 3714
12:33:13 3728
12:33:14 3744
12:33:15 3722
12:33:16 3700
12:33:17 3707
12:33:18 3717
12:33:19 3723
12:33:20 3687
12:33:21 3692
12:33:22 3716
12:33:23 3734
12:33:24 3713
12:33:25 3733
12:33:26 3703
12:33:27 3702
12:33:28 3702
12:33:29 3717
12:33:30 3705
12:33:31 3714
12:33:32 3700
12:33:33 3724
12:33:34 3719
12:33:35 3715
12:33:36 3670
12:33:37 3682
12:33:38 3703
12:33:39 3713
12:33:40 3712
12:33:41 3711
12:33:42 3712
12:33:43 3723
12:33:44 3695
12:33:45 3698
12:33:46 3705
12:33:47 3717
12:33:48 3741
12:33:49 3752
12:33:50 3757
12:33:51 3768
12:33:52 3798
12:33:53 3807
12:33:54 3814
12:33:55 3819
12:33:56 3830
12:33:57 3833
12:33:58 3834
12:33:59 3836
12:34:00 3824
12:34:01 3831
12:34:02 3840
12:34:03 3837
12:34:04 3827
12:34:05 3833
12:34:06 3838
12:34:07 3842
12:34:08 3850
12:34:09 3850
12:34:10 3850
12:34:11 3853
12:34:12 3867
12:34:13 3867
12:34:14 3871
12:34:15 3871
12:34:16 3864
12:34:17 3863
12:34:18 3866
12:34:19 3867
12:34:20 3850
12:34:21 3869
12:34:22 3869
12:34:23 3870
12:34:24 3868
12:34:25 3869
12:34:26 3870
12:34:27 3869
12:34:28 3870
12:34:29 3870
12:34:30 3874
12:34:31 3874
12:34:32 3878
12:34:33 3880
12:34:34 3881
12:34:35 3881
12:34:36 3885
12:34:37 3886
12:34:38 3886
12:34:39 3886
12:34:40 3884
12:34:41 3885
12:34:42 3884
12:34:43 3884
12:34:44 3880
12:34:45 3880
12:34:46 3881
12:34:47 3882
12:34:48 3883
12:34:49 3884
12:34:50 3884
12:34:51 3884
12:34:52 3883
12:34:53 3884
12:34:54 3884
12:34:55 3884
12:34:56 3876
12:34:57 3876
12:34:58 3876
12:34:59 3876
12:35:00 3876
12:35:01 3875
12:35:02 3875
12:35:03 3875
12:35:04 3875
12:35:05 3875
12:35:06 3874
12:35:07 3874
12:35:08 3870
12:35:09 3870
12:35:10 3871
12:35:11 3871
12:35:12 3869
12:35:13 3868
12:35:14 3872
12:35:15 3873
12:35:16 3872
12:35:17 3872
12:35:18 3871
12:35:19 3871
12:35:20 3869
12:35:21 3869
12:35:22 3869
12:35:23 3868
12:35:24 3868
12:35:25 3869
12:35:26 3872
12:35:27 3873
12:35:28 3862
12:35:30 3862
12:35:31 3861
12:35:32 3862
12:35:33 3861
12:35:34 3860
12:35:35 3891
12:35:36 3893
12:35:37 3897
12:35:38 3898
12:35:39 3900
12:35:40 3901
12:35:41 3907
12:35:42 3908
12:35:43 3911
12:35:44 3911
12:35:45 3913
12:35:46 3913
12:35:47 3914
12:35:48 3916
12:35:49 3915
12:35:50 3916
12:35:51 3916
12:35:52 3916
12:35:53 3914
12:35:54 3914
12:35:55 3914
12:35:56 3914
12:35:57 3912
12:35:58 3912
12:35:59 3912
12:36:00 3913
12:36:01 3905
12:36:02 3906
12:36:03 3908
12:36:04 3911
12:36:05 3911
12:36:06 3914
12:36:07 3915
12:36:08 3915
12:36:09 3912
12:36:10 3916
12:36:11 3916
12:36:12 3917
12:36:13 3927
12:36:14 3927
12:36:15 3926
12:36:16 3926
12:36:17 3924
12:36:18 3925
12:36:19 3925
12:36:20 3925
12:36:21 3915
12:36:22 3921
12:36:23 3921
12:36:24 3923
12:36:25 3922
12:36:26 3920
12:36:27 3920
12:36:28 3924
12:36:29 3910
12:36:30 3911
12:36:31 3913
12:36:32 3915
12:36:33 3909
12:36:34 3909
12:36:35 3915
12:36:36 3923
12:36:37 3925
12:36:38 3925
12:36:39 3926
12:36:40 3928
12:36:41 3930
12:36:42 3930
12:36:43 3931
12:36:44 3931
12:36:45 3932
12:36:46 3933
12:36:47 3933
12:36:48 3933
12:36:49 3935
12:36:50 3935
12:36:51 3935
12:36:52 3935
12:36:53 3940
12:36:54 3940
12:36:55 3940
12:36:56 3940
12:36:57 3945
12:36:58 3946
12:36:59 3945
12:37:00 3946
12:37:01 3938
12:37:02 3940
12:37:03 3954
12:37:04 3954
12:37:05 3945
12:37:06 3946
12:37:07 3946
12:37:08 3945
12:37:09 3937
12:37:10 3937
12:37:11 3937
12:37:12 3939
12:37:13 3947
12:37:14 3947
12:37:15 3948
12:37:16 3947
12:37:17 3945
12:37:18 3945
12:37:19 3945
12:37:20 3945
12:37:21 3942
12:37:22 3942
12:37:23 3942
12:37:24 3942
12:37:25 3942
12:37:26 3942
12:37:27 3941
12:37:28 3941
12:37:29 3936
12:37:30 3936
12:37:31 3936
12:37:32 3936
12:37:33 3935
12:37:34 3935
12:37:35 3953
12:37:36 3946
12:37:37 3966
12:37:38 3966
12:37:39 3966
12:37:40 3949
12:37:41 3965
12:37:42 3965
12:37:43 3965
12:37:44 3965
12:37:45 3967
12:37:46 3966
12:37:47 3966
12:37:48 3967
12:37:49 3966
12:37:50 3966
12:37:51 3966
12:37:52 3971
12:37:53 3971
12:37:54 3971
12:37:55 3972
12:37:56 3970
12:37:57 3971
12:37:58 3971
12:37:59 3971
12:38:00 3971
12:38:01 3973
12:38:02 3973
12:38:03 3972
12:38:04 3976
12:38:05 3975
12:38:06 3975
12:38:07 3975
12:38:08 3975
12:38:09 3982
12:38:10 3982
12:38:11 3982
12:38:12 3982
12:38:13 3984
12:38:14 3985
12:38:15 3983
12:38:16 3980
12:38:17 3980
12:38:18 3980
12:38:19 3981
12:38:20 3981
12:38:21 3981
12:38:22 3981
12:38:23 3981
12:38:24 3989
12:38:25 3988
12:38:26 3988
12:38:27 3988
12:38:28 3986
12:38:29 3986
12:38:30 3986
12:38:31 3986
12:38:32 3986
12:38:33 3990
12:38:34 3991
12:38:35 3990
12:38:36 3989
12:38:37 3989
12:38:38 3988
12:38:39 3988
12:38:40 3991
12:38:41 3990
12:38:42 3989
12:38:43 3989
12:38:44 3993
12:38:45 3993
12:38:46 3993
12:38:47 3992
12:38:48 3990
12:38:49 3990
12:38:50 3989
12:38:51 3989
12:38:52 3987
12:38:53 3986
12:38:54 3986
12:38:55 3986
12:38:56 3980
12:38:57 3980
12:38:58 3980
12:38:59 3979
12:39:00 3978
12:39:01 3978
12:39:02 3978
12:39:03 3978
12:39:04 3981
12:39:05 3980
12:39:06 3962
12:39:07 3963
12:39:08 3969
12:39:09 3973
12:39:10 3977
12:39:11 3979
12:39:12 3978
12:39:13 3980
12:39:14 3981
12:39:15 3982
12:39:16 3984
12:39:17 3986
12:39:18 3985
12:39:19 3986
12:39:20 3988
12:39:21 3989
12:39:22 3989
12:39:23 3989
12:39:24 3984
12:39:25 3984
12:39:26 3986
12:39:27 3985
12:39:28 3984
12:39:29 3984
12:39:30 3984
12:39:31 3984
12:39:32 3979
12:39:33 3979
12:39:34 3987
12:39:35 3987
12:39:36 3986
12:39:37 3985
12:39:38 3985
12:39:39 3985
12:39:40 3984
12:39:41 3984
12:39:42 3983
12:39:43 3983
12:39:44 3979
12:39:45 3978
12:39:46 3978
12:39:47 3978
12:39:48 3972
12:39:49 3972
12:39:50 3971
12:39:51 3971
12:39:52 3967
12:39:53 3967
12:39:54 3967
12:39:56 3967
12:39:57 3970
12:39:58 3970
12:39:59 3970
12:40:00 3970
12:40:01 3974
12:40:02 3974
12:40:03 3973
12:40:04 3973
12:40:05 3971
12:40:06 3971
12:40:07 3970
12:40:08 3970
12:40:09 3972
12:40:10 3973
12:40:11 3973
12:40:12 3976
12:40:13 3972
12:40:14 3972
12:40:15 3972
12:40:16 3972
12:40:17 3976
12:40:18 3975
12:40:19 3975
12:40:20 3975
12:40:21 3972
12:40:22 3945
12:40:23 3948
12:40:24 3951
12:40:25 3951
12:40:26 3951
12:40:27 3953
12:40:28 3957
12:40:29 3963
12:40:30 3965
12:40:31 3965
12:40:32 3966
12:40:33 3965
12:40:34 3966
12:40:35 3967
12:40:36 3968
12:40:37 3971
12:40:38 3971
12:40:39 3970
12:40:40 3970
12:40:41 3973
12:40:42 3972
12:40:43 3972
12:40:44 3972
12:40:45 3963
12:40:46 3968
12:40:47 3967
12:40:48 3967
12:40:49 3966
12:40:50 3966
12:40:51 3966
12:40:52 3974
12:40:53 3972
12:40:54 3971
12:40:55 3972
12:40:56 3973
12:40:57 3973
12:40:58 3973
12:40:59 3973
12:41:00 3972
12:41:01 3974
12:41:02 3978
12:41:03 3977
12:41:04 3977
12:41:05 3970
12:41:06 3969
12:41:07 3969
12:41:08 3970
12:41:09 3976
12:41:10 3976
12:41:11 3976
12:41:12 3975
12:41:13 3970
12:41:14 3970
12:41:15 3969
12:41:16 3968
12:41:17 3967
12:41:18 3967
12:41:19 3967
12:41:20 3967
12:41:21 3966
12:41:22 3966
12:41:23 3966
12:41:24 3966
12:41:25 3959
12:41:26 3939
12:41:27 3944
12:41:28 3943
12:41:29 3949
12:41:30 3949
12:41:31 3949
12:41:32 3949
12:41:33 3946
12:41:34 3946
12:41:35 3947
12:41:36 3954
12:41:37 3957
12:41:38 3957
12:41:39 3960
12:41:40 3963
12:41:41 3961
12:41:42 3958
12:41:43 3960
12:41:44 3960
12:41:45 3955
12:41:46 3959
12:41:47 3960
12:41:48 3962
12:41:49 3964
12:41:50 3965
12:41:51 3965
12:41:52 3965
12:41:53 3966
12:41:54 3967
12:41:55 3968
12:41:56 3968
12:41:57 3961
12:41:58 3961
12:41:59 3961
12:42:00 3961
12:42:01 3959
12:42:02 3959
12:42:03 3959
12:42:04 3959
12:42:05 3963
12:42:06 3963
12:42:07 3963
12:42:08 3963
12:42:09 3968
12:42:10 3968
12:42:11 3968
12:42:12 3970
12:42:13 3972
12:42:14 3972
12:42:15 3972
12:42:16 3982
12:42:17 3982
12:42:18 3981
12:42:19 3981
12:42:20 3969
12:42:21 3986
12:42:22 3986
12:42:23 3986
12:42:24 3982
12:42:25 3981
12:42:26 3980
12:42:27 3980
12:42:28 3978
12:42:29 3978
12:42:30 3978
12:42:31 3977
12:42:32 3977
12:42:33 3976
12:42:34 3975
12:42:35 3974
12:42:36 3973
12:42:37 3965
12:42:38 3965
12:42:39 3965
12:42:40 3965
12:42:41 3966
12:42:42 3968
12:42:43 3969
12:42:44 3969
12:42:45 3965
12:42:46 3965
12:42:47 3965
12:42:48 3963
12:42:49 3967
12:42:50 3967
12:42:51 3967
12:42:52 3971
12:42:53 3970
12:42:54 3970
12:42:55 3970
12:42:56 3968
12:42:57 3968
12:42:58 3968
12:42:59 3968
12:43:00 3966
12:43:01 3967
12:43:02 3966
12:43:03 3966
12:43:04 3969
12:43:05 3969
12:43:06 3969
12:43:07 3969
12:43:08 3970
12:43:09 3970
12:43:10 3970
12:43:11 3970
12:43:12 3962
12:43:13 3961
12:43:14 3962
12:43:15 3964
12:43:16 3970
12:43:17 3971
12:43:18 3970
12:43:19 3971
12:43:20 3969
12:43:21 3969
12:43:22 3969
12:43:23 3969
12:43:24 3969
12:43:25 3969
12:43:26 3969
12:43:27 3969
12:43:28 3966
12:43:29 3966
12:43:30 3966
12:43:31 3966
12:43:32 3980
12:43:33 3979
12:43:34 3979
12:43:35 3979
12:43:36 3979
12:43:37 3978
12:43:38 3978
12:43:39 3978
12:43:40 3977
12:43:41 3977
12:43:42 3977
12:43:43 3977
12:43:44 3973
12:43:45 3973
12:43:46 3973
12:43:47 3973
12:43:48 3970
12:43:49 3970
12:43:50 3970
12:43:51 3970
12:43:52 3961
12:43:53 3961
12:43:54 3961
12:43:55 3963
12:43:56 3962
12:43:57 3962
12:43:58 3963
12:43:59 3963
12:44:00 3968
12:44:01 3968
12:44:02 3967
12:44:03 3967
12:44:04 3961
12:44:05 3962
12:44:06 3962
12:44:07 3962
12:44:08 3961
12:44:09 3962
12:44:10 3962
12:44:11 3962
12:44:12 3964
12:44:13 3964
12:44:14 3964
12:44:15 3965
12:44:16 3957
12:44:17 3958
12:44:18 3958
12:44:19 3958
12:44:20 3961
12:44:22 3961
12:44:23 3961
12:44:24 3960
12:44:25 3957
12:44:26 3957
12:44:27 3957
12:44:28 3957
12:44:29 3957
12:44:30 3957
12:44:31 3957
12:44:32 3957
12:44:33 3962
12:44:34 3962
12:44:35 3962
12:44:36 3962
12:44:37 3960
12:44:38 3960
12:44:39 3960
12:44:40 3960
12:44:41 3956
12:44:42 3956
12:44:43 3956
12:44:44 3955
12:44:45 3959
12:44:46 3959
12:44:47 3959
12:44:48 3959
12:44:49 3960
12:44:50 3961
12:44:51 3962
12:44:52 3961
12:44:53 3964
12:44:54 3964
12:44:55 3964
12:44:56 3964
12:44:57 3964
12:44:58 3963
12:44:59 3963
12:45:00 3962
12:45:01 3959
12:45:02 3958
12:45:03 3958
12:45:04 3959
12:45:05 3957
12:45:06 3957
12:45:07 3956
12:45:08 3957
12:45:09 3960
12:45:10 3960
12:45:11 3961
12:45:12 3961
12:45:13 3973
12:45:14 3973
12:45:15 3973
12:45:16 3974
12:45:17 3979
12:45:18 3980
12:45:19 3980
12:45:20 3980
12:45:21 3969
12:45:22 3969
12:45:23 3969
12:45:24 3969
12:45:25 3973
12:45:26 3973
12:45:27 3972
12:45:28 3971
12:45:29 3970
12:45:30 3969
12:45:31 3969
12:45:32 3970
12:45:33 3976
12:45:34 3978
12:45:35 3979
12:45:36 3978
12:45:37 3979
12:45:38 3979
12:45:39 3979
12:45:40 3979
12:45:41 3977
12:45:42 3977
12:45:43 3977
12:45:44 3977
12:45:45 3963
12:45:46 3963
12:45:47 3973
12:45:48 3972
12:45:49 3962
12:45:50 3962
12:45:51 3963
12:45:52 3963
12:45:53 3959
12:45:54 3959
12:45:55 3959
12:45:56 3960
12:45:57 3960
12:45:58 3963
12:45:59 3963
12:46:00 3963
12:46:01 3960
12:46:02 3960
12:46:03 3960
12:46:04 3960
12:46:05 3974
12:46:06 3979
12:46:07 3979
12:46:08 3979
12:46:09 3981
12:46:10 3981
12:46:11 3981
12:46:12 3983
12:46:13 3974
12:46:14 3974
12:46:15 3975
12:46:16 3974
12:46:17 3977
12:46:18 3977
12:46:19 3978
12:46:20 3977
12:46:21 3977
12:46:22 3976
12:46:23 3975
12:46:24 3974
12:46:25 3971
12:46:26 3970
12:46:27 3970
12:46:28 3971
12:46:29 3968
12:46:30 3968
12:46:31 3968
12:46:32 3968
12:46:33 3966
12:46:34 3971
12:46:35 3971
12:46:36 3971
12:46:37 3973
12:46:38 3974
12:46:39 3974
12:46:40 3976
12:46:41 3980
12:46:42 3981
12:46:43 3981
12:46:44 3981
12:46:45 3980
12:46:46 3980
12:46:47 3980
12:46:48 3965
12:46:49 3983
12:46:50 3982
12:46:51 3981
12:46:52 3980
12:46:53 3975
12:46:54 3975
12:46:55 3975
12:46:56 3975
12:46:57 3975
12:46:58 3974
12:46:59 3973
12:47:00 3966
12:47:01 3965
12:47:02 3965
12:47:03 3965
12:47:04 3964
12:47:05 3964
12:47:06 3964
12:47:07 3963
12:47:08 3969
12:47:09 3970
12:47:10 3971
12:47:11 3972
12:47:12 3975
12:47:13 3974
12:47:14 3974
12:47:15 3975
12:47:16 3975
12:47:17 3985
12:47:18 3984
12:47:19 3984
12:47:20 3980
12:47:21 3980
12:47:22 3980
12:47:23 3980
12:47:24 3975
12:47:25 3975
12:47:26 3975
12:47:27 3975
12:47:28 3968
12:47:29 3967
12:47:30 3967
12:47:31 3967
12:47:32 3969
12:47:33 3969
12:47:34 3969
12:47:35 3969
12:47:36 3977
12:47:37 3979
12:47:38 3979
12:47:39 3978
12:47:40 3970
12:47:41 3973
12:47:42 3973
12:47:43 3973
12:47:44 3973
12:47:45 3969
12:47:46 3969
12:47:47 3968
12:47:48 3965
12:47:49 3964
12:47:50 3965
12:47:51 3965
12:47:52 3968
12:47:53 3969
12:47:54 3967
12:47:55 3966
12:47:56 3950
12:47:57 3950
12:47:58 3949
12:47:59 3948
12:48:00 3942
12:48:01 3947
12:48:02 3947
12:48:03 3948
12:48:04 3945
12:48:05 3946
12:48:06 3947
12:48:07 3949
12:48:08 3952
12:48:09 3952
12:48:10 3953
12:48:11 3953
12:48:12 3951
12:48:13 3955
12:48:14 3955
12:48:15 3955
12:48:16 3961
12:48:17 3961
12:48:18 3961
12:48:19 3961
12:48:20 3957
12:48:21 3957
12:48:22 3958
12:48:23 3959
12:48:24 3956
12:48:25 3957
12:48:26 3959
12:48:27 3959
12:48:28 3957
12:48:29 3957
12:48:30 3958
12:48:31 3958
12:48:32 3961
12:48:33 3962
12:48:34 3964
12:48:35 3964
12:48:36 3964
12:48:37 3964
12:48:38 3964
12:48:39 3968
12:48:40 3960
12:48:41 3960
12:48:42 3960
12:48:43 3960
12:48:44 3966
12:48:45 3966
12:48:46 3966
12:48:47 3966
12:48:48 3972
12:48:49 3974
12:48:50 3974
12:48:52 3974
12:48:53 3976
12:48:54 3975
12:48:55 3976
12:48:56 3976
12:48:57 3976
12:48:58 3975
12:48:59 3975
12:49:00 3975
12:49:01 3974
12:49:02 3974
12:49:03 3974
12:49:04 3973
12:49:05 3969
12:49:06 3969
12:49:07 3969
12:49:08 3969
12:49:09 3980
12:49:10 3979
12:49:11 3979
12:49:12 3978
12:49:13 3979
12:49:14 3979
12:49:15 3978
12:49:16 3978
12:49:17 3974
12:49:18 3973
12:49:19 3974
12:49:20 3974
12:49:21 3972
12:49:22 3976
12:49:23 3976
12:49:24 3982
12:49:25 3975
12:49:26 3975
12:49:27 3976
12:49:28 3976
12:49:29 3967
12:49:30 3967
12:49:31 3967
12:49:32 3968
12:49:33 3971
12:49:34 3971
12:49:35 3971
12:49:36 3971
12:49:37 3978
12:49:38 3978
12:49:39 3978
12:49:40 3978
12:49:41 3976
12:49:42 3976
12:49:43 3975
12:49:44 3975
12:49:45 3979
12:49:46 3980
12:49:47 3979
12:49:48 3982
12:49:49 3979
12:49:50 3978
12:49:51 3978
12:49:52 3978
12:49:53 3979
12:49:54 3979
12:49:55 3979
12:49:56 3978
12:49:57 3970
12:49:58 3962
12:49:59 3942
12:50:00 3942
12:50:01 3937
12:50:02 3937
12:50:03 3946
12:50:04 3948
12:50:05 3945
12:50:06 3945
12:50:07 3948
12:50:08 3948
12:50:09 3953
12:50:10 3955
12:50:11 3957
12:50:12 3960
12:50:13 3980
12:50:14 3981
12:50:15 3982
12:50:16 3982
12:50:17 3976
12:50:18 3975
12:50:19 3974
12:50:20 3973
12:50:21 3967
12:50:22 3967
12:50:23 3967
12:50:24 3966
12:50:25 3967
12:50:26 3968
12:50:27 3970
12:50:28 3970
12:50:29 3972
12:50:30 3972
12:50:31 3974
12:50:32 3974
12:50:33 3979
12:50:34 3979
12:50:35 3978
12:50:36 3978
12:50:37 3969
12:50:38 3969
12:50:39 3968
12:50:40 3967
12:50:41 3968
12:50:42 3968
12:50:43 3967
12:50:44 3967
12:50:45 3959
12:50:46 3959
12:50:47 3959
12:50:48 3959
12:50:49 3958
12:50:50 3958
12:50:51 3958
12:50:52 3958
12:50:53 3958
12:50:54 3958
12:50:55 3959
12:50:56 3960
12:50:57 3964
12:50:58 3964
12:50:59 3964
12:51:00 3965
12:51:01 3970
12:51:02 3970
12:51:03 3970
12:51:04 3970
12:51:05 3974
12:51:06 3973
12:51:07 3973
12:51:08 3972
12:51:09 3974
12:51:10 3974
12:51:11 3973
12:51:12 3973
12:51:13 3976
12:51:14 3976
12:51:15 3975
12:51:16 3975
12:51:17 3973
12:51:18 3972
12:51:19 3972
12:51:20 3972
12:51:21 3975
12:51:22 3975
12:51:23 3975
12:51:24 3980
12:51:25 3980
12:51:26 3981
12:51:27 3981
12:51:28 3983
12:51:29 3984
12:51:30 3984
12:51:31 3984
12:51:32 3984
12:51:33 3981
12:51:34 3981
12:51:35 3981
12:51:36 3965
12:51:37 3978
12:51:38 3978
12:51:39 3978
12:51:40 3981
12:51:41 3982
12:51:42 3981
12:51:43 3981
12:51:44 3980
12:51:45 3979
12:51:46 3979
12:51:47 3980
12:51:48 3984
12:51:49 3984
12:51:50 3985
12:51:51 3985
12:51:52 3978
12:51:53 3978
12:51:54 3978
12:51:55 3978
12:51:56 3978
12:51:57 3976
12:51:58 3977
12:51:59 3977
12:52:00 3977
12:52:01 3977
12:52:02 3976
12:52:03 3976
12:52:04 3979
12:52:05 3979
12:52:06 3978
12:52:07 3979
12:52:08 3977
12:52:09 3977
12:52:10 3978
12:52:11 3978
12:52:12 3974
12:52:13 3975
12:52:14 3978
12:52:15 3978
12:52:16 3970
12:52:17 3970
12:52:18 3969
12:52:19 3969
12:52:20 3974
12:52:21 3973
12:52:22 3973
12:52:23 3973
12:52:24 3963
12:52:25 3963
12:52:26 3964
12:52:27 3965
12:52:28 3967
12:52:29 3967
12:52:30 3972
12:52:31 3972
12:52:32 3972
12:52:33 3971
12:52:34 3971
12:52:35 3971
12:52:36 3975
12:52:37 3977
12:52:38 3976
12:52:39 3976
12:52:40 3974
12:52:41 3974
12:52:42 3973
12:52:43 3974
12:52:44 3978
12:52:45 3978
12:52:46 3978
12:52:47 3978
12:52:48 3970
12:52:49 3971
12:52:50 3970
12:52:51 3970
12:52:52 3967
12:52:53 3967
12:52:54 3967
12:52:55 3967
12:52:56 3964
12:52:57 3963
12:52:58 3963
12:52:59 3964
12:53:00 3965
12:53:01 3965
12:53:02 3964
12:53:03 3964
12:53:04 3955
12:53:05 3954
12:53:06 3954
12:53:07 3954
12:53:08 3955
12:53:09 3954
12:53:10 3954
12:53:11 3928
12:53:12 3936
12:53:13 3935
12:53:14 3939
12:53:15 3944
12:53:16 3946
12:53:17 3948
12:53:18 3950
12:53:19 3952
12:53:20 3969
12:53:21 3970
12:53:22 3971
12:53:23 3971
12:53:24 3970
12:53:25 3969
12:53:26 3969
12:53:27 3969
12:53:28 3959
12:53:30 3961
12:53:31 3961
12:53:32 3962
12:53:33 3955
12:53:34 3954
12:53:35 3955
12:53:36 3956
12:53:37 3962
12:53:38 3961
12:53:39 3961
12:53:40 3961
12:53:41 3974
12:53:42 3973
12:53:43 3972
12:53:44 3972
12:53:45 3969
12:53:46 3970
12:53:47 3969
12:53:48 3968
12:53:49 3965
12:53:50 3964
12:53:51 3964
12:53:52 3963
12:53:53 3963
12:53:54 3963
12:53:55 3964
12:53:56 3963
12:53:57 3965
12:53:58 3965
12:53:59 3964
12:54:00 3965
12:54:01 3966
12:54:02 3968
12:54:03 3968
12:54:04 3968
12:54:05 3968
12:54:06 3967
12:54:07 3972
12:54:08 3971
12:54:09 3966
12:54:10 3969
12:54:11 3970
12:54:12 3974
12:54:13 3975
12:54:14 3975
12:54:15 3974
12:54:16 3974
12:54:17 3971
12:54:18 3972
12:54:19 3973
12:54:20 3973
12:54:21 3974
12:54:22 3975
12:54:23 3975
12:54:24 3974
12:54:25 3973
12:54:26 3973
12:54:27 3973
12:54:28 3973
12:54:29 3970
12:54:30 3971
12:54:31 3972
12:54:32 3972
12:54:33 3970
12:54:34 3969
12:54:35 3969
12:54:36 3969
12:54:37 3974
12:54:38 3974
12:54:39 3974
12:54:40 3974
12:54:41 3966
12:54:42 3966
12:54:43 3966
12:54:44 3967
12:54:45 3969
12:54:46 3969
12:54:47 3969
12:54:48 3968
12:54:49 3962
12:54:50 3964
12:54:51 3965
12:54:52 3965
12:54:53 3962
12:54:54 3962
12:54:55 3969
12:54:56 3971
12:54:57 3984
12:54:58 3984
12:54:59 3984
12:55:00 3984
12:55:01 3985
12:55:02 3985
12:55:03 3985
12:55:04 3985
12:55:05 3974
12:55:06 3974
12:55:07 3974
12:55:08 3974
12:55:09 3961
12:55:10 3960
12:55:11 3960
12:55:12 3960
12:55:13 3965
12:55:14 3965
12:55:15 3966
12:55:16 3966
12:55:17 3965
12:55:18 3965
12:55:19 3966
12:55:20 3968
12:55:21 3977
12:55:22 3977
12:55:23 3977
12:55:24 3977
12:55:25 3969
12:55:26 3969
12:55:27 3969
12:55:28 3969
12:55:29 3969
12:55:30 3969
12:55:31 3973
12:55:32 3973
12:55:33 3976
12:55:34 3976
12:55:35 3976
12:55:36 3976
12:55:37 3977
12:55:38 3977
12:55:39 3977
12:55:40 3978
12:55:41 3976
12:55:42 3977
12:55:43 3977
12:55:44 3976
12:55:45 3975
12:55:46 3975
12:55:47 3974
12:55:48 3974
12:55:49 3987
12:55:50 3987
12:55:51 3987
12:55:52 3984
12:55:53 3984
12:55:54 3984
12:55:55 3987
12:55:56 3987
12:55:57 3984
12:55:58 3984
12:55:59 3983
12:56:00 3968
12:56:01 3976
12:56:02 3976
12:56:03 3976
12:56:04 3974
12:56:05 3975
12:56:06 3974
12:56:07 3975
12:56:08 3965
12:56:09 3964
12:56:10 3964
12:56:11 3968
12:56:12 3951
12:56:13 3969
12:56:14 3968
12:56:15 3968
12:56:16 3969
12:56:17 3970
12:56:18 3972
12:56:19 3972
12:56:20 3974
12:56:21 3974
12:56:22 3974
12:56:23 3974
12:56:24 3976
12:56:25 3976
12:56:26 3976
12:56:27 3976
12:56:28 3980
12:56:29 3980
12:56:30 3980
12:56:31 3980
12:56:32 3980
12:56:33 3986
12:56:34 3986
12:56:35 3985
12:56:36 3984
12:56:37 3983
12:56:38 3982
12:56:39 3982
12:56:40 3985
12:56:41 3985
12:56:42 3984
12:56:43 3984
12:56:44 3985
12:56:45 3985
12:56:46 3984
12:56:47 3984
12:56:48 3984
12:56:49 3984
12:56:50 3984
12:56:51 3984
12:56:52 3980
12:56:53 3980
12:56:54 3980
12:56:55 3980
12:56:56 3977
12:56:57 3977
12:56:58 3977
12:56:59 3978
12:57:00 3980
12:57:01 3979
12:57:02 3979
12:57:03 3979
12:57:04 3975
12:57:05 3975
12:57:06 3975
12:57:07 3974
12:57:08 3967
12:57:09 3966
12:57:10 3966
12:57:11 3966
12:57:12 3965
12:57:13 3965
12:57:14 3968
12:57:15 3969
12:57:16 3974
12:57:17 3975
12:57:18 3974
12:57:19 3974
12:57:20 3972
12:57:21 3972
12:57:22 3972
12:57:23 3976
12:57:24 3965
12:57:25 3965
12:57:26 3965
12:57:27 3965
12:57:28 3967
12:57:29 3967
12:57:30 3967
12:57:31 3967
12:57:32 3971
12:57:33 3971
12:57:34 3972
12:57:35 3973
12:57:36 3977
12:57:37 3977
12:57:38 3977
12:57:39 3977
12:57:40 3981
12:57:41 3981
12:57:42 3981
12:57:43 3980
12:57:44 3983
12:57:45 3983
12:57:46 3983
12:57:47 3983
12:57:48 3979
12:57:49 3979
12:57:50 3979
12:57:51 3979
12:57:52 3978
12:57:53 3978
12:57:55 3978
12:57:56 3978
12:57:57 3978
12:57:58 3979
12:57:59 3979
12:58:00 3984
12:58:01 3987
12:58:02 3986
12:58:03 3985
12:58:04 3984
12:58:05 3980
12:58:06 3980
12:58:07 3980
12:58:08 3979
12:58:09 3979
12:58:10 3978
12:58:11 3978
12:58:12 3978
12:58:13 3969
12:58:14 3973
12:58:15 3973
12:58:16 3972
12:58:17 3967
12:58:18 3968
12:58:19 3968
12:58:20 3968
12:58:21 3970
12:58:22 3970
12:58:23 3970
12:58:24 3971
12:58:25 3962
12:58:26 3963
12:58:27 3963
12:58:28 3963
12:58:29 3966
12:58:30 3966
12:58:31 3966
12:58:32 3966
12:58:33 3970
12:58:34 3969
12:58:35 3969
12:58:36 3969
12:58:37 3970
12:58:38 3970
12:58:39 3970
12:58:40 3970
12:58:41 3961
12:58:42 3962
12:58:43 3962
12:58:44 3961
12:58:45 3965
12:58:46 3966
12:58:47 3968
12:58:48 3966
12:58:49 3970
12:58:50 3971
12:58:51 3975
12:58:52 3975
12:58:53 3970
12:58:54 3970
12:58:55 3970
12:58:56 3971
12:58:57 3969
12:58:58 3970
12:58:59 3971
12:59:00 3971
12:59:01 3974
12:59:02 3973
12:59:03 3973
12:59:04 3973
12:59:05 3966
12:59:06 3968
12:59:07 3969
12:59:08 3970
12:59:09 3959
12:59:10 3961
12:59:11 3961
12:59:12 3961
12:59:13 3960
12:59:14 3961
12:59:15 3960
12:59:16 3961
12:59:17 3953
12:59:18 3953
12:59:19 3955
12:59:20 3958
12:59:21 3960
12:59:22 3961
12:59:23 3961
12:59:24 3960
12:59:25 3956
12:59:26 3956
12:59:27 3955
12:59:28 3956
12:59:29 3949
12:59:30 3949
12:59:31 3949
12:59:32 3950
12:59:33 3952
12:59:34 3954
12:59:35 3954
12:59:36 3958
12:59:37 3956
12:59:38 3955
12:59:39 3957
12:59:40 3957
12:59:41 3953
12:59:42 3955
12:59:43 3955
12:59:44 3955
12:59:45 3951
12:59:46 3952
12:59:47 3955
12:59:48 3955
12:59:49 3956
12:59:50 3956
12:59:51 3956
12:59:52 3956
12:59:53 3957
12:59:54 3957
12:59:55 3957
12:59:56 3957
12:59:57 3957
12:59:58 3957
12:59:59 3957
13:00:00 3957
13:00:01 3956
13:00:02 3956
13:00:03 3956
13:00:04 3956
13:00:05 3949
13:00:06 3949
13:00:07 3949
13:00:08 3950
13:00:09 3953
13:00:10 3954
13:00:11 3954
13:00:12 3939
13:00:13 3960
13:00:14 3960
13:00:15 3960
13:00:16 3945
13:00:17 3961
13:00:18 3961
13:00:19 3961
13:00:20 3961
13:00:21 3972
13:00:22 3972
13:00:23 3972
13:00:24 3972
13:00:25 3963
13:00:26 3963
13:00:27 3964
13:00:28 3967
13:00:29 3967
13:00:30 3967
13:00:31 3966
13:00:32 3966
13:00:33 3969
13:00:34 3969
13:00:35 3968
13:00:36 3968
13:00:37 3972
13:00:38 3973
13:00:39 3974
13:00:40 3967
13:00:41 3967
13:00:42 3967
13:00:43 3967
13:00:44 3952
13:00:45 3965
13:00:46 3965
13:00:47 3965
13:00:48 3966
13:00:49 3966
13:00:50 3966
13:00:51 3966
13:00:52 3963
13:00:53 3963
13:00:54 3963
13:00:55 3962
13:00:56 3955
13:00:57 3954
13:00:58 3954
13:00:59 3957
13:01:00 3958
13:01:01 3960
13:01:02 3961
13:01:03 3962
13:01:04 3965
13:01:05 3965
13:01:06 3965
13:01:07 3965
13:01:08 3965
13:01:09 3959
13:01:10 3959
13:01:11 3959
13:01:12 3955
13:01:13 3955
13:01:14 3955
13:01:15 3956
13:01:16 3958
13:01:17 3957
13:01:18 3957
13:01:19 3956
13:01:20 3947
13:01:21 3947
13:01:22 3948
13:01:23 3949
13:01:24 3961
13:01:25 3961
13:01:26 3961
13:01:27 3961
13:01:28 3957
13:01:29 3958
13:01:30 3958
13:01:31 3958
13:01:32 3964
13:01:33 3964
13:01:34 3964
13:01:35 3963
13:01:36 3963
13:01:37 3962
13:01:38 3962
13:01:39 3961
13:01:40 3963
13:01:41 3963
13:01:42 3963
13:01:43 3963
13:01:44 3926
13:01:45 3928
13:01:46 3916
13:01:47 3882
13:01:48 3798
13:01:49 3826
13:01:50 3785
13:01:51 3775
13:01:52 3737
13:01:53 3755
13:01:54 3776
13:01:55 3813
13:01:56 3821
13:01:57 3818
13:01:58 3820
13:01:59 3827
13:02:00 3821
13:02:01 3813
13:02:02 3828
13:02:03 3841
13:02:04 3842
13:02:05 3870
13:02:06 3871
13:02:07 3902
13:02:08 3897
13:02:09 3893
13:02:10 3890
13:02:11 3903
13:02:13 3893
13:02:14 3888
13:02:15 3910
13:02:16 3905
13:02:17 3888
13:02:18 3910
13:02:19 3893
13:02:20 3889
13:02:21 3879
13:02:22 3874
13:02:23 3872
13:02:24 3873
13:02:25 3879
13:02:26 3892
13:02:27 3883
13:02:28 3878
13:02:29 3861
13:02:30 3862
13:02:31 3866
13:02:32 3845
13:02:33 3859
13:02:34 3861
13:02:35 3865
13:02:36 3878
13:02:37 3903
13:02:38 3904
13:02:39 3907
13:02:40 3910
13:02:41 3917
13:02:42 3919
13:02:43 3922
13:02:44 3925
13:02:45 3932
13:02:46 3934
13:02:47 3936
13:02:48 3939
13:02:49 3936
13:02:50 3937
13:02:51 3938
13:02:52 3938
13:02:53 3945
13:02:54 3945
13:02:55 3953
13:02:56 3953
13:02:57 3949
13:02:58 3948
13:02:59 3949
13:03:00 3954
13:03:01 3955
13:03:02 3955
13:03:03 3955
13:03:04 3955
13:03:05 3962
13:03:06 3962
13:03:07 3962
13:03:08 3962
13:03:09 3970
13:03:10 3971
13:03:11 3970
13:03:12 3970
13:03:13 3974
13:03:14 3974
13:03:15 3974
13:03:16 3975
13:03:17 3975
13:03:18 3975
13:03:19 3979
13:03:20 3979
13:03:21 3975
13:03:22 3975
13:03:23 3975
13:03:24 3975
13:03:25 3972
13:03:26 3972
13:03:27 3972
13:03:28 3972
13:03:29 3961
13:03:30 3961
13:03:31 3960
13:03:32 3960
13:03:33 3957
13:03:34 3957
13:03:35 3956
13:03:36 3957
13:03:37 3959
13:03:38 3959
13:03:39 3959
13:03:40 3958
13:03:41 3952
13:03:42 3954
13:03:43 3954
13:03:44 3955
13:03:45 3953
13:03:46 3953
13:03:47 3952
13:03:48 3952
13:03:49 3954
13:03:50 3955
13:03:51 3963
13:03:52 3963
13:03:53 3965
13:03:54 3965
13:03:55 3966
13:03:56 3966
13:03:57 3950
13:03:58 3950
13:03:59 3952
13:04:00 3953
13:04:01 3952
13:04:02 3954
13:04:03 3955
13:04:04 3957
13:04:05 3968
13:04:06 3968
13:04:07 3969
13:04:08 3968
13:04:09 3972
13:04:10 3942
13:04:11 3941
13:04:12 3945
13:04:13 3948
13:04:14 3948
13:04:15 3951
13:04:16 3950
13:04:17 3952
13:04:18 3953
13:04:19 3955
13:04:20 3955
13:04:21 3954
13:04:22 3955
13:04:23 3956
13:04:24 3942
13:04:25 3943
13:04:26 3945
13:04:27 3946
13:04:28 3944
13:04:29 3945
13:04:30 3944
13:04:31 3948
13:04:32 3950
13:04:33 3953
13:04:34 3952
13:04:35 3955
13:04:36 3955
13:04:37 3953
13:04:38 3952
13:04:39 3952
13:04:40 3949
13:04:41 3949
13:04:42 3948
13:04:43 3948
13:04:44 3946
13:04:45 3947
13:04:46 3947
13:04:47 3948
13:04:48 3933
13:04:49 3949
13:04:50 3949
13:04:51 3949
13:04:52 3950
13:04:53 3950
13:04:54 3950
13:04:55 3950
13:04:56 3950
13:04:57 3950
13:04:58 3950
13:04:59 3949
13:05:00 3949
13:05:01 3939
13:05:02 3939
13:05:03 3941
13:05:04 3939
13:05:05 3939
13:05:06 3939
13:05:07 3939
13:05:08 3936
13:05:09 3936
13:05:10 3936
13:05:11 3937
13:05:12 3944
13:05:13 3946
13:05:14 3946
13:05:15 3946
13:05:16 3949
13:05:17 3950
13:05:18 3950
13:05:19 3951
13:05:20 3951
13:05:21 3951
13:05:22 3951
13:05:23 3951
13:05:24 3950
13:05:25 3949
13:05:26 3949
13:05:27 3949
13:05:28 3948
13:05:29 3948
13:05:30 3948
13:05:31 3948
13:05:32 3960
13:05:33 3959
13:05:34 3959
13:05:35 3958
13:05:36 3967
13:05:37 3967
13:05:38 3967
13:05:39 3966
13:05:40 3957
13:05:41 3959
13:05:42 3959
13:05:43 3961
13:05:44 3951
13:05:45 3952
13:05:46 3952
13:05:47 3952
13:05:48 3951
13:05:49 3951
13:05:50 3951
13:05:51 3951
13:05:52 3951
13:05:53 3951
13:05:54 3951
13:05:55 3952
13:05:56 3958
13:05:57 3957
13:05:58 3957
13:05:59 3956
13:06:00 3954
13:06:01 3953
13:06:02 3952
13:06:03 3952
13:06:04 3951
13:06:05 3951
13:06:06 3950
13:06:07 3950
13:06:08 3947
13:06:09 3948
13:06:10 3947
13:06:11 3947
13:06:12 3951
13:06:13 3951
13:06:14 3951
13:06:15 3951
13:06:16 3947
13:06:17 3955
13:06:18 3955
13:06:20 3954
13:06:21 3951
13:06:22 3951
13:06:23 3951
13:06:24 3952
13:06:25 3948
13:06:26 3952
13:06:27 3952
13:06:28 3952
13:06:29 3950
13:06:30 3950
13:06:31 3950
13:06:32 3950
13:06:33 3961
13:06:34 3961
13:06:35 3961
13:06:36 3962
13:06:37 3963
13:06:38 3964
13:06:39 3964
13:06:40 3964
13:06:41 3961
13:06:42 3961
13:06:43 3961
13:06:44 3961
13:06:45 3964
13:06:46 3963
13:06:47 3964
13:06:48 3963
13:06:49 3963
13:06:50 3963
13:06:51 3963
13:06:52 3962
13:06:53 3955
13:06:54 3955
13:06:55 3957
13:06:56 3958
13:06:57 3961
13:06:58 3962
13:06:59 3962
13:07:00 3963
13:07:01 3959
13:07:02 3959
13:07:03 3960
13:07:04 3959
13:07:05 3969
13:07:06 3969
13:07:07 3969
13:07:08 3969
13:07:09 3966
13:07:10 3966
13:07:11 3966
13:07:12 3966
13:07:13 3972
13:07:14 3971
13:07:15 3971
13:07:16 3972
13:07:17 3970
13:07:18 3972
13:07:19 3972
13:07:20 3971
13:07:21 3978
13:07:22 3978
13:07:23 3977
13:07:24 3978
13:07:25 3974
13:07:26 3975
13:07:27 3973
13:07:28 3973
13:07:29 3972
13:07:30 3972
13:07:31 3972
13:07:32 3972
13:07:33 3965
13:07:34 3965
13:07:35 3965
13:07:36 3966
13:07:37 3959
13:07:38 3960
13:07:39 3960
13:07:40 3960
13:07:41 3959
13:07:42 3959
13:07:43 3962
13:07:44 3963
13:07:45 3970
13:07:46 3970
13:07:47 3971
13:07:48 3971
13:07:49 3965
13:07:50 3965
13:07:51 3966
13:07:52 3968
13:07:53 3959
13:07:54 3959
13:07:55 3959
13:07:56 3959
13:07:57 3957
13:07:58 3957
13:07:59 3957
13:08:00 3957
13:08:01 3958
13:08:02 3957
13:08:03 3957
13:08:04 3957
13:08:05 3961
13:08:06 3961
13:08:07 3961
13:08:08 3961
13:08:09 3962
13:08:10 3962
13:08:11 3962
13:08:12 3962
13:08:13 3967
13:08:14 3968
13:08:15 3968
13:08:16 3968
13:08:17 3966
13:08:18 3966
13:08:19 3966
13:08:20 3966
13:08:21 3972
13:08:22 3972
13:08:23 3972
13:08:24 3971
13:08:25 3969
13:08:26 3969
13:08:27 3971
13:08:28 3971
13:08:29 3970
13:08:30 3970
13:08:31 3970
13:08:32 3970
13:08:33 3978
13:08:34 3978
13:08:35 3978
13:08:36 3978
13:08:37 3983
13:08:38 3984
13:08:39 3983
13:08:40 3983
13:08:41 3983
13:08:42 3982
13:08:43 3982
13:08:44 3982
13:08:45 3980
13:08:46 3980
13:08:47 3979
13:08:48 3979
13:08:49 3983
13:08:50 3983
13:08:51 3983
13:08:52 3966
13:08:53 3967
13:08:54 3967
13:08:55 3967
13:08:56 3965
13:08:57 3965
13:08:58 3966
13:08:59 3967
13:09:00 3962
13:09:01 3964
13:09:02 3965
13:09:03 3967
13:09:04 3960
13:09:05 3960
13:09:06 3960
13:09:07 3961
13:09:08 3971
13:09:09 3972
13:09:10 3972
13:09:11 3972
13:09:12 3973
13:09:13 3978
13:09:14 3979
13:09:15 3983
13:09:16 3977
13:09:17 3981
13:09:18 3980
13:09:19 3980
13:09:20 3972
13:09:21 3972
13:09:22 3973
13:09:23 3972
13:09:24 3982
13:09:25 3981
13:09:26 3981
13:09:27 3981
13:09:28 3983
13:09:29 3983
13:09:30 3982
13:09:31 3982
13:09:32 3980
13:09:33 3980
13:09:34 3980
13:09:35 3981
13:09:36 3965
13:09:37 3974
13:09:38 3974
13:09:39 3974
13:09:40 3960
13:09:41 3960
13:09:42 3960
13:09:43 3960
13:09:44 3960
13:09:45 3960
13:09:46 3960
13:09:47 3960
13:09:48 3967
13:09:49 3968
13:09:50 3968
13:09:51 3969
13:09:52 3961
13:09:53 3961
13:09:54 3961
13:09:55 3962
13:09:56 3968
13:09:57 3969
13:09:58 3969
13:09:59 3971
13:10:00 3976
13:10:01 3976
13:10:02 3978
13:10:03 3978
13:10:04 3978
13:10:05 3980
13:10:06 3981
13:10:07 3980
13:10:08 3975
13:10:09 3975
13:10:10 3975
13:10:11 3975
13:10:12 3973
13:10:13 3973
13:10:14 3972
13:10:15 3973
13:10:16 3971
13:10:17 3971
13:10:18 3971
13:10:19 3971
13:10:20 3963
13:10:21 3962
13:10:22 3965
13:10:23 3973
13:10:24 3976
13:10:25 3975
13:10:26 3975
13:10:27 3974
13:10:28 3972
13:10:29 3972
13:10:30 3972
13:10:31 3971
13:10:32 3973
13:10:33 3973
13:10:34 3973
13:10:35 3974
13:10:36 3974
13:10:37 3974
13:10:38 3973
13:10:39 3973
13:10:40 3965
13:10:41 3964
13:10:42 3963
13:10:43 3964
13:10:45 3960
13:10:46 3960
13:10:47 3960
13:10:48 3960
13:10:49 3963
13:10:50 3963
13:10:51 3964
13:10:52 3964
13:10:53 3962
13:10:54 3962
13:10:55 3962
13:10:56 3962
13:10:57 3946
13:10:58 3948
13:10:59 3947
13:11:00 3949
13:11:01 3941
13:11:02 3942
13:11:03 3944
13:11:04 3945
13:11:05 3956
13:11:06 3957
13:11:07 3957
13:11:08 3957
13:11:09 3962
13:11:10 3962
13:11:11 3961
13:11:12 3961
13:11:13 3961
13:11:14 3962
13:11:15 3962
13:11:16 3962
13:11:17 3958
13:11:18 3957
13:11:19 3957
13:11:20 3957
13:11:21 3949
13:11:22 3949
13:11:23 3949
13:11:24 3950
13:11:25 3951
13:11:26 3950
13:11:27 3950
13:11:28 3950
13:11:29 3949
13:11:30 3951
13:11:31 3951
13:11:32 3952
13:11:33 3960
13:11:34 3960
13:11:35 3963
13:11:36 3966
13:11:37 3967
13:11:38 3966
13:11:39 3967
13:11:40 3967
13:11:41 3963
13:11:42 3963
13:11:43 3962
13:11:44 3962
13:11:45 3965
13:11:46 3965
13:11:47 3965
13:11:48 3965
13:11:49 3975
13:11:50 3975
13:11:51 3976
13:11:52 3976
13:11:53 3976
13:11:54 3976
13:11:55 3976
13:11:56 3980
13:11:57 3978
13:11:58 3978
13:11:59 3978
13:12:00 3978
13:12:01 3972
13:12:02 3972
13:12:03 3972
13:12:04 3972
13:12:05 3971
13:12:06 3971
13:12:07 3971
13:12:08 3971
13:12:09 3976
13:12:10 3975
13:12:11 3975
13:12:12 3975
13:12:13 3972
13:12:14 3973
13:12:15 3974
13:12:16 3974
13:12:17 3966
13:12:18 3968
13:12:19 3969
13:12:20 3969
13:12:21 3983
13:12:22 3983
13:12:23 3983
13:12:24 3982
13:12:25 3979
13:12:26 3979
13:12:27 3979
13:12:28 3978
13:12:29 3981
13:12:30 3981
13:12:31 3981
13:12:32 3981
13:12:33 3983
13:12:34 3983
13:12:35 3954
13:12:36 3954
13:12:37 3956
13:12:38 3960
13:12:39 3959
13:12:40 3959
13:12:41 3960
13:12:42 3960
13:12:43 3959
13:12:44 3961
13:12:45 3963
13:12:46 3963
13:12:47 3963
13:12:48 3963
13:12:49 3958
13:12:50 3957
13:12:51 3958
13:12:52 3959
13:12:53 3973
13:12:54 3974
13:12:55 3975
13:12:56 3976
13:12:57 3974
13:12:58 3973
13:12:59 3973
13:13:00 3884
13:13:01 3899
13:13:02 3911
13:13:03 3889
13:13:04 3890
13:13:05 3897
13:13:06 3896
13:13:07 3869
13:13:08 3927
13:13:09 3837
13:13:10 3791
13:13:11 3779
13:13:12 3766
13:13:13 3777
13:13:14 3719
13:13:15 3702
13:13:16 3746
13:13:17 3750
13:13:18 3763
13:13:19 3775
13:13:20 3805
13:13:21 3816
13:13:22 3832
13:13:23 3846
13:13:24 3860
13:13:25 3887
13:13:26 3892
13:13:27 3902
13:13:28 3914
13:13:29 3973
13:13:30 3985
13:13:31 3991
13:13:32 3998
13:13:33 4004
13:13:34 4007
13:13:35 4011
13:13:36 4025
13:13:37 4027
13:13:38 4029
13:13:39 4029
13:13:40 4031
13:13:41 4030
13:13:42 4033
13:13:43 4037
13:13:44 4047
13:13:45 4047
13:13:46 4047
13:13:47 4047
13:13:48 4043
13:13:49 4040
13:13:50 4039
13:13:51 4040
13:13:52 4031
13:13:53 4030
13:13:54 4034
13:13:55 4034
13:13:56 4031
13:13:57 4035
13:13:58 4037
13:13:59 4041
13:14:00 4041
13:14:01 4043
13:14:02 4045
13:14:03 4045
13:14:04 4040
13:14:05 4039
13:14:06 4040
13:14:07 4039
13:14:08 4047
13:14:09 4049
13:14:10 4051
13:14:11 4057
13:14:12 4054
13:14:13 4054
13:14:14 4054
13:14:15 4054
13:14:16 3937
13:14:17 3938
13:14:18 3909
13:14:19 3898
13:14:20 3914
13:14:21 3921
13:14:22 3929
13:14:23 3944
13:14:24 3957
13:14:25 3969
13:14:26 3974
13:14:27 3920
13:14:28 3943
13:14:29 3947
13:14:30 3942
13:14:31 3947
13:14:32 3972
13:14:33 3978
13:14:34 3984
13:14:35 3991
13:14:36 3992
13:14:37 3999
13:14:38 4003
13:14:39 4003
13:14:40 4017
13:14:41 4018
13:14:42 4020
13:14:43 4020
13:14:44 4026
13:14:45 4030
13:14:46 4030
13:14:47 4030
13:14:48 4035
13:14:49 4035
13:14:50 4035
13:14:51 4035
13:14:52 4035
13:14:53 4035
13:14:54 4035
13:14:55 4035
13:14:56 4046
13:14:57 4046
13:14:58 4046
13:14:59 4046
13:15:00 4041
13:15:01 4041
13:15:02 4040
13:15:03 4040
13:15:04 4037
13:15:05 4037
13:15:06 4032
13:15:08 4039
13:15:09 4046
13:15:10 4050
13:15:11 4050
13:15:12 4050
13:15:13 4048
13:15:14 4047
13:15:15 4048
13:15:16 4047
13:15:17 4041
13:15:18 4041
13:15:19 4042
13:15:20 4044
13:15:21 4041
13:15:22 4041
13:15:23 4041
13:15:24 4042
13:15:25 4034
13:15:26 4034
13:15:27 4034
13:15:28 4036
13:15:29 4033
13:15:30 4035
13:15:31 4037
13:15:32 4037
13:15:33 4043
13:15:34 4043
13:15:35 4043
13:15:36 4045
13:15:37 4041
13:15:38 4041
13:15:39 4041
13:15:40 4041
13:15:41 4041
13:15:42 4041
13:15:43 4040
13:15:44 4040
13:15:45 4040
13:15:46 4042
13:15:47 4042
13:15:48 4046
13:15:49 4046
13:15:50 4045
13:15:51 4045
13:15:52 4047
13:15:53 4047
13:15:54 4047
13:15:55 4046
13:15:56 4045
13:15:57 4044
13:15:58 4048
13:15:59 4047
13:16:00 4047
13:16:01 4047
13:16:02 4047
13:16:03 4047
13:16:04 4047
13:16:05 4047
13:16:06 4046
13:16:07 4047
13:16:08 4047
13:16:09 4046
13:16:10 4049
13:16:11 4049
13:16:12 4049
13:16:13 4049
13:16:14 4049
13:16:15 4048
13:16:16 4048
13:16:17 4062
13:16:18 4061
13:16:19 4060
13:16:20 4060
13:16:21 4059
13:16:22 4059
13:16:23 4059
13:16:24 4059
13:16:25 4062
13:16:26 4062
13:16:27 4062
13:16:28 4062
13:16:29 4064
13:16:30 4064
13:16:31 4064
13:16:32 4064
13:16:33 4059
13:16:34 4059
13:16:35 4059
13:16:36 4059
13:16:37 4058
13:16:38 4058
13:16:39 4058
13:16:40 4058
13:16:41 4058
13:16:42 4054
13:16:43 4054
13:16:44 4054
13:16:45 4056
13:16:46 4056
13:16:47 4056
13:16:48 4056
13:16:49 4059
13:16:50 4057
13:16:51 4057
13:16:52 4056
13:16:53 4059
13:16:54 4060
13:16:55 4061
13:16:56 4062
13:16:57 4062
13:16:58 4062
13:16:59 4062
13:17:00 4062
13:17:01 4064
13:17:02 4064
13:17:03 4064
13:17:04 4064
13:17:05 4062
13:17:06 4062
13:17:07 4063
13:17:08 4062
13:17:09 4057
13:17:10 4060
13:17:11 4060
13:17:12 4062
13:17:13 4054
13:17:14 4053
13:17:15 4054
13:17:16 4054
13:17:17 4056
13:17:18 4057
13:17:19 4058
13:17:20 4058
13:17:21 4066
13:17:22 4065
13:17:23 4065
13:17:24 4065
13:17:25 4067
13:17:26 4067
13:17:27 4066
13:17:28 4067
13:17:29 4069
13:17:30 4069
13:17:31 4069
13:17:32 4069
13:17:33 4066
13:17:34 4065
13:17:35 4066
13:17:36 4066
13:17:37 4066
13:17:38 4066
13:17:39 4066
13:17:40 4057
13:17:41 4066
13:17:42 4065
13:17:43 4065
13:17:44 4069
13:17:45 4069
13:17:46 4069
13:17:47 4061
13:17:48 4061
13:17:49 4061
13:17:50 4062
13:17:51 4062
13:17:52 4055
13:17:53 4053
13:17:54 4051
13:17:55 4035
13:17:56 4036
13:17:57 4037
13:17:58 4037
13:17:59 4042
13:18:00 4042
13:18:01 4043
13:18:02 4043
13:18:03 4042
13:18:04 4042
13:18:05 4046
13:18:06 4046
13:18:07 4045
13:18:08 4047
13:18:09 4048
13:18:10 4050
13:18:11 4051
13:18:12 4051
13:18:13 4051
13:18:14 4051
13:18:15 4051
13:18:16 4051
13:18:17 4052
13:18:18 4052
13:18:19 4052
13:18:20 4052
13:18:21 4052
13:18:22 4052
13:18:23 4052
13:18:24 4051
13:18:25 4047
13:18:26 4047
13:18:27 4046
13:18:28 4046
13:18:29 4038
13:18:30 4040
13:18:31 4040
13:18:32 4038
13:18:33 4037
13:18:34 4037
13:18:35 4037
13:18:36 4037
13:18:37 4039
13:18:38 4038
13:18:39 4038
13:18:40 4038
13:18:41 4042
13:18:42 4044
13:18:43 4044
13:18:44 4044
13:18:45 4044
13:18:46 4044
13:18:47 4044
13:18:48 4043
13:18:49 4044
13:18:50 4044
13:18:51 4044
13:18:52 4044
13:18:53 4029
13:18:54 4032
13:18:55 4036
13:18:56 4037
13:18:57 4041
13:18:58 4043
13:18:59 4045
13:19:00 4046
13:19:01 4046
13:19:02 4049
13:19:03 4049
13:19:04 4049
13:19:05 4049
13:19:06 4049
13:19:07 4050
13:19:08 4050
13:19:09 4048
13:19:10 4049
13:19:11 4050
13:19:12 4056
13:19:13 4056
13:19:14 4056
13:19:15 4055
13:19:16 4055
13:19:17 4057
13:19:18 4057
13:19:19 4056
13:19:20 4056
13:19:21 4057
13:19:22 4057
13:19:23 4056
13:19:24 4056
13:19:25 4048
13:19:26 4049
13:19:27 4050
13:19:28 4042
13:19:29 4042
13:19:31 4042
13:19:32 4042
13:19:33 4049
13:19:34 4049
13:19:35 4049
13:19:36 4048
13:19:37 4048
13:19:38 4056
13:19:39 4057
13:19:40 4058
13:19:41 4068
13:19:42 4068
13:19:43 4068
13:19:44 4068
13:19:45 4068
13:19:46 4067
13:19:47 4067
13:19:48 4067
13:19:49 4067
13:19:50 4067
13:19:51 4067
13:19:52 4069
13:19:53 4074
13:19:54 4073
13:19:55 4073
13:19:56 4073
13:19:57 4073
13:19:58 4073
13:19:59 4073
13:20:00 4073
13:20:01 4057
13:20:02 4070
13:20:03 4070
13:20:04 4070
13:20:05 4066
13:20:06 4066
13:20:07 4066
13:20:08 4067
13:20:09 4054
13:20:10 4061
13:20:11 4061
13:20:12 4061
13:20:13 4061
13:20:14 4071
13:20:15 4070
13:20:16 4070
13:20:17 4067
13:20:18 4066
13:20:19 4067
13:20:20 4067
13:20:21 4065
13:20:22 4064
13:20:23 4063
13:20:24 4063
13:20:25 4060
13:20:26 4059
13:20:27 4059
13:20:28 4058
13:20:29 4059
13:20:30 4059
13:20:31 4059
13:20:32 4059
13:20:33 4061
13:20:34 4061
13:20:35 4061
13:20:36 4061
13:20:37 4061
13:20:38 4061
13:20:39 4059
13:20:40 4059
13:20:41 4059
13:20:42 4058
13:20:43 4058
13:20:44 4058
13:20:45 4056
13:20:46 4055
13:20:47 4055
13:20:48 4056
13:20:49 4040
13:20:50 4042
13:20:51 4044
13:20:52 4046
13:20:53 4048
13:20:54 4050
13:20:55 4048
13:20:56 4049
13:20:57 4049
13:20:58 4049
13:20:59 4051
13:21:00 4051
13:21:01 4051
13:21:02 4051
13:21:03 4040
13:21:04 4041
13:21:05 4041
13:21:06 4041
13:21:07 4032
13:21:08 4032
13:21:09 4032
13:21:10 4032
13:21:11 4030
13:21:12 4030
13:21:13 4031
13:21:14 4035
13:21:15 4035
13:21:16 4036
13:21:17 4036
13:21:18 4037
13:21:19 4040
13:21:20 4041
13:21:21 4042
13:21:22 4042
13:21:23 4042
13:21:24 4042
13:21:25 4041
13:21:26 4040
13:21:27 4032
13:21:28 4032
13:21:29 4031
13:21:30 4030
13:21:31 4026
13:21:32 4026
13:21:33 4026
13:21:34 4027
13:21:35 4026
13:21:36 4028
13:21:37 4029
13:21:38 4029
13:21:39 4028
13:21:40 4028
13:21:41 4028
13:21:42 4028
13:21:43 4028
13:21:44 4029
13:21:45 4029
13:21:46 4030
13:21:47 4023
13:21:48 4023
13:21:49 4023
13:21:50 4024
13:21:51 4021
13:21:52 4023
13:21:53 4023
13:21:54 4026
13:21:55 4029
13:21:56 4031
13:21:57 4031
13:21:58 4031
13:21:59 4034
13:22:00 4035
13:22:01 4037
13:22:02 4038
13:22:03 4038
13:22:04 4037
13:22:05 4036
13:22:06 4035
13:22:07 4035
13:22:08 4038
13:22:09 4038
13:22:10 4038
13:22:11 4038
13:22:12 4047
13:22:13 4047
13:22:14 4046
13:22:15 4049
13:22:16 4048
13:22:17 4047
13:22:18 4047
13:22:19 4045
13:22:20 4045
13:22:21 4048
13:22:22 4049
13:22:23 4048
13:22:24 4049
13:22:25 4049
13:22:26 4049
13:22:27 4049
13:22:28 4049
13:22:29 4048
13:22:30 4049
13:22:31 4049
13:22:32 4049
13:22:33 4045
13:22:34 4045
13:22:35 4046
13:22:36 4045
13:22:37 4044
13:22:38 4044
13:22:39 4044
13:22:40 4044
13:22:41 4043
13:22:42 4043
13:22:43 4043
13:22:44 4042
13:22:45 4042
13:22:46 4044
13:22:47 4045
13:22:48 4044
13:22:49 4044
13:22:50 4044
13:22:51 4044
13:22:52 4044
13:22:53 4042
13:22:54 4043
13:22:55 4042
13:22:56 4042
13:22:57 4026
13:22:58 4037
13:22:59 4038
13:23:00 4038
13:23:01 4040
13:23:02 4040
13:23:03 4040
13:23:04 4040
13:23:05 4043
13:23:06 4043
13:23:07 4043
13:23:08 4043
13:23:09 4047
13:23:10 4048
13:23:11 4048
13:23:12 4048
13:23:13 4048
13:23:14 4048
13:23:15 4049
13:23:16 4053
13:23:17 4053
13:23:18 4053
13:23:19 4053
13:23:20 4053
13:23:21 4053
13:23:22 4049
13:23:23 4049
13:23:24 4049
13:23:25 4049
13:23:26 4050
13:23:27 4060
13:23:28 4060
13:23:29 4060
13:23:30 4062
13:23:31 4062
13:23:32 4061
13:23:33 4061
13:23:34 4064
13:23:35 4058
13:23:36 4058
13:23:37 4058
13:23:38 4057
13:23:39 4057
13:23:40 4056
13:23:41 4055
13:23:42 4052
13:23:43 4051
13:23:44 4051
13:23:45 4050
13:23:46 4050
13:23:47 4048
13:23:48 4048
13:23:49 4050
13:23:50 4051
13:23:51 4043
13:23:52 4046
13:23:53 4047
13:23:54 4048
13:23:55 4038
13:23:56 4039
13:23:57 4039
13:23:59 4038
13:24:00 4039
13:24:01 4038
13:24:02 4038
13:24:03 4038
13:24:04 4037
13:24:05 4037
13:24:06 4036
13:24:07 4038
13:24:08 4036
13:24:09 4036
13:24:10 4036
13:24:11 4038
13:24:12 4038
13:24:13 4038
13:24:14 4038
13:24:15 4037
13:24:16 4039
13:24:17 4041
13:24:18 4042
13:24:19 4038
13:24:20 4038
13:24:21 4038
13:24:22 4038
13:24:23 4043
13:24:24 4043
13:24:25 4044
13:24:26 4045
13:24:27 4049
13:24:28 4048
13:24:29 4048
13:24:30 4048
13:24:31 4048
13:24:32 4049
13:24:33 4050
13:24:34 4049
13:24:35 4049
13:24:36 4049
13:24:37 4049
13:24:38 4049
13:24:39 4049
13:24:40 4049
13:24:41 4048
13:24:42 4053
13:24:43 4053
13:24:44 4055
13:24:45 4056
13:24:46 4056
13:24:47 4054
13:24:48 4055
13:24:49 4055
13:24:50 4055
13:24:51 4054
13:24:52 4054
13:24:53 4054
13:24:54 4054
13:24:55 4054
13:24:56 4054
13:24:57 4054
13:24:58 4053
13:24:59 4052
13:25:00 4053
13:25:01 4055
13:25:02 4054
13:25:03 4058
13:25:04 4056
13:25:05 4056
13:25:06 4055
13:25:07 4052
13:25:08 4051
13:25:09 4051
13:25:10 4051
13:25:11 4050
13:25:12 4054
13:25:13 4055
13:25:14 4056
13:25:15 4062
13:25:16 4061
13:25:17 4060
13:25:18 4060
13:25:19 4060
13:25:20 4057
13:25:21 4057
13:25:22 4057
13:25:23 4057
13:25:24 4054
13:25:25 4054
13:25:26 4055
13:25:27 4055
13:25:28 4055
13:25:29 4040
13:25:30 4056
13:25:31 4057
13:25:32 4057
13:25:33 4057
13:25:34 4056
13:25:35 4057
13:25:36 4058
13:25:37 4056
13:25:38 4056
13:25:39 4056
13:25:40 4055
13:25:41 4052
13:25:42 4052
13:25:43 4051
13:25:44 4051
13:25:45 4050
13:25:46 4050
13:25:47 4053
13:25:48 4054
13:25:49 4053
13:25:50 4052
13:25:51 4052
13:25:52 4052
13:25:53 4051
13:25:54 4051
13:25:55 4049
13:25:56 4049
13:25:57 4050
13:25:58 4050
13:25:59 4049
13:26:00 4049
13:26:01 4043
13:26:02 4042
13:26:03 4042
13:26:04 4042
13:26:05 4042
13:26:06 4035
13:26:07 4035
13:26:08 4035
13:26:09 4041
13:26:10 4044
13:26:11 4045
13:26:12 4046
13:26:13 4045
13:26:14 4044
13:26:15 4044
13:26:16 4043
13:26:17 4044
13:26:18 4053
13:26:19 4053
13:26:20 4053
13:26:21 4051
13:26:22 4051
13:26:23 4051
13:26:24 4051
13:26:25 4054
13:26:26 4053
13:26:27 4053
13:26:28 4053
13:26:29 4051
13:26:30 4051
13:26:31 4050
13:26:32 4049
13:26:33 4046
13:26:34 4045
13:26:35 4045
13:26:36 4044
13:26:37 4044
13:26:38 4043
13:26:39 4043
13:26:40 4045
13:26:41 4048
13:26:42 4055
13:26:43 4054
13:26:44 4054
13:26:45 4052
13:26:46 4051
13:26:47 4051
13:26:48 4051
13:26:49 4040
13:26:50 4039
13:26:51 4039
13:26:52 4038
13:26:53 4037
13:26:54 4037
13:26:55 4036
13:26:56 4035
13:26:57 4031
13:26:58 4031
13:26:59 4038
13:27:00 4039
13:27:01 4039
13:27:02 4039
13:27:03 4039
13:27:04 4039
13:27:05 4034
13:27:06 4035
13:27:07 4035
13:27:08 4035
13:27:09 4035
13:27:10 4035
13:27:11 4035
13:27:12 4036
13:27:13 4033
13:27:14 4034
13:27:15 4034
13:27:16 4035
13:27:17 4032
13:27:18 4032
13:27:19 4033
13:27:20 4032
13:27:21 4033
13:27:22 4038
13:27:23 4046
13:27:24 4046
13:27:25 4046
13:27:26 4046
13:27:27 4035
13:27:28 4035
13:27:29 4035
13:27:30 4034
13:27:31 4035
13:27:32 4034
13:27:33 4034
13:27:34 4039
13:27:35 4039
13:27:36 4040
13:27:37 4043
13:27:38 4042
13:27:39 4044
13:27:40 4044
13:27:41 4055
13:27:42 4055
13:27:43 4054
13:27:44 4054
13:27:45 4054
13:27:46 4060
13:27:47 4060
13:27:48 4060
13:27:49 4060
13:27:50 4060
13:27:51 4057
13:27:52 4057
13:27:53 4057
13:27:54 4042
13:27:55 4057
13:27:56 4057
13:27:57 4057
13:27:58 4056
13:27:59 4055
13:28:00 4054
13:28:01 4054
13:28:02 4054
13:28:03 4061
13:28:04 4061
13:28:05 4061
13:28:06 4058
13:28:07 4062
13:28:08 4062
13:28:09 4062
13:28:10 4060
13:28:11 4060
13:28:12 4059
13:28:13 4059
13:28:14 4057
13:28:15 4057
13:28:16 4058
13:28:17 4058
13:28:18 4054
13:28:19 4054
13:28:20 4054
13:28:21 4054
13:28:22 4051
13:28:23 4051
13:28:24 4052
13:28:25 4052
13:28:26 4054
13:28:27 4054
13:28:29 4054
13:28:30 4054
13:28:31 4056
13:28:32 4057
13:28:33 4056
13:28:34 4056
13:28:35 4059
13:28:36 4062
13:28:37 4061
13:28:38 4061
13:28:39 4060
13:28:40 4060
13:28:41 4061
13:28:42 4060
13:28:43 4059
13:28:44 4060
13:28:45 4056
13:28:46 4056
13:28:47 4056
13:28:48 4055
13:28:49 4063
13:28:50 4064
13:28:51 4063
13:28:52 4063
13:28:53 4064
13:28:54 4063
13:28:55 4063
13:28:56 4063
13:28:57 4051
13:28:58 4051
13:28:59 4056
13:29:00 4056
13:29:01 4054
13:29:02 4054
13:29:03 4054
13:29:04 4053
13:29:05 4045
13:29:06 4045
13:29:07 4045
13:29:08 4047
13:29:09 4046
13:29:10 4046
13:29:11 4047
13:29:12 4048
13:29:13 4050
13:29:14 4051
13:29:15 4052
13:29:16 4051
13:29:17 4055
13:29:18 4054
13:29:19 4055
13:29:20 4055
13:29:21 4061
13:29:22 4063
13:29:23 4064
13:29:24 4064
13:29:25 4063
13:29:26 4063
13:29:27 4063
13:29:28 4063
13:29:29 4061
13:29:30 4061
13:29:31 4062
13:29:32 4061
13:29:33 4056
13:29:34 4056
13:29:35 4056
13:29:36 4056
13:29:37 4053
13:29:38 4053
13:29:39 4053
13:29:40 4053
13:29:41 4052
13:29:42 4052
13:29:43 4052
13:29:44 4053
13:29:45 4058
13:29:46 4058
13:29:47 4058
13:29:48 4058
13:29:49 4059
13:29:50 4059
13:29:51 4059
13:29:52 4059
13:29:53 4059
13:29:54 4059
13:29:55 4059
13:29:56 4059
13:29:57 4061
13:29:58 4061
13:29:59 4061
13:30:00 4060
13:30:01 4060
13:30:02 4059
13:30:03 4058
13:30:04 4056
13:30:05 4060
13:30:06 4062
13:30:07 4063
13:30:08 4063
13:30:09 4061
13:30:10 4061
13:30:11 4061
13:30:12 4061
13:30:13 4062
13:30:14 4062
13:30:15 4062
13:30:16 4062
13:30:17 4057
13:30:18 4056
13:30:19 4055
13:30:20 4057
13:30:21 4045
13:30:22 4046
13:30:23 4046
13:30:24 4046
13:30:25 4052
13:30:26 4051
13:30:27 4052
13:30:28 4052
13:30:29 4049
13:30:30 4049
13:30:31 4050
13:30:32 4052
13:30:33 4044
13:30:34 4045
13:30:35 4045
13:30:36 4046
13:30:37 4042
13:30:38 4042
13:30:39 4042
13:30:40 4042
13:30:41 4051
13:30:42 4051
13:30:43 4051
13:30:44 4054
13:30:45 4051
13:30:46 4052
13:30:47 4052
13:30:48 4056
13:30:49 4058
13:30:50 4058
13:30:51 4058
13:30:52 4058
13:30:53 4056
13:30:54 4056
13:30:55 4056
13:30:56 4056
13:30:57 4062
13:30:58 4061
13:30:59 4061
13:31:00 4060
13:31:01 4059
13:31:02 4060
13:31:03 4062
13:31:04 4062
13:31:05 4059
13:31:06 4059
13:31:07 4059
13:31:08 4059
13:31:09 4059
13:31:10 4059
13:31:11 4059
13:31:12 4059
13:31:13 4059
13:31:14 4058
13:31:15 4058
13:31:16 4054
13:31:17 4061
13:31:18 4061
13:31:19 4061
13:31:20 4062
13:31:21 4062
13:31:22 4064
13:31:23 4071
13:31:24 4071
13:31:25 4065
13:31:26 4066
13:31:27 4065
13:31:28 4064
13:31:29 4059
13:31:30 4058
13:31:31 4057
13:31:32 4057
13:31:33 4056
13:31:34 4055
13:31:35 4054
13:31:36 4053
13:31:37 4057
13:31:38 4059
13:31:39 4059
13:31:40 4058
13:31:41 4058
13:31:42 4058
13:31:43 4063
13:31:44 4064
13:31:45 4064
13:31:46 4064
13:31:47 4054
13:31:48 4054
13:31:49 4055
13:31:50 4055
13:31:51 4038
13:31:52 4039
13:31:53 4040
13:31:54 4040
13:31:55 4036
13:31:56 4039
13:31:57 4040
13:31:58 4040
13:31:59 4044
13:32:00 4044
13:32:01 4045
13:32:02 4045
13:32:03 4047
13:32:04 4044
13:32:05 4044
13:32:06 4045
13:32:07 4045
13:32:08 4045
13:32:09 4045
13:32:10 4046
13:32:11 4044
13:32:12 4043
13:32:13 4044
13:32:14 4046
13:32:15 4055
13:32:16 4055
13:32:17 4055
13:32:18 4050
13:32:19 4049
13:32:20 4048
13:32:21 4048
13:32:22 4047
13:32:23 4039
13:32:24 4038
13:32:25 4038
13:32:26 4039
13:32:27 4045
13:32:28 4044
13:32:29 4044
13:32:30 4045
13:32:31 4045
13:32:32 4045
13:32:33 4045
13:32:34 4044
13:32:35 4041
13:32:36 4041
13:32:37 4041
13:32:38 4040
13:32:39 4043
13:32:40 4044
13:32:41 4043
13:32:42 4043
13:32:43 4042
13:32:44 4043
13:32:45 4043
13:32:46 4045
13:32:47 4045
13:32:49 4045
13:32:50 4054
13:32:51 4054
13:32:52 4053
13:32:53 4053
13:32:54 4044
13:32:55 4047
13:32:56 4054
13:32:57 4054
13:32:58 4053
13:32:59 4053
13:33:00 4053
13:33:01 4053
13:33:02 4062
13:33:03 4061
13:33:04 4060
13:33:05 4060
13:33:06 4062
13:33:07 4062
13:33:08 4061
13:33:09 4057
13:33:10 4056
13:33:11 4056
13:33:12 4056
13:33:13 4056
13:33:14 4056
13:33:15 4052
13:33:16 4052
13:33:17 4052
13:33:18 4057
13:33:19 4058
13:33:20 4058
13:33:21 4059
13:33:22 4058
13:33:23 4061
13:33:24 4061
13:33:25 4060
13:33:26 4060
13:33:27 4059
13:33:28 4059
13:33:29 4060
13:33:30 4060
13:33:31 4060
13:33:32 4060
13:33:33 4058
13:33:34 4058
13:33:35 4058
13:33:36 4057
13:33:37 4058
13:33:38 4058
13:33:39 4060
13:33:40 4061
13:33:41 4059
13:33:42 4058
13:33:43 4058
13:33:44 4058
13:33:45 4059
13:33:46 4058
13:33:47 4058
13:33:48 4058
13:33:49 4058
13:33:50 4047
13:33:51 4047
13:33:52 4047
13:33:53 4047
13:33:54 4047
13:33:55 4047
13:33:56 4047
13:33:57 4056
13:33:58 4056
13:33:59 4055
13:34:00 4056
13:34:01 4056
13:34:02 4049
13:34:03 4049
13:34:04 4051
13:34:05 4050
13:34:06 4051
13:34:07 4052
13:34:08 4052
13:34:09 4051
13:34:10 4051
13:34:11 4052
13:34:12 4051
13:34:13 4051
13:34:14 4050
13:34:15 4051
13:34:16 4050
13:34:17 4051
13:34:18 4050
13:34:19 4050
13:34:20 4050
13:34:21 4050
13:34:22 4051
13:34:23 4050
13:34:24 4050
13:34:25 4058
13:34:26 4057
13:34:27 4058
13:34:28 4059
13:34:29 4060
13:34:30 4052
13:34:31 4052
13:34:32 4053
13:34:33 4052
13:34:34 4053
13:34:35 4052
13:34:36 4052
13:34:37 4040
13:34:38 4049
13:34:39 4049
13:34:40 4049
13:34:41 4048
13:34:42 4050
13:34:43 4050
13:34:44 4049
13:34:45 4049
13:34:46 4050
13:34:47 4051
13:34:48 4050
13:34:49 4050
13:34:50 4050
13:34:51 4050
13:34:52 4050
13:34:53 4050
13:34:54 4050
13:34:55 4050
13:34:56 4049
13:34:57 4049
13:34:58 4049
13:34:59 4049
13:35:00 4049
13:35:01 4049
13:35:02 4049
13:35:03 4047
13:35:04 4047
13:35:05 4047
13:35:06 4047
13:35:07 4046
13:35:08 4046
13:35:09 4046
13:35:10 4046
13:35:11 4034
13:35:12 4034
13:35:13 4034
13:35:14 4034
13:35:15 4034
13:35:16 4035
13:35:17 4032
13:35:18 4033
13:35:19 4034
13:35:20 4034
13:35:21 4031
13:35:22 4033
13:35:23 4034
13:35:24 4034
13:35:25 4040
13:35:26 4040
13:35:27 4040
13:35:28 4040
13:35:29 4033
13:35:30 4035
13:35:31 4038
13:35:32 4038
13:35:33 4045
13:35:34 4045
13:35:35 4045
13:35:36 4046
13:35:37 4058
13:35:38 4058
13:35:39 4058
13:35:40 4058
13:35:41 4056
13:35:42 4057
13:35:43 4059
13:35:44 4060
13:35:45 4060
13:35:46 4063
13:35:47 4063
13:35:48 4062
13:35:49 4060
13:35:50 4060
13:35:51 4060
13:35:52 4064
13:35:53 4063
13:35:54 4071
13:35:55 4071
13:35:56 4071
13:35:57 4071
13:35:58 4072
13:35:59 4072
13:36:00 4072
13:36:01 4071
13:36:02 4071
13:36:03 4071
13:36:04 4072
13:36:05 4064
13:36:06 4064
13:36:07 4065
13:36:08 4065
13:36:09 4062
13:36:10 4063
13:36:11 4065
13:36:12 4065
13:36:13 4065
13:36:14 4067
13:36:15 4067
13:36:16 4068
13:36:17 4066
13:36:18 4067
13:36:19 4067
13:36:20 4068
13:36:21 4069
13:36:22 4070
13:36:23 4069
13:36:24 4069
13:36:25 4060
13:36:26 4060
13:36:27 4060
13:36:28 4060
13:36:29 4059
13:36:30 4059
13:36:31 4058
13:36:32 4057
13:36:33 4048
13:36:34 4056
13:36:35 4056
13:36:36 4059
13:36:37 4059
13:36:38 4067
13:36:39 4066
13:36:40 4070
13:36:41 4070
13:36:42 4071
13:36:43 4071
13:36:44 4068
13:36:45 4068
13:36:46 4068
13:36:47 4068
13:36:48 4067
13:36:49 4068
13:36:50 4067
13:36:51 4066
13:36:52 4067
13:36:53 4058
13:36:54 4058
13:36:55 4059
13:36:56 4058
13:36:57 4055
13:36:58 4055
13:36:59 4055
13:37:00 4055
13:37:01 4056
13:37:02 4056
13:37:03 4057
13:37:04 4057
13:37:05 4062
13:37:06 4063
13:37:07 4063
13:37:08 4063
13:37:09 4053
13:37:10 4052
13:37:11 4052
13:37:12 4052
13:37:13 4052
13:37:14 4052
13:37:15 4052
13:37:16 4052
13:37:17 4050
13:37:18 4050
13:37:19 4050
13:37:21 4050
13:37:22 4045
13:37:23 4046
13:37:24 4046
13:37:25 4051
13:37:26 4051
13:37:27 4050
13:37:28 4051
13:37:29 4043
13:37:30 4043
13:37:31 4043
13:37:32 4042
13:37:33 4038
13:37:34 4039
13:37:35 4039
13:37:36 4039
13:37:37 4041
13:37:38 4041
13:37:39 4041
13:37:40 4046
13:37:41 4046
13:37:42 4046
13:37:43 4046
13:37:44 4046
13:37:45 4046
13:37:46 4046
13:37:47 4046
13:37:48 4043
13:37:49 4043
13:37:50 4043
13:37:51 4043
13:37:52 4043
13:37:53 4043
13:37:54 4043
13:37:55 4047
13:37:56 4047
13:37:57 4046
13:37:58 4046
13:37:59 4046
13:38:00 4044
13:38:01 4043
13:38:02 4043
13:38:03 4042
13:38:04 4041
13:38:05 4037
13:38:06 4036
13:38:07 4036
13:38:08 4045
13:38:09 4045
13:38:10 4044
13:38:11 4044
13:38:12 4045
13:38:13 4045
13:38:14 4045
13:38:15 4041
13:38:16 4041
13:38:17 4041
13:38:18 4041
13:38:19 4044
13:38:20 4044
13:38:21 4044
13:38:22 4044
13:38:23 4032
13:38:24 4031
13:38:25 4034
13:38:26 4034
13:38:27 4034
13:38:28 4034
13:38:29 4034
13:38:30 4034
13:38:31 4038
13:38:32 4039
13:38:33 4039
13:38:34 4040
13:38:35 4040
13:38:36 4041
13:38:37 4045
13:38:38 4045
13:38:39 4046
13:38:40 4046
13:38:41 4047
13:38:42 4047
13:38:43 4047
13:38:44 4052
13:38:45 4052
13:38:46 4053
13:38:47 4053
13:38:48 4053
13:38:49 4051
13:38:50 4052
13:38:51 4052
13:38:52 4052
13:38:53 4052
13:38:54 4053
13:38:55 4059
13:38:56 4059
13:38:57 4059
13:38:58 4059
13:38:59 4059
13:39:00 4059
13:39:01 4060
13:39:02 4060
13:39:03 4070
13:39:04 4070
13:39:05 4070
13:39:06 4070
13:39:07 4072
13:39:08 4072
13:39:09 4072
13:39:10 4072
13:39:11 4071
13:39:12 4071
13:39:13 4071
13:39:14 4070
13:39:15 4067
13:39:16 4067
13:39:17 4066
13:39:18 4065
13:39:19 4062
13:39:20 4062
13:39:21 4062
13:39:22 4062
13:39:23 4060
13:39:24 4060
13:39:25 4059
13:39:26 4060
13:39:27 4060
13:39:28 4060
13:39:29 4065
13:39:30 4065
13:39:31 4065
13:39:32 4065
13:39:33 4065
13:39:34 4065
13:39:35 4063
13:39:36 4063
13:39:37 4063
13:39:38 4063
13:39:39 4063
13:39:40 4063
13:39:41 4063
13:39:42 4063
13:39:43 4063
13:39:44 4063
13:39:45 4063
13:39:46 4063
13:39:47 4063
13:39:48 4063
13:39:49 4073
13:39:50 4074
13:39:51 4074
13:39:52 4074
13:39:53 4074
13:39:54 4066
13:39:55 4066
13:39:56 4066
13:39:57 4063
13:39:58 4063
13:39:59 4064
13:40:00 4063
13:40:01 4064
13:40:02 4064
13:40:03 4064
13:40:04 4064
13:40:05 4060
13:40:06 4061
13:40:07 4061
13:40:08 4060
13:40:09 4059
13:40:10 4059
13:40:11 4059
13:40:12 4059
13:40:13 4051
13:40:14 4050
13:40:15 4050
13:40:16 4050
13:40:17 4055
13:40:18 4056
13:40:19 4057
13:40:20 4058
13:40:21 4062
13:40:22 4061
13:40:23 4049
13:40:24 4049
13:40:25 4049
13:40:26 4048
13:40:27 4052
13:40:28 4053
13:40:29 4053
13:40:30 4053
13:40:31 4062
13:40:32 4064
13:40:33 4065
13:40:34 4066
13:40:35 4067
13:40:36 4067
13:40:37 4067
13:40:38 4066
13:40:39 4062
13:40:40 4061
13:40:41 4061
13:40:42 4061
13:40:43 4060
13:40:44 4060
13:40:45 4060
13:40:46 4059
13:40:47 4058
13:40:48 4058
13:40:49 4058
13:40:50 4058
13:40:51 4051
13:40:52 4063
13:40:53 4063
13:40:54 4063
13:40:55 4067
13:40:56 4065
13:40:57 4065
13:40:58 4065
13:40:59 4065
13:41:00 4066
13:41:01 4066
13:41:02 4064
13:41:03 4064
13:41:04 4065
13:41:05 4065
13:41:06 4060
13:41:07 4061
13:41:08 4061
13:41:09 4062
13:41:10 4062
13:41:11 4062
13:41:12 4062
13:41:13 4061
13:41:14 4061
13:41:15 4060
13:41:16 4060
13:41:17 4057
13:41:18 4058
13:41:19 4058
13:41:20 4057
13:41:21 4057
13:41:22 4057
13:41:23 4057
13:41:24 4041
13:41:25 4056
13:41:26 4057
13:41:27 4057
13:41:28 4056
13:41:29 4056
13:41:30 4064
13:41:31 4064
13:41:32 4064
13:41:33 4066
13:41:34 4067
13:41:35 4067
13:41:36 4058
13:41:37 4058
13:41:38 4058
13:41:39 4058
13:41:40 4058
13:41:41 4059
13:41:42 4058
13:41:43 4058
13:41:44 4057
13:41:45 4059
13:41:46 4058
13:41:48 4058
13:41:49 4057
13:41:50 4056
13:41:51 4056
13:41:52 4055
13:41:53 4055
13:41:54 4051
13:41:55 4051
13:41:56 4051
13:41:57 4050
13:41:58 4051
13:41:59 4052
13:42:00 4054
13:42:01 4044
13:42:02 4046
13:42:03 4046
13:42:04 4046
13:42:05 4045
13:42:06 4047
13:42:07 4051
13:42:08 4051
13:42:09 4055
13:42:10 4054
13:42:11 4054
13:42:12 4054
13:42:13 4055
13:42:14 4058
13:42:15 4058
13:42:16 4059
13:42:17 4059
13:42:18 4062
13:42:19 4063
13:42:20 4062
13:42:21 4057
13:42:22 4057
13:42:23 4057
13:42:24 4057
13:42:25 4057
13:42:26 4057
13:42:27 4057
13:42:28 4057
13:42:29 4058
13:42:30 4059
13:42:31 4059
13:42:32 4060
13:42:33 4058
13:42:34 4058
13:42:35 4059
13:42:36 4059
13:42:37 4058
13:42:38 4058
13:42:39 4057
13:42:40 4056
13:42:41 4040
13:42:42 4041
13:42:43 4041
13:42:44 4042
13:42:45 4039
13:42:46 4039
13:42:47 4040
13:42:48 4040
13:42:49 4041
13:42:50 4041
13:42:51 4043
13:42:52 4044
13:42:53 4049
13:42:54 4049
13:42:55 4050
13:42:56 4058
13:42:57 4058
13:42:58 4057
13:42:59 4056
13:43:00 4057
13:43:01 4056
13:43:02 4056
13:43:03 4057
13:43:04 4057
13:43:05 4056
13:43:06 4056
13:43:07 4055
13:43:08 4047
13:43:09 4047
13:43:10 4048
13:43:11 4046
13:43:12 4047
13:43:13 4048
13:43:14 4048
13:43:15 4046
13:43:16 4046
13:43:17 4047
13:43:18 4046
13:43:19 4046
13:43:20 4044
13:43:21 4043
13:43:22 4042
13:43:23 4042
13:43:24 4030
13:43:25 4030
13:43:26 4029
13:43:27 4029
13:43:28 4034
13:43:29 4034
13:43:30 4035
13:43:31 4042
13:43:32 4042
13:43:33 4042
13:43:34 4042
13:43:35 4043
13:43:36 4045
13:43:37 4046
13:43:38 4046
13:43:39 4038
13:43:40 4039
13:43:41 4038
13:43:42 4039
13:43:43 4035
13:43:44 4035
13:43:45 4035
13:43:46 4035
13:43:47 4044
13:43:48 4043
13:43:49 4043
13:43:50 4047
13:43:51 4045
13:43:52 4045
13:43:53 4045
13:43:54 4046
13:43:55 4037
13:43:56 4037
13:43:57 4037
13:43:58 4037
13:43:59 4030
13:44:00 4030
13:44:01 4030
13:44:02 4030
13:44:03 4040
13:44:04 4040
13:44:05 4041
13:44:06 4041
13:44:07 4041
13:44:08 4042
13:44:09 4042
13:44:10 4042
13:44:11 4042
13:44:12 4044
13:44:13 4044
13:44:14 4044
13:44:15 4039
13:44:16 4039
13:44:17 4040
13:44:18 4040
13:44:19 4042
13:44:20 4041
13:44:21 4041
13:44:22 4040
13:44:23 4048
13:44:24 4047
13:44:25 4048
13:44:26 4048
13:44:27 4044
13:44:28 4044
13:44:29 4044
13:44:30 4045
13:44:31 4041
13:44:32 4042
13:44:33 4042
13:44:34 4042
13:44:35 4043
13:44:36 4044
13:44:37 4044
13:44:38 4045
13:44:39 4045
13:44:40 4046
13:44:41 4045
13:44:42 4047
13:44:43 4047
13:44:44 4048
13:44:45 4048
13:44:46 4048
13:44:47 4048
13:44:48 4048
13:44:49 4050
13:44:50 4050
13:44:51 4050
13:44:52 4050
13:44:53 4046
13:44:54 4046
13:44:55 4046
13:44:56 4046
13:44:57 4056
13:44:58 4056
13:44:59 4056
13:45:00 4056
13:45:01 4062
13:45:02 4062
13:45:03 4062
13:45:04 4062
13:45:05 4062
13:45:06 4061
13:45:07 4061
13:45:08 4061
13:45:09 4064
13:45:10 4063
13:45:11 4063
13:45:12 4063
13:45:13 4064
13:45:14 4068
13:45:15 4068
13:45:16 4068
13:45:17 4067
13:45:18 4067
13:45:19 4066
13:45:20 4063
13:45:21 4063
13:45:22 4063
13:45:23 4057
13:45:24 4057
13:45:25 4057
13:45:26 4054
13:45:27 4053
13:45:28 4053
13:45:29 4053
13:45:30 4053
13:45:31 4050
13:45:32 4050
13:45:33 4050
13:45:34 4050
13:45:35 4051
13:45:36 4051
13:45:37 4050
13:45:38 4051
13:45:39 4051
13:45:40 4051
13:45:41 4051
13:45:42 4052
13:45:43 4050
13:45:44 4051
13:45:45 4051
13:45:46 4052
13:45:47 4050
13:45:48 4050
13:45:49 4051
13:45:50 4051
13:45:51 4051
13:45:52 4051
13:45:53 4051
13:45:54 4052
13:45:55 4053
13:45:56 4053
13:45:57 4052
13:45:58 4052
13:45:59 4052
13:46:00 4053
13:46:01 4051
13:46:02 4051
13:46:03 4050
13:46:04 4049
13:46:05 4049
13:46:06 4046
13:46:07 4046
13:46:08 4046
13:46:09 4046
13:46:10 4047
13:46:11 4039
13:46:13 4039
13:46:14 4040
13:46:15 4039
13:46:16 4039
13:46:17 4039
13:46:18 4039
13:46:19 4039
13:46:20 4041
13:46:21 4043
13:46:22 4043
13:46:23 4043
13:46:24 4050
13:46:25 4049
13:46:26 4049
13:46:27 4049
13:46:28 4048
13:46:29 4049
13:46:30 4048
13:46:31 4053
13:46:32 4050
13:46:33 4050
13:46:34 4051
13:46:35 4054
13:46:36 4054
13:46:37 4054
13:46:38 4054
13:46:39 4054
13:46:40 4053
13:46:41 4053
13:46:42 4054
13:46:43 4054
13:46:44 4053
13:46:45 4053
13:46:46 4050
13:46:47 4050
13:46:48 4049
13:46:49 4054
13:46:50 4054
13:46:51 4055
13:46:52 4055
13:46:53 4048
13:46:54 4048
13:46:55 4049
13:46:56 4052
13:46:57 4059
13:46:58 4061
13:46:59 4062
13:47:00 4062
13:47:01 4062
13:47:02 4062
13:47:03 4062
13:47:04 4060
13:47:05 4060
13:47:06 4060
13:47:07 4057
13:47:08 4057
13:47:09 4057
13:47:10 4057
13:47:11 4057
13:47:12 4056
13:47:13 4056
13:47:14 4056
13:47:15 4056
13:47:16 4056
13:47:17 4064
13:47:18 4064
13:47:19 4062
13:47:20 4062
13:47:21 4062
13:47:22 4062
13:47:23 4050
13:47:24 4050
13:47:25 4050
13:47:26 4050
13:47:27 4047
13:47:28 4047
13:47:29 4047
13:47:30 4047
13:47:31 4046
13:47:32 4045
13:47:33 4046
13:47:34 4047
13:47:35 4047
13:47:36 4045
13:47:37 4046
13:47:38 4046
13:47:39 4046
13:47:40 4046
13:47:41 4046
13:47:42 4045
13:47:43 4050
13:47:44 4050
13:47:45 4050
13:47:46 4045
13:47:47 4044
13:47:48 4045
13:47:49 4044
13:47:50 4051
13:47:51 4052
13:47:52 4052
13:47:53 4041
13:47:54 4042
13:47:55 4053
13:47:56 4053
13:47:57 4053
13:47:58 4052
13:47:59 4052
13:48:00 4052
13:48:01 4054
13:48:02 4053
13:48:03 4053
13:48:04 4052
13:48:05 4044
13:48:06 4044
13:48:07 4045
13:48:08 4046
13:48:09 4046
13:48:10 4046
13:48:11 4047
13:48:12 4047
13:48:13 4048
13:48:14 4053
13:48:15 4055
13:48:16 4054
13:48:17 4053
13:48:18 4054
13:48:19 4054
13:48:20 4055
13:48:21 4060
13:48:22 4060
13:48:23 4061
13:48:24 4065
13:48:25 4071
13:48:26 4072
13:48:27 4071
13:48:28 4071
13:48:29 4072
13:48:30 4072
13:48:31 4072
13:48:32 4072
13:48:33 4068
13:48:34 4069
13:48:35 4069
13:48:36 4068
13:48:37 4066
13:48:38 4065
13:48:39 4064
13:48:40 4064
13:48:41 4066
13:48:42 4066
13:48:43 4066
13:48:44 4067
13:48:45 4066
13:48:46 4066
13:48:47 4066
13:48:48 4066
13:48:49 4068
13:48:50 4068
13:48:51 4068
13:48:52 4068
13:48:53 4069
13:48:54 4069
13:48:55 4069
13:48:56 4069
13:48:57 4069
13:48:58 4069
13:48:59 4069
13:49:00 4068
13:49:01 4067
13:49:02 4067
13:49:03 4066
13:49:04 4066
13:49:05 4062
13:49:06 4061
13:49:07 4061
13:49:08 4061
13:49:09 4068
13:49:10 4068
13:49:11 4068
13:49:12 4067
13:49:13 4064
13:49:14 4064
13:49:15 4063
13:49:16 4064
13:49:17 4065
13:49:18 4063
13:49:19 4064
13:49:20 4066
13:49:21 4062
13:49:22 4062
13:49:23 4062
13:49:24 4062
13:49:25 4062
13:49:26 4062
13:49:27 4062
13:49:28 4062
13:49:29 4061
13:49:30 4061
13:49:31 4061
13:49:32 4061
13:49:33 4060
13:49:34 4060
13:49:35 4060
13:49:36 4060
13:49:37 4042
13:49:38 4042
13:49:39 4042
13:49:40 4043
13:49:41 4047
13:49:42 4049
13:49:43 4050
13:49:44 4051
13:49:45 4054
13:49:46 4054
13:49:47 4055
13:49:48 4055
13:49:49 4058
13:49:50 4059
13:49:51 4059
13:49:52 4059
13:49:53 4059
13:49:54 4059
13:49:55 4059
13:49:56 4058
13:49:57 4050
13:49:58 4058
13:49:59 4058
13:50:00 4058
13:50:01 4057
13:50:02 4057
13:50:03 4057
13:50:04 4056
13:50:05 4057
13:50:06 4056
13:50:07 4057
13:50:08 4062
13:50:09 4062
13:50:10 4061
13:50:11 4062
13:50:12 4061
13:50:13 4063
13:50:14 4064
13:50:15 4063
13:50:16 4063
13:50:17 4059
13:50:18 4060
13:50:19 4059
13:50:20 4059
13:50:21 4059
13:50:22 4060
13:50:23 4061
13:50:24 4061
13:50:25 4062
13:50:26 4062
13:50:27 4062
13:50:28 4062
13:50:29 4059
13:50:30 4059
13:50:31 4059
13:50:32 4058
13:50:33 4057
13:50:34 4057
13:50:35 4057
13:50:36 4057
13:50:37 4053
13:50:38 4053
13:50:40 4053
13:50:41 4053
13:50:42 4060
13:50:43 4060
13:50:44 4060
13:50:45 4060
13:50:46 4060
13:50:47 4060
13:50:48 4060
13:50:49 4060
13:50:50 4060
13:50:51 4059
13:50:52 4059
13:50:53 4065
13:50:54 4066
13:50:55 4066
13:50:56 4066
13:50:57 4066
13:50:58 4066
13:50:59 4065
13:51:00 4065
13:51:01 4064
13:51:02 4064
13:51:03 4064
13:51:04 4063
13:51:05 4063
13:51:06 4063
13:51:07 4063
13:51:08 4060
13:51:09 4060
13:51:10 4060
13:51:11 4060
13:51:12 4060
13:51:13 4059
13:51:14 4059
13:51:15 4062
13:51:16 4062
13:51:17 4061
13:51:18 4062
13:51:19 4061
13:51:20 4062
13:51:21 4056
13:51:22 4056
13:51:23 4056
13:51:24 4060
13:51:25 4059
13:51:26 4057
13:51:27 4054
13:51:28 4057
13:51:29 4059
13:51:30 4060
13:51:31 4061
13:51:32 4060
13:51:33 4060
13:51:34 4059
13:51:35 4063
13:51:36 4063
13:51:37 4065
13:51:38 4064
13:51:39 4063
13:51:40 4063
13:51:41 4063
13:51:42 4060
13:51:43 4060
13:51:44 4060
13:51:45 4060
13:51:46 4056
13:51:47 4058
13:51:48 4058
13:51:49 4070
13:51:50 4070
13:51:51 4071
13:51:52 4071
13:51:53 4070
13:51:54 4070
13:51:55 4070
13:51:56 4071
13:51:57 4071
13:51:58 4079
13:51:59 4079
13:52:00 4079
13:52:01 4081
13:52:02 4081
13:52:03 4081
13:52:04 4081
13:52:05 4075
13:52:06 4075
13:52:07 4075
13:52:08 4075
13:52:09 4075
13:52:10 4074
13:52:11 4074
13:52:12 4074
13:52:13 4074
13:52:14 4065
13:52:15 4065
13:52:16 4064
13:52:17 4064
13:52:18 4060
13:52:19 4060
13:52:20 4060
13:52:21 4059
13:52:22 4061
13:52:23 4062
13:52:24 4062
13:52:25 4058
13:52:26 4058
13:52:27 4059
13:52:28 4060
13:52:29 4060
13:52:30 4060
13:52:31 4059
13:52:32 4062
13:52:33 4052
13:52:34 4052
13:52:35 4052
13:52:36 4052
13:52:37 4048
13:52:38 4049
13:52:39 4049
13:52:40 4053
13:52:41 4053
13:52:42 4053
13:52:43 4053
13:52:44 4053
13:52:45 4055
13:52:46 4055
13:52:47 4054
13:52:48 4054
13:52:49 4053
13:52:50 4053
13:52:51 4051
13:52:52 4051
13:52:53 4051
13:52:54 4051
13:52:55 4050
13:52:56 4051
13:52:57 4051
13:52:58 4056
13:52:59 4055
13:53:00 4055
13:53:01 4055
13:53:02 4054
13:53:03 4054
13:53:04 4054
13:53:05 4052
13:53:06 4052
13:53:07 4052
13:53:08 4052
13:53:09 4049
13:53:10 4050
13:53:11 4050
13:53:12 4050
13:53:13 4050
13:53:14 4050
13:53:15 4041
13:53:16 4043
13:53:17 4043
13:53:18 4043
13:53:19 4040
13:53:20 4040
13:53:21 4040
13:53:22 4040
13:53:23 4037
13:53:24 4037
13:53:25 4037
13:53:26 4038
13:53:27 4041
13:53:28 4041
13:53:29 4041
13:53:30 4042
13:53:31 4041
13:53:32 4041
13:53:33 4039
13:53:34 4039
13:53:35 4040
13:53:36 4041
13:53:37 4042
13:53:38 4041
13:53:39 4047
13:53:40 4046
13:53:41 4050
13:53:42 4050
13:53:43 4050
13:53:44 4050
13:53:45 4064
13:53:46 4063
13:53:47 4063
13:53:48 4062
13:53:49 4059
13:53:50 4059
13:53:51 4059
13:53:52 4059
13:53:53 4055
13:53:54 4056
13:53:55 4056
13:53:56 4056
13:53:57 4054
13:53:58 4054
13:53:59 4054
13:54:00 4054
13:54:01 4052
13:54:02 4051
13:54:03 4051
13:54:04 4051
13:54:05 4051
13:54:06 4051
13:54:07 4051
13:54:08 4051
13:54:09 4048
13:54:10 4048
13:54:11 4049
13:54:12 4050
13:54:13 4047
13:54:14 4047
13:54:15 4047
13:54:16 4049
13:54:17 4049
13:54:18 4050
13:54:19 4050
13:54:20 4050
13:54:21 4049
13:54:22 4050
13:54:23 4049
13:54:24 4049
13:54:25 4048
13:54:26 4047
13:54:27 4047
13:54:28 4048
13:54:29 4049
13:54:30 4050
13:54:31 4052
13:54:32 4051
13:54:33 4051
13:54:34 4057
13:54:35 4056
13:54:36 4057
13:54:37 4056
13:54:38 4056
13:54:39 4053
13:54:40 4053
13:54:41 4053
13:54:42 4052
13:54:43 4052
13:54:44 4052
13:54:45 4052
13:54:46 4050
13:54:47 4050
13:54:48 4050
13:54:49 4050
13:54:50 4050
13:54:51 4051
13:54:52 4050
13:54:53 4050
13:54:54 4051
13:54:55 4051
13:54:56 4052
13:54:57 4053
13:54:58 4053
13:54:59 4054
13:55:00 4053
13:55:01 4053
13:55:02 4053
13:55:03 4053
13:55:04 4044
13:55:05 4045
13:55:06 4045
13:55:07 4045
13:55:08 4045
13:55:09 4043
13:55:10 4043
13:55:11 4048
13:55:12 4048
13:55:14 4048
13:55:15 4048
13:55:16 4048
13:55:17 4048
13:55:18 4047
13:55:19 4049
13:55:20 4049
13:55:21 4049
13:55:22 4049
13:55:23 4051
13:55:24 4052
13:55:25 4052
13:55:26 4052
13:55:27 4051
13:55:28 4048
13:55:29 4049
13:55:30 4049
13:55:31 4049
13:55:32 4049
13:55:33 4055
13:55:34 4055
13:55:35 4055
13:55:36 4061
13:55:37 4061
13:55:38 4061
13:55:39 4060
13:55:40 4061
13:55:41 4061
13:55:42 4061
13:55:43 4052
13:55:44 4059
13:55:45 4059
13:55:46 4059
13:55:47 4058
13:55:48 4060
13:55:49 4060
13:55:50 4059
13:55:51 4059
13:55:52 4058
13:55:53 4058
13:55:54 4058
13:55:55 4058
13:55:56 4058
13:55:57 4059
13:55:58 4059
13:55:59 4056
13:56:00 4062
13:56:01 4060
13:56:02 4059
13:56:03 4059
13:56:04 4058
13:56:05 4059
13:56:06 4060
13:56:07 4061
13:56:08 4062
13:56:09 4062
13:56:10 4063
13:56:11 4063
13:56:12 4055
13:56:13 4059
13:56:14 4059
13:56:15 4059
13:56:16 4059
13:56:17 4058
13:56:18 4058
13:56:19 4061
13:56:20 4061
13:56:21 4062
13:56:22 4063
13:56:23 4047
13:56:24 4047
13:56:25 4046
13:56:26 4047
13:56:27 4048
13:56:28 4050
13:56:29 4052
13:56:30 4053
13:56:31 4056
13:56:32 4057
13:56:33 4058
13:56:34 4058
13:56:35 4056
13:56:36 4056
13:56:37 4056
13:56:38 4056
13:56:39 4056
13:56:40 4060
13:56:41 4060
13:56:42 4059
13:56:43 4064
13:56:44 4064
13:56:45 4064
13:56:46 4063
13:56:47 4053
13:56:48 4053
13:56:49 4053
13:56:50 4052
13:56:51 4052
13:56:52 4048
13:56:53 4053
13:56:54 4052
13:56:55 4054
13:56:56 4054
13:56:57 4054
13:56:58 4053
13:56:59 4052
13:57:00 4050
13:57:01 4052
13:57:02 4052
13:57:03 4051
13:57:04 4051
13:57:05 4051
13:57:06 4051
13:57:07 4051
13:57:08 4054
13:57:09 4054
13:57:10 4054
13:57:11 4043
13:57:12 4048
13:57:13 4048
13:57:14 4048
13:57:15 4037
13:57:16 4040
13:57:17 4040
13:57:18 4040
13:57:19 4037
13:57:20 4038
13:57:21 4039
13:57:22 4040
13:57:23 4041
13:57:24 4043
13:57:25 4042
13:57:26 4043
13:57:27 4035
13:57:28 4034
13:57:29 4035
13:57:30 4037
13:57:31 4042
13:57:32 4041
13:57:33 4041
13:57:34 4041
13:57:35 4040
13:57:36 4040
13:57:37 4040
13:57:38 4040
13:57:39 4032
13:57:40 4034
13:57:41 4037
13:57:42 3954
13:57:43 3955
13:57:44 3983
13:57:45 3965
13:57:46 3958
13:57:47 3965
13:57:48 3952
13:57:49 3953
13:57:50 3972
13:57:51 3896
13:57:52 3898
13:57:53 3900
13:57:54 3932
13:57:55 3937
13:57:56 3932
13:57:57 3934
13:57:58 3923
13:57:59 3939
13:58:00 3912
13:58:01 3914
13:58:02 3893
13:58:03 3910
13:58:04 3903
13:58:05 3904
13:58:06 3871
13:58:07 3873
13:58:08 3886
13:58:09 3888
13:58:10 3861
13:58:11 3867
13:58:12 3841
13:58:13 3843
13:58:14 3842
13:58:15 3845
13:58:16 3849
13:58:17 3849
13:58:18 3840
13:58:19 3839
13:58:20 3810
13:58:21 3812
13:58:22 3841
13:58:23 3845
13:58:24 3820
13:58:25 3814
13:58:26 3812
13:58:27 3814
13:58:28 3783
13:58:29 3783
13:58:30 3800
13:58:31 3812
13:58:32 3815
13:58:33 3813
13:58:34 3802
13:58:35 3808
13:58:36 3771
13:58:37 3777
13:58:38 3805
13:58:39 3805
13:58:40 3779
13:58:41 3782
13:58:42 3785
13:58:43 3785
13:58:44 3787
13:58:45 3781
13:58:46 3809
13:58:47 3820
13:58:48 3832
13:58:49 3814
13:58:50 3837
13:58:51 3833
13:58:52 3819
13:58:53 3824
13:58:54 3819
13:58:55 3829
13:58:56 3839
13:58:57 3836
13:58:58 3807
13:58:59 3792
13:59:00 3779
13:59:01 3789
13:59:02 3793
13:59:03 3797
13:59:04 3781
13:59:05 3788
13:59:06 3834
13:59:07 3853
13:59:08 3814
13:59:09 3797
13:59:10 3811
13:59:11 3813
13:59:12 3818
13:59:13 3812
13:59:14 3825
13:59:15 3841
13:59:16 3810
13:59:17 3841
13:59:18 3819
13:59:19 3816
13:59:20 3802
13:59:21 3814
13:59:22 3812
13:59:23 3835
13:59:24 3836
13:59:25 3845
13:59:26 3809
13:59:27 3810
13:59:28 3793
13:59:29 3807
13:59:30 3806
13:59:31 3814
13:59:32 3803
13:59:34 3808
13:59:35 3794
13:59:36 3806
13:59:37 3813
13:59:38 3835
13:59:39 3833
13:59:40 3845
13:59:41 3851
13:59:42 3853
13:59:43 3819
13:59:44 3808
13:59:45 3806
13:59:46 3829
13:59:47 3810
13:59:48 3841
13:59:49 3810
13:59:50 3836
13:59:51 3807
13:59:52 3783
13:59:53 3775
13:59:54 3794
13:59:55 3818
13:59:56 3827
13:59:57 3795
13:59:58 3794
13:59:59 3772
14:00:00 3773
14:00:01 3765
14:00:02 3784
14:00:03 3761
14:00:04 3772
14:00:05 3780
14:00:06 3817
14:00:07 3806
14:00:08 3800
14:00:09 3776
14:00:10 3779
14:00:11 3784
14:00:12 3827
14:00:13 3796
14:00:14 3817
14:00:15 3781
14:00:16 3790
14:00:17 3824
14:00:18 3810
14:00:19 3797
14:00:20 3791
14:00:21 3782
14:00:22 3790
14:00:23 3799
14:00:24 3793
14:00:25 3797
14:00:26 3781
14:00:27 3794
14:00:28 3805
14:00:29 3792
14:00:30 3793
14:00:31 3774
14:00:32 3800
14:00:33 3835
14:00:34 3844
14:00:35 3842
14:00:36 3795
14:00:37 3799
14:00:38 3817
14:00:39 3806
14:00:40 3799
14:00:41 3804
14:00:42 3790
14:00:43 3798
14:00:44 3829
14:00:45 3850
14:00:46 3831
14:00:47 3801
14:00:48 3812
14:00:49 3822
14:00:50 3832
14:00:51 3822
14:00:52 3840
14:00:53 3869
14:00:54 3817
14:00:55 3837
14:00:56 3804
14:00:57 3811
14:00:58 3806
14:00:59 3820
14:01:00 3824
14:01:01 3831
14:01:02 3811
14:01:03 3802
14:01:04 3821
14:01:05 3833
14:01:06 3794
14:01:07 3796
14:01:08 3827
14:01:09 3832
14:01:10 3799
14:01:11 3799
14:01:12 3797
14:01:13 3801
14:01:14 3805
14:01:15 3824
14:01:16 3802
14:01:17 3811
14:01:18 3796
14:01:19 3795
14:01:20 3792
14:01:21 3793
14:01:22 3793
14:01:23 3786
14:01:24 3808
14:01:25 3808
14:01:26 3834
14:01:27 3835
14:01:28 3785
14:01:29 3788
14:01:30 3789
14:01:31 3795
14:01:32 3796
14:01:33 3805
14:01:34 3806
14:01:35 3812
14:01:36 3807
14:01:37 3811
14:01:38 3806
14:01:39 3815
14:01:40 3789
14:01:41 3789
14:01:42 3785
14:01:43 3784
14:01:44 3793
14:01:45 3804
14:01:46 3732
14:01:47 3734
14:01:48 3756
14:01:49 3756
14:01:50 3749
14:01:51 3766
14:01:52 3753
14:01:53 3640
14:01:54 3744
14:01:55 3690
14:01:56 3652
14:01:57 3630
14:01:58 3688
14:01:59 3691
14:02:00 3699
14:02:01 3685
14:02:02 3694
14:02:03 3710
14:02:04 3665
14:02:05 3676
14:02:06 3654
14:02:07 3670
14:02:08 3688
14:02:09 3717
