decode/code: 3 runs
  1: 66.1 tok/s, TTFT 1.091s, 2221 tokens
  2: 63.6 tok/s, TTFT 0.706s, 1934 tokens
  3: 64.5 tok/s, TTFT 0.780s, 1942 tokens
decode/prose: 3 runs
  1: 35.3 tok/s, TTFT 0.716s, 1068 tokens
  2: 34.9 tok/s, TTFT 0.716s, 929 tokens
  3: 36.0 tok/s, TTFT 0.707s, 1076 tokens
decode/structured: 3 runs
  1: 89.5 tok/s, TTFT 0.703s, 441 tokens
  2: 88.4 tok/s, TTFT 0.708s, 441 tokens
  3: 87.6 tok/s, TTFT 0.707s, 446 tokens
prefill/8192: 2 cold/immediate-replay pairs
  1: cold 2410.4 tok/s (3.399s), warm 30270.7 tok/s (0.271s)
  2: cold 2486.0 tok/s (3.295s), warm 32257.4 tok/s (0.254s)
prefill/32768: 2 cold/immediate-replay pairs
  1: cold 2577.8 tok/s (12.712s), warm 126862.7 tok/s (0.258s)
  2: cold 2581.6 tok/s (12.693s), warm 123510.7 tok/s (0.265s)
prefill/65536: 2 cold/immediate-replay pairs
  1: cold 2606.2 tok/s (25.146s), warm 244749.2 tok/s (0.268s)
  2: cold 2610.3 tok/s (25.106s), warm 244068.3 tok/s (0.269s)
result: /home/user/rig-atlas-1004-decode.json
card: /home/user/rig-atlas-1004-decode.card.txt

╭──────────────────────────────────────────────────────────────────────────────────────────╮
│  R I G M A R K   //   AGENT WORKLOAD RECEIPT                                             │
│  BENCHMARKS LOCAL AI HOW CODING AGENTS ACTUALLY USE IT                                   │
│  ●  9/9 BASIC OUTPUT GATES PASSED                                                        │
├─ SYSTEM ─────────────────────────────────────────────────────────────────────────────────┤
│  MODEL      glm-5.3-flash-atlas                                                          │
│  APPLIANCE  2 x NVIDIA DGX Spark, GB10, 128 GB unified memory per appliance              │
│  RUN        reasoning=low  •  protocol=1.1.0                                             │
│  SOURCE     git:40fabcaf6e96  •  dirty  •  worktree:88d53fba91d5                         │
├─ REAL OUTPUT ────────────────────────────────────────────────────────────────────────────┤
│  WORKLOAD       DECODE EST.      LAST OUTPUT          RANGE          BASIC GATE          │
│  CODE              64.5 tok/s      31.1s last     63.6–66.1     ✓ 3/3                    │
│  PROSE             35.3 tok/s      30.6s last     34.9–36.0     ✓ 3/3                    │
│  STRUCTURED*       88.4 tok/s       5.7s last     87.6–89.5     ✓ 3/3                    │
│  * predictable-output ceiling; not a proxy for agent speed                               │
├─ CONTEXT ────────────────────────────────────────────────────────────────────────────────┤
│  64K PREFILL   cold 2,608 tok/s  •  immediate replay 244,409 tok/s                       │
├─ RECEIPT ────────────────────────────────────────────────────────────────────────────────┤
│  JSON       sha256:2cd3fc1112046c1b…                                                     │
│  SHARE THE CARD • LINK THE JSON RECEIPT • #RIGMARK                                       │
│  github.com/alexellis/rigmark                                                            │
╰──────────────────────────────────────────────────────────────────────────────────────────╯
