03:58:31 4988144
03:58:36 4989764
03:58:41 5014344
03:58:46 5031832
03:58:51 5058532
03:58:56 5070052
03:59:01 5090536
03:59:06 5109332
03:59:11 5111168
03:59:16 5113728
03:59:21 5120268
03:59:26 5118404
03:59:31 5113696
03:59:36 5152100
03:59:41 5154392
03:59:46 5148808
03:59:51 5168020
03:59:56 5165244
04:00:01 5165872
04:00:06 5158564
04:00:11 5168716
04:00:16 5157792
04:00:21 5164272
04:00:26 5162392
04:00:31 5165720
04:00:36 5168980
04:00:41 5161272
04:00:46 5167536
04:00:51 5160372
04:00:56 5146320
04:01:01 5160852
04:01:06 5170428
04:01:11 5162696
04:01:16 5166900
04:01:21 5164192
04:01:26 5177616
04:01:31 5164540
04:01:36 5169312
04:01:41 5157976
04:01:46 5157672
04:01:51 5157836
04:01:56 5149804
04:02:01 5148588
04:02:06 5146480
04:02:11 5147040
04:02:16 5146036
04:02:21 5144212
04:02:26 5145208
04:02:31 5134012
04:02:36 5145124
04:02:41 5162212
04:02:46 5154280
04:02:51 5155428
04:02:56 5141068
04:03:01 5155608
04:03:06 5152856
04:03:11 5146200
04:03:16 5156100
04:03:21 5165792
04:03:26 5162628
04:03:31 5152632
04:03:36 5153940
04:03:41 5171980
04:03:46 5160160
04:03:51 5149012
04:03:56 5147164
04:04:01 5145692
04:04:06 5142120
04:04:11 5138412
04:04:16 5127452
04:04:21 5138372
04:04:26 5126944
04:04:31 5137112
04:04:36 5138672
04:04:41 5134076
04:04:46 5133484
04:04:51 5143648
04:04:56 5148036
04:05:01 5149540
04:05:06 5140248
04:05:11 5143692
04:05:16 5154440
04:05:21 5160464
04:05:26 5151820
04:05:31 5147892
04:05:36 5149440
04:05:41 5147956
04:05:46 5148020
04:05:51 5156224
04:05:56 5164948
04:06:01 5158820
04:06:06 5158940
04:06:11 5144992
04:06:16 5144664
04:06:21 5096236
04:06:26 5109696
04:06:31 5109800
04:06:36 5110612
04:06:41 5096364
04:06:46 5097376
04:06:51 5112400
04:06:56 5117404
04:07:01 5110136
04:07:06 5103752
04:07:11 5102884
04:07:16 5094656
04:07:21 5094508
04:07:26 5094636
04:07:31 5091904
04:07:36 5087772
04:07:41 5099500
04:07:46 5112068
04:07:51 5108612
04:07:56 5103412
04:08:01 5089936
04:08:06 5085016
04:08:11 5084036
04:08:16 5091812
04:08:21 5041084
04:08:26 5046092
04:08:31 5076792
04:08:36 5081552
04:08:41 5088844
04:08:46 5091684
04:08:51 5085388
04:08:56 5083344
04:09:01 5085688
04:09:06 5096276
04:09:11 5091148
04:09:16 5094292
04:09:21 5102936
04:09:26 5089928
04:09:31 5077688
04:09:36 5097028
04:09:41 5104964
04:09:46 5107648
04:09:51 5104112
04:09:56 5115036
04:10:01 5107600
04:10:06 5108948
04:10:11 5115280
04:10:16 5109364
04:10:21 5106748
04:10:26 5107124
04:10:31 5097596
04:10:36 5103512
04:10:41 5109072
04:10:46 5116476
04:10:51 5117852
04:10:56 5118328
04:11:01 5108872
04:11:06 5094420
04:11:11 5108428
04:11:16 5115896
04:11:21 5127684
04:11:26 5119840
04:11:31 5116520
04:11:36 5099868
04:11:41 5100644
04:11:46 5094712
04:11:51 5091392
04:11:56 5097476
04:12:01 5098004
04:12:06 5100440
04:12:11 5095192
04:12:16 5095300
04:12:21 5097936
04:12:26 5105384
04:12:31 5096740
04:12:36 5095028
04:12:41 5079864
04:12:46 5086148
04:12:51 5097904
04:12:56 5095424
04:13:01 5090796
04:13:06 5107588
04:13:11 5108344
04:13:16 5099084
04:13:21 5088224
04:13:26 5101156
04:13:31 5095660
04:13:36 5098700
04:13:41 5102812
04:13:46 5097584
04:13:51 5078344
04:13:56 5071536
04:14:01 5073712
04:14:06 5086416
04:14:11 5090292
04:14:16 5091336
04:14:21 5087196
04:14:26 5086972
04:14:31 5076696
04:14:36 5089452
04:14:41 5090824
04:14:46 5105868
04:14:51 5096748
04:14:56 5090228
04:15:01 5085848
04:15:06 5074124
04:15:11 5067328
04:15:16 5070864
04:15:21 5077852
04:15:26 5085088
04:15:32 5077420
04:15:37 5092812
04:15:42 5089692
04:15:47 5090040
04:15:52 5086516
04:15:57 5085976
04:16:02 5079076
04:16:07 5063196
04:16:12 5069212
04:16:17 5070608
04:16:22 5069244
04:16:27 5065692
04:16:32 5063616
04:16:37 5077928
04:16:42 5075768
04:16:47 5072680
04:16:52 5074344
04:16:57 5082964
04:17:02 5081256
04:17:07 5079012
04:17:12 5087596
04:17:17 5078624
04:17:22 5079124
04:17:27 5077252
04:17:32 5079744
04:17:37 5070908
04:17:42 5074076
04:17:47 5064680
04:17:52 5067104
04:17:57 5066040
04:18:02 5057076
04:18:07 5048900
04:18:12 5063356
04:18:17 5071740
04:18:22 5068736
04:18:27 5072512
04:18:32 5075376
04:18:37 5081176
04:18:42 5077532
04:18:47 5074728
04:18:52 5073924
04:18:57 5070080
04:19:02 5074356
04:19:07 5085352
04:19:12 5093812
04:19:17 5086512
04:19:22 5079384
04:19:27 5082060
04:19:32 5087368
04:19:37 5081924
04:19:42 5069248
04:19:47 5075964
04:19:52 5076308
04:19:57 5086216
04:20:02 5075440
04:20:07 5073068
04:20:12 5066496
04:20:17 5067324
04:20:22 5062616
04:20:27 5067028
04:20:32 5080500
04:20:37 5078012
04:20:42 5074692
04:20:47 5068100
04:20:52 5073592
04:20:57 5073972
04:21:02 5077584
04:21:07 5053968
04:21:12 5058144
04:21:17 5073288
04:21:22 5064076
04:21:27 5074664
04:21:32 5072480
04:21:37 5069292
04:21:42 5079496
04:21:47 5080608
04:21:52 5077592
04:21:57 5075332
04:22:02 5076008
04:22:07 5069328
04:22:12 5075488
04:22:17 5078908
04:22:22 5082548
04:22:27 5072616
04:22:32 5070172
04:22:37 5071256
04:22:42 5075720
04:22:47 5071764
04:22:52 5063216
04:22:57 5072560
