03:58:30 2504168
03:58:35 2392564
03:58:40 2378040
03:58:45 2368568
03:58:50 2364788
03:58:55 2377432
03:59:00 2392432
03:59:05 2394904
03:59:10 2400240
03:59:15 2399448
03:59:20 2397420
03:59:25 2400436
03:59:30 2388272
03:59:35 2392428
03:59:40 2386360
03:59:45 2387800
03:59:50 2395232
03:59:55 2390108
04:00:00 2391104
04:00:05 2354036
04:00:10 2342480
04:00:15 2392172
04:00:20 2390164
04:00:25 2380520
04:00:30 2396176
04:00:35 2398068
04:00:40 2400884
04:00:45 2382368
04:00:50 2362208
04:00:55 2358248
04:01:00 2361496
04:01:05 2370788
04:01:10 2371920
04:01:15 2357672
04:01:20 2355464
04:01:25 2364500
04:01:30 2364912
04:01:35 2316764
04:01:40 2313912
04:01:45 2386384
04:01:50 2372668
04:01:55 2322756
04:02:00 2298576
04:02:05 2310092
04:02:10 2336420
04:02:15 2321864
04:02:20 2074288
04:02:25 1970696
04:02:30 1960308
04:02:35 1910160
04:02:40 1939580
04:02:45 1952376
04:02:50 1934192
04:02:55 1966464
04:03:00 1961980
04:03:06 1979984
04:03:11 1991980
04:03:16 1986396
04:03:21 1982872
04:03:26 1979820
04:03:31 1980052
04:03:36 1979296
04:03:41 1975428
04:03:46 1943476
04:03:51 1768588
04:03:56 1681848
04:04:01 1692044
04:04:06 1687932
04:04:11 1696860
04:04:16 1698880
04:04:21 1709700
04:04:26 1708344
04:04:31 1787924
04:04:36 1859764
04:04:41 1936100
04:04:46 1989880
04:04:51 1915392
04:04:56 1913448
04:05:01 1907688
04:05:06 1914596
04:05:11 1919000
04:05:16 1920008
04:05:21 1922536
04:05:26 1916008
04:05:31 1924860
04:05:36 1910588
04:05:41 1916928
04:05:46 1914080
04:05:51 1917624
04:05:56 1922128
04:06:01 1927488
04:06:06 1926956
04:06:11 1936988
04:06:16 1939424
04:06:21 1879496
04:06:26 1850196
04:06:31 1845488
04:06:36 1862376
04:06:41 1855324
04:06:46 1860956
04:06:51 1852244
04:06:56 1842408
04:07:01 1852976
04:07:06 1859780
04:07:11 1872284
04:07:16 1876008
04:07:21 1874360
04:07:26 1875072
04:07:31 1877032
04:07:36 1881448
04:07:41 1871260
04:07:46 1871500
04:07:51 1871556
04:07:56 1869424
04:08:01 1868656
04:08:06 1870500
04:08:11 1865048
04:08:16 1702724
04:08:21 1698772
04:08:26 1704536
04:08:31 1806900
04:08:36 1797020
04:08:41 1699588
04:08:46 1865260
04:08:51 1786660
04:08:56 1799548
04:09:01 1795008
04:09:06 1798440
04:09:11 1548344
04:09:16 1797148
04:09:21 1784552
04:09:26 1780768
04:09:31 1781304
04:09:36 1783340
04:09:41 1782840
04:09:46 1778016
04:09:51 1862664
04:09:56 1785656
04:10:01 1787460
04:10:06 1782776
04:10:11 1781964
04:10:16 1770340
04:10:21 1772184
04:10:26 1770768
04:10:31 1771532
04:10:36 1766260
04:10:41 1776324
04:10:46 1784056
04:10:51 1784148
04:10:56 1784688
04:11:01 1778068
04:11:06 1783968
04:11:11 1783768
04:11:16 1715872
04:11:21 1715152
04:11:26 1712744
04:11:31 1693832
04:11:36 1532768
04:11:41 1522312
04:11:46 1526312
04:11:51 1524896
04:11:56 1526964
04:12:01 1684724
04:12:06 1564268
04:12:11 1411260
04:12:16 1365288
04:12:21 1366964
04:12:26 1367088
04:12:31 1372460
04:12:36 1351884
04:12:41 1381384
04:12:46 1372884
04:12:51 1381352
04:12:56 1382104
04:13:01 1381888
04:13:06 1393992
04:13:11 1377660
04:13:16 1376792
04:13:21 1387800
04:13:26 1387684
04:13:31 1398676
04:13:36 1372976
04:13:41 1550948
04:13:46 1477612
04:13:51 1468972
04:13:56 1476276
04:14:01 1469492
04:14:06 1479332
04:14:11 1479048
04:14:16 1469584
04:14:21 1462648
04:14:26 1459652
04:14:31 1461632
04:14:36 1464144
04:14:41 1435328
04:14:46 1436492
04:14:51 1424472
04:14:56 1507776
04:15:01 1515068
04:15:06 1510488
04:15:11 1579200
04:15:16 1592588
04:15:21 1601544
04:15:26 1587624
04:15:31 1599600
04:15:36 1600444
04:15:41 1605320
04:15:46 1615460
04:15:51 1596668
04:15:56 1605712
04:16:01 1604700
04:16:06 1608212
04:16:11 1574644
04:16:16 1591804
04:16:21 1673576
04:16:26 1592272
04:16:31 1598748
04:16:36 1603220
04:16:41 1601536
04:16:46 1589764
04:16:51 1598220
04:16:56 1612104
04:17:01 1615452
04:17:06 1614788
04:17:11 1601136
04:17:16 1603252
04:17:21 1603132
04:17:26 1583656
04:17:31 1738400
04:17:36 1820772
04:17:41 1742360
04:17:46 1730588
04:17:51 1838352
04:17:56 1760048
04:18:01 1763380
04:18:06 1761264
04:18:11 1761424
04:18:16 1762996
04:18:21 1656176
04:18:26 1649408
04:18:31 1655680
04:18:36 1664292
04:18:41 1841428
04:18:46 1656740
04:18:51 1662724
04:18:56 1676436
04:19:01 1679160
04:19:06 1670784
04:19:11 1673860
04:19:17 1668016
04:19:22 1746540
04:19:27 1840620
04:19:32 1679668
04:19:37 1595012
04:19:42 1502312
04:19:47 1483252
04:19:52 1490796
04:19:57 1495132
04:20:02 1495372
04:20:07 1500304
04:20:12 1499164
04:20:17 1670552
04:20:22 1750048
04:20:27 1588224
04:20:32 1503912
04:20:37 1490644
04:20:42 1497392
04:20:47 1504812
04:20:52 1504196
04:20:57 1502672
04:21:02 1502848
04:21:07 1482544
04:21:12 1497300
04:21:17 1747720
04:21:22 1495564
04:21:27 1484632
04:21:32 1483116
04:21:37 1491568
04:21:42 1500744
04:21:47 1567412
04:21:52 1667524
04:21:57 1498404
04:22:02 1499036
04:22:07 1492168
04:22:12 1488476
04:22:17 1483448
04:22:22 1747740
04:22:27 1579544
04:22:32 1502792
04:22:37 1508348
04:22:42 1500180
04:22:47 1498596
04:22:52 1479644
04:22:57 1848852
