decode/code: 2 runs
  1: 62.8 tok/s, TTFT 0.758s, 2376 tokens
  2: 62.9 tok/s, TTFT 0.804s, 2311 tokens
decode/prose: 2 runs
  1: 34.5 tok/s, TTFT 0.716s, 974 tokens
  2: 33.6 tok/s, TTFT 0.719s, 1064 tokens
decode/structured: 2 runs
  1: 87.3 tok/s, TTFT 0.721s, 441 tokens
  2: 87.6 tok/s, TTFT 0.711s, 441 tokens
prefill/8192: 2 cold/immediate-replay pairs
  1: cold 2422.3 tok/s (3.382s), warm 29934.8 tok/s (0.274s)
  2: cold 2431.8 tok/s (3.369s), warm 30344.9 tok/s (0.270s)
prefill/32768: 2 cold/immediate-replay pairs
  1: cold 2577.3 tok/s (12.714s), warm 121033.0 tok/s (0.271s)
  2: cold 2578.9 tok/s (12.706s), warm 116758.4 tok/s (0.281s)
prefill/65536: 2 cold/immediate-replay pairs
  1: cold 2689.2 tok/s (24.370s), warm 233084.8 tok/s (0.281s)
  2: cold 2686.4 tok/s (24.395s), warm 237503.5 tok/s (0.276s)
concurrency/1: 2 rounds of code
  1: aggregate 45.6 tok/s, median stream 52.3 tok/s
  2: aggregate 45.9 tok/s, median stream 53.4 tok/s
concurrency/2: 2 rounds of code
  1: aggregate 58.2 tok/s, median stream 33.8 tok/s
  2: aggregate 54.8 tok/s, median stream 32.4 tok/s
concurrency/3: 2 rounds of code
  1: aggregate 62.2 tok/s, median stream 24.3 tok/s
  2: aggregate 61.6 tok/s, median stream 23.7 tok/s
concurrency/4: 2 rounds of code
  1: aggregate 67.9 tok/s, median stream 21.2 tok/s
  2: aggregate 66.2 tok/s, median stream 20.5 tok/s
concurrency/5: 2 rounds of code
  1: aggregate 61.9 tok/s, median stream 19.8 tok/s
  2: aggregate 60.6 tok/s, median stream 19.5 tok/s
concurrency/6: 2 rounds of code
  1: aggregate 62.0 tok/s, median stream 19.8 tok/s
  2: aggregate 62.1 tok/s, median stream 19.5 tok/s
result: /home/user/rig-rel6-code-full.json
card: /home/user/rig-rel6-code-full.card.txt

╭──────────────────────────────────────────────────────────────────────────────────────────╮
│  R I G M A R K   //   AGENT WORKLOAD RECEIPT                                             │
│  BENCHMARKS LOCAL AI HOW CODING AGENTS ACTUALLY USE IT                                   │
│  ●  6/6 BASIC OUTPUT GATES PASSED                                                        │
├─ SYSTEM ─────────────────────────────────────────────────────────────────────────────────┤
│  MODEL      glm-5.3-flash-atlas                                                          │
│  APPLIANCE  2 x NVIDIA DGX Spark, GB10, 128 GB unified memory per appliance              │
│  RUN        reasoning=low  •  protocol=1.1.0                                             │
│  SOURCE     git:40fabcaf6e96  •  dirty  •  worktree:88d53fba91d5                         │
├─ REAL OUTPUT ────────────────────────────────────────────────────────────────────────────┤
│  WORKLOAD       DECODE EST.      LAST OUTPUT          RANGE          BASIC GATE          │
│  CODE              62.9 tok/s      38.0s last     62.8–62.9     ✓ 2/2                    │
│  PROSE             34.0 tok/s      30.6s last     33.6–34.5     ✓ 2/2                    │
│  STRUCTURED*       87.5 tok/s       5.7s last     87.3–87.6     ✓ 2/2                    │
│  * predictable-output ceiling; not a proxy for agent speed                               │
├─ CONTEXT ────────────────────────────────────────────────────────────────────────────────┤
│  64K PREFILL   cold 2,688 tok/s  •  immediate replay 235,294 tok/s                       │
├─ CAPPED CONCURRENT GENERATION ───────────────────────────────────────────────────────────┤
│  SHORT CODE • END-TO-END • 256-TOKEN CAP PER AGENT                                       │
│  AGGREGATE   C1 45.8  •  C2 56.5  •  C3 61.9  •  C4 67.0  •  C5 61.2  •  C6 62.0 tok/s   │
│  C6 OUTPUT STATE   normal stop 0/12  •  visible 12/12  •  reasoning may be included      │
├─ RECEIPT ────────────────────────────────────────────────────────────────────────────────┤
│  JSON       sha256:93adb4edcf970e61…                                                     │
│  SHARE THE CARD • LINK THE JSON RECEIPT • #RIGMARK                                       │
│  github.com/alexellis/rigmark                                                            │
╰──────────────────────────────────────────────────────────────────────────────────────────╯
