bitwise base vs ilp pre-only  rows=1  finite : same
bitwise orig vs ilp pre-only  rows=1  finite : same
bitwise base vs ilp seam      rows=1  finite : same
bitwise orig vs ilp seam      rows=1  finite : same
bitwise base vs ilp pre-only  rows=2  finite : same
bitwise orig vs ilp pre-only  rows=2  finite : same
bitwise base vs ilp seam      rows=2  finite : same
bitwise orig vs ilp seam      rows=2  finite : same
bitwise base vs ilp pre-only  rows=3  finite : same
bitwise orig vs ilp pre-only  rows=3  finite : same
bitwise base vs ilp seam      rows=3  finite : same
bitwise orig vs ilp seam      rows=3  finite : same
bitwise base vs ilp pre-only  rows=4  finite : same
bitwise orig vs ilp pre-only  rows=4  finite : same
bitwise base vs ilp seam      rows=4  finite : same
bitwise orig vs ilp seam      rows=4  finite : same
bitwise base vs ilp pre-only  rows=5  finite : same
bitwise orig vs ilp pre-only  rows=5  finite : same
bitwise base vs ilp seam      rows=5  finite : same
bitwise orig vs ilp seam      rows=5  finite : same
bitwise base vs ilp pre-only  rows=6  finite : same
bitwise orig vs ilp pre-only  rows=6  finite : same
bitwise base vs ilp seam      rows=6  finite : same
bitwise orig vs ilp seam      rows=6  finite : same
bitwise base vs ilp pre-only  rows=7  finite : same
bitwise orig vs ilp pre-only  rows=7  finite : same
bitwise base vs ilp seam      rows=7  finite : same
bitwise orig vs ilp seam      rows=7  finite : same
bitwise base vs ilp pre-only  rows=8  finite : same
bitwise orig vs ilp pre-only  rows=8  finite : same
bitwise base vs ilp seam      rows=8  finite : same
bitwise orig vs ilp seam      rows=8  finite : same
bitwise base vs ilp pre-only  rows=9  finite : same
bitwise orig vs ilp pre-only  rows=9  finite : same
bitwise base vs ilp seam      rows=9  finite : same
bitwise orig vs ilp seam      rows=9  finite : same
bitwise base vs ilp pre-only  rows=10 finite : same
bitwise orig vs ilp pre-only  rows=10 finite : same
bitwise base vs ilp seam      rows=10 finite : same
bitwise orig vs ilp seam      rows=10 finite : same
bitwise base vs ilp pre-only  rows=11 finite : same
bitwise orig vs ilp pre-only  rows=11 finite : same
bitwise base vs ilp seam      rows=11 finite : same
bitwise orig vs ilp seam      rows=11 finite : same
bitwise base vs ilp pre-only  rows=12 finite : same
bitwise orig vs ilp pre-only  rows=12 finite : same
bitwise base vs ilp seam      rows=12 finite : same
bitwise orig vs ilp seam      rows=12 finite : same
bitwise base vs ilp pre-only  rows=13 finite : same
bitwise orig vs ilp pre-only  rows=13 finite : same
bitwise base vs ilp seam      rows=13 finite : same
bitwise orig vs ilp seam      rows=13 finite : same
bitwise base vs ilp pre-only  rows=14 finite : same
bitwise orig vs ilp pre-only  rows=14 finite : same
bitwise base vs ilp seam      rows=14 finite : same
bitwise orig vs ilp seam      rows=14 finite : same
bitwise base vs ilp pre-only  rows=15 finite : same
bitwise orig vs ilp pre-only  rows=15 finite : same
bitwise base vs ilp seam      rows=15 finite : same
bitwise orig vs ilp seam      rows=15 finite : same
bitwise base vs ilp pre-only  rows=16 finite : same
bitwise orig vs ilp pre-only  rows=16 finite : same
bitwise base vs ilp seam      rows=16 finite : same
bitwise orig vs ilp seam      rows=16 finite : same
bitwise base vs ilp pre-only  rows=17 finite : same
bitwise orig vs ilp pre-only  rows=17 finite : same
bitwise base vs ilp seam      rows=17 finite : same
bitwise orig vs ilp seam      rows=17 finite : same
bitwise base vs ilp pre-only  rows=18 finite : same
bitwise orig vs ilp pre-only  rows=18 finite : same
bitwise base vs ilp seam      rows=18 finite : same
bitwise orig vs ilp seam      rows=18 finite : same
bitwise base vs ilp pre-only  rows=19 finite : same
bitwise orig vs ilp pre-only  rows=19 finite : same
bitwise base vs ilp seam      rows=19 finite : same
bitwise orig vs ilp seam      rows=19 finite : same
bitwise base vs ilp pre-only  rows=20 finite : same
bitwise orig vs ilp pre-only  rows=20 finite : same
bitwise base vs ilp seam      rows=20 finite : same
bitwise orig vs ilp seam      rows=20 finite : same
bitwise base vs ilp pre-only  rows=21 finite : same
bitwise orig vs ilp pre-only  rows=21 finite : same
bitwise base vs ilp seam      rows=21 finite : same
bitwise orig vs ilp seam      rows=21 finite : same
bitwise base vs ilp pre-only  rows=22 finite : same
bitwise orig vs ilp pre-only  rows=22 finite : same
bitwise base vs ilp seam      rows=22 finite : same
bitwise orig vs ilp seam      rows=22 finite : same
bitwise base vs ilp pre-only  rows=23 finite : same
bitwise orig vs ilp pre-only  rows=23 finite : same
bitwise base vs ilp seam      rows=23 finite : same
bitwise orig vs ilp seam      rows=23 finite : same
bitwise base vs ilp pre-only  rows=24 finite : same
bitwise orig vs ilp pre-only  rows=24 finite : same
bitwise base vs ilp seam      rows=24 finite : same
bitwise orig vs ilp seam      rows=24 finite : same
bitwise base vs ilp pre-only  rows=25 finite : same
bitwise orig vs ilp pre-only  rows=25 finite : same
bitwise base vs ilp seam      rows=25 finite : same
bitwise orig vs ilp seam      rows=25 finite : same
bitwise base vs ilp pre-only  rows=26 finite : same
bitwise orig vs ilp pre-only  rows=26 finite : same
bitwise base vs ilp seam      rows=26 finite : same
bitwise orig vs ilp seam      rows=26 finite : same
bitwise base vs ilp pre-only  rows=27 finite : same
bitwise orig vs ilp pre-only  rows=27 finite : same
bitwise base vs ilp seam      rows=27 finite : same
bitwise orig vs ilp seam      rows=27 finite : same
bitwise base vs ilp pre-only  rows=28 finite : same
bitwise orig vs ilp pre-only  rows=28 finite : same
bitwise base vs ilp seam      rows=28 finite : same
bitwise orig vs ilp seam      rows=28 finite : same
bitwise base vs ilp pre-only  rows=29 finite : same
bitwise orig vs ilp pre-only  rows=29 finite : same
bitwise base vs ilp seam      rows=29 finite : same
bitwise orig vs ilp seam      rows=29 finite : same
bitwise base vs ilp pre-only  rows=30 finite : same
bitwise orig vs ilp pre-only  rows=30 finite : same
bitwise base vs ilp seam      rows=30 finite : same
bitwise orig vs ilp seam      rows=30 finite : same
bitwise base vs ilp pre-only  rows=31 finite : same
bitwise orig vs ilp pre-only  rows=31 finite : same
bitwise base vs ilp seam      rows=31 finite : same
bitwise orig vs ilp seam      rows=31 finite : same
bitwise base vs ilp pre-only  rows=32 finite : same
bitwise orig vs ilp pre-only  rows=32 finite : same
bitwise base vs ilp seam      rows=32 finite : same
bitwise orig vs ilp seam      rows=32 finite : same
bitwise base vs ilp pre-only  rows=1  inf/nan: same
bitwise orig vs ilp pre-only  rows=1  inf/nan: same
bitwise base vs ilp seam      rows=1  inf/nan: same
bitwise orig vs ilp seam      rows=1  inf/nan: same
bitwise base vs ilp pre-only  rows=2  inf/nan: same
bitwise orig vs ilp pre-only  rows=2  inf/nan: same
bitwise base vs ilp seam      rows=2  inf/nan: same
bitwise orig vs ilp seam      rows=2  inf/nan: same
bitwise base vs ilp pre-only  rows=3  inf/nan: same
bitwise orig vs ilp pre-only  rows=3  inf/nan: same
bitwise base vs ilp seam      rows=3  inf/nan: same
bitwise orig vs ilp seam      rows=3  inf/nan: same
bitwise base vs ilp pre-only  rows=4  inf/nan: same
bitwise orig vs ilp pre-only  rows=4  inf/nan: same
bitwise base vs ilp seam      rows=4  inf/nan: same
bitwise orig vs ilp seam      rows=4  inf/nan: same
bitwise base vs ilp pre-only  rows=5  inf/nan: same
bitwise orig vs ilp pre-only  rows=5  inf/nan: same
bitwise base vs ilp seam      rows=5  inf/nan: same
bitwise orig vs ilp seam      rows=5  inf/nan: same
bitwise base vs ilp pre-only  rows=6  inf/nan: same
bitwise orig vs ilp pre-only  rows=6  inf/nan: same
bitwise base vs ilp seam      rows=6  inf/nan: same
bitwise orig vs ilp seam      rows=6  inf/nan: same
bitwise base vs ilp pre-only  rows=7  inf/nan: same
bitwise orig vs ilp pre-only  rows=7  inf/nan: same
bitwise base vs ilp seam      rows=7  inf/nan: same
bitwise orig vs ilp seam      rows=7  inf/nan: same
bitwise base vs ilp pre-only  rows=8  inf/nan: same
bitwise orig vs ilp pre-only  rows=8  inf/nan: same
bitwise base vs ilp seam      rows=8  inf/nan: same
bitwise orig vs ilp seam      rows=8  inf/nan: same
bitwise base vs ilp pre-only  rows=9  inf/nan: same
bitwise orig vs ilp pre-only  rows=9  inf/nan: same
bitwise base vs ilp seam      rows=9  inf/nan: same
bitwise orig vs ilp seam      rows=9  inf/nan: same
bitwise base vs ilp pre-only  rows=10 inf/nan: same
bitwise orig vs ilp pre-only  rows=10 inf/nan: same
bitwise base vs ilp seam      rows=10 inf/nan: same
bitwise orig vs ilp seam      rows=10 inf/nan: same
bitwise base vs ilp pre-only  rows=11 inf/nan: same
bitwise orig vs ilp pre-only  rows=11 inf/nan: same
bitwise base vs ilp seam      rows=11 inf/nan: same
bitwise orig vs ilp seam      rows=11 inf/nan: same
bitwise base vs ilp pre-only  rows=12 inf/nan: same
bitwise orig vs ilp pre-only  rows=12 inf/nan: same
bitwise base vs ilp seam      rows=12 inf/nan: same
bitwise orig vs ilp seam      rows=12 inf/nan: same
bitwise base vs ilp pre-only  rows=13 inf/nan: same
bitwise orig vs ilp pre-only  rows=13 inf/nan: same
bitwise base vs ilp seam      rows=13 inf/nan: same
bitwise orig vs ilp seam      rows=13 inf/nan: same
bitwise base vs ilp pre-only  rows=14 inf/nan: same
bitwise orig vs ilp pre-only  rows=14 inf/nan: same
bitwise base vs ilp seam      rows=14 inf/nan: same
bitwise orig vs ilp seam      rows=14 inf/nan: same
bitwise base vs ilp pre-only  rows=15 inf/nan: same
bitwise orig vs ilp pre-only  rows=15 inf/nan: same
bitwise base vs ilp seam      rows=15 inf/nan: same
bitwise orig vs ilp seam      rows=15 inf/nan: same
bitwise base vs ilp pre-only  rows=16 inf/nan: same
bitwise orig vs ilp pre-only  rows=16 inf/nan: same
bitwise base vs ilp seam      rows=16 inf/nan: same
bitwise orig vs ilp seam      rows=16 inf/nan: same
bitwise base vs ilp pre-only  rows=17 inf/nan: same
bitwise orig vs ilp pre-only  rows=17 inf/nan: same
bitwise base vs ilp seam      rows=17 inf/nan: same
bitwise orig vs ilp seam      rows=17 inf/nan: same
bitwise base vs ilp pre-only  rows=18 inf/nan: same
bitwise orig vs ilp pre-only  rows=18 inf/nan: same
bitwise base vs ilp seam      rows=18 inf/nan: same
bitwise orig vs ilp seam      rows=18 inf/nan: same
bitwise base vs ilp pre-only  rows=19 inf/nan: same
bitwise orig vs ilp pre-only  rows=19 inf/nan: same
bitwise base vs ilp seam      rows=19 inf/nan: same
bitwise orig vs ilp seam      rows=19 inf/nan: same
bitwise base vs ilp pre-only  rows=20 inf/nan: same
bitwise orig vs ilp pre-only  rows=20 inf/nan: same
bitwise base vs ilp seam      rows=20 inf/nan: same
bitwise orig vs ilp seam      rows=20 inf/nan: same
bitwise base vs ilp pre-only  rows=21 inf/nan: same
bitwise orig vs ilp pre-only  rows=21 inf/nan: same
bitwise base vs ilp seam      rows=21 inf/nan: same
bitwise orig vs ilp seam      rows=21 inf/nan: same
bitwise base vs ilp pre-only  rows=22 inf/nan: same
bitwise orig vs ilp pre-only  rows=22 inf/nan: same
bitwise base vs ilp seam      rows=22 inf/nan: same
bitwise orig vs ilp seam      rows=22 inf/nan: same
bitwise base vs ilp pre-only  rows=23 inf/nan: same
bitwise orig vs ilp pre-only  rows=23 inf/nan: same
bitwise base vs ilp seam      rows=23 inf/nan: same
bitwise orig vs ilp seam      rows=23 inf/nan: same
bitwise base vs ilp pre-only  rows=24 inf/nan: same
bitwise orig vs ilp pre-only  rows=24 inf/nan: same
bitwise base vs ilp seam      rows=24 inf/nan: same
bitwise orig vs ilp seam      rows=24 inf/nan: same
bitwise base vs ilp pre-only  rows=25 inf/nan: same
bitwise orig vs ilp pre-only  rows=25 inf/nan: same
bitwise base vs ilp seam      rows=25 inf/nan: same
bitwise orig vs ilp seam      rows=25 inf/nan: same
bitwise base vs ilp pre-only  rows=26 inf/nan: same
bitwise orig vs ilp pre-only  rows=26 inf/nan: same
bitwise base vs ilp seam      rows=26 inf/nan: same
bitwise orig vs ilp seam      rows=26 inf/nan: same
bitwise base vs ilp pre-only  rows=27 inf/nan: same
bitwise orig vs ilp pre-only  rows=27 inf/nan: same
bitwise base vs ilp seam      rows=27 inf/nan: same
bitwise orig vs ilp seam      rows=27 inf/nan: same
bitwise base vs ilp pre-only  rows=28 inf/nan: same
bitwise orig vs ilp pre-only  rows=28 inf/nan: same
bitwise base vs ilp seam      rows=28 inf/nan: same
bitwise orig vs ilp seam      rows=28 inf/nan: same
bitwise base vs ilp pre-only  rows=29 inf/nan: same
bitwise orig vs ilp pre-only  rows=29 inf/nan: same
bitwise base vs ilp seam      rows=29 inf/nan: same
bitwise orig vs ilp seam      rows=29 inf/nan: same
bitwise base vs ilp pre-only  rows=30 inf/nan: same
bitwise orig vs ilp pre-only  rows=30 inf/nan: same
bitwise base vs ilp seam      rows=30 inf/nan: same
bitwise orig vs ilp seam      rows=30 inf/nan: same
bitwise base vs ilp pre-only  rows=31 inf/nan: same
bitwise orig vs ilp pre-only  rows=31 inf/nan: same
bitwise base vs ilp seam      rows=31 inf/nan: same
bitwise orig vs ilp seam      rows=31 inf/nan: same
bitwise base vs ilp pre-only  rows=32 inf/nan: same
bitwise orig vs ilp pre-only  rows=32 inf/nan: same
bitwise base vs ilp seam      rows=32 inf/nan: same
bitwise orig vs ilp seam      rows=32 inf/nan: same
PASS: ILP seam matches base and orig bit for bit at rows 1..32

us per chain (median of 3 x 64 groups of 8, 32 weight copies, next projection on)
site      rows      base   partial  finalize      both    saved
seam         1     44.70     39.44     44.43     39.57     5.14
seam         2     44.70     39.46     44.43     39.46     5.24
seam         3     44.83     39.44     44.58     39.56     5.27
seam         4     45.10     40.09     44.85     39.46     5.64
seam         5     45.72     39.46     45.60     39.46     6.26
seam         8     45.85     39.44     45.72     39.57     6.28
seam        16     57.36     47.38     57.51     47.27    10.09
seam        32     71.85     52.37     72.33     52.38    19.47
pre-only     1     44.93     39.46     44.57     39.58     5.35
pre-only     2     44.96     39.47     44.70     39.46     5.50
pre-only     3     45.08     39.46     44.83     39.58     5.50
pre-only     4     45.09     39.45     44.83     39.56     5.52
pre-only     5     45.97     39.58     45.73     39.58     6.39
pre-only     8     46.10     39.58     45.98     39.58     6.52
pre-only    16     57.76     47.00     58.01     47.00    10.75
pre-only    32     70.44     50.72     71.06     50.84    19.59
