bitwise: 0 of 405504 outputs differ
spin: 1 loads/us; ctas 32, budget 12 MiB, wait 10 us

mechanism: flush, prefetch W, wait gap, read W (res = resident fraction)
   4 MB: cold   20.3 us (207.1 GB/s), hot    5.9 us
    lines     4 ctas: pf   13.5 us  res   0 us  0.63  20 us  0.59  60 us  0.63
    lines    16 ctas: pf    9.0 us  res   0 us  0.33  20 us  0.33  60 us  0.34
    lines    48 ctas: pf   10.0 us  res   0 us  0.27  20 us  0.26  60 us  0.27
    sectors   4 ctas: pf   15.4 us  res   0 us  0.72  20 us  0.73  60 us  0.71
    sectors  16 ctas: pf    9.2 us  res   0 us  0.41  20 us  0.35  60 us  0.36
    sectors  48 ctas: pf   10.0 us  res   0 us  0.27  20 us  0.28  60 us  0.29
    last      4 ctas: pf   13.4 us  res   0 us  0.85  20 us  0.85  60 us  0.84
    last     16 ctas: pf    9.0 us  res   0 us  0.58  20 us  0.57  60 us  0.57
    last     48 ctas: pf   10.0 us  res   0 us  0.57  20 us  0.57  60 us  0.57
    touch     4 ctas: pf   59.4 us  res   0 us  1.00  20 us  1.01  60 us  1.00
    touch    16 ctas: pf   22.3 us  res   0 us  1.00  20 us  1.01  60 us  1.00
    touch    48 ctas: pf   18.2 us  res   0 us  1.00  20 us  1.00  60 us  1.00
    bulk      4 ctas: pf   14.1 us  res   0 us  0.98  20 us  0.87  60 us  0.97
    bulk     16 ctas: pf   15.1 us  res   0 us  1.00  20 us  1.00  60 us  1.00
    bulk     48 ctas: pf   16.2 us  res   0 us  1.00  20 us  1.00  60 us  1.00
    persist   4 ctas: pf   26.6 us  res   0 us  1.00  20 us  1.00  60 us  1.00
    persist  16 ctas: pf   10.2 us  res   0 us  1.00  20 us  1.00  60 us  1.00
    persist  48 ctas: pf   14.3 us  res   0 us  1.00  20 us  1.00  60 us  1.00
   8 MB: cold   37.9 us (221.6 GB/s), hot    8.0 us
    lines     4 ctas: pf   20.5 us  res   0 us  0.51  20 us  0.52  60 us  0.51
    lines    16 ctas: pf   11.3 us  res   0 us  0.21  20 us  0.21  60 us  0.21
    lines    48 ctas: pf   11.0 us  res   0 us  0.17  20 us  0.14  60 us  0.14
    sectors   4 ctas: pf   24.6 us  res   0 us  0.65  20 us  0.65  60 us  0.65
    sectors  16 ctas: pf   12.1 us  res   0 us  0.24  20 us  0.24  60 us  0.24
    sectors  48 ctas: pf   10.3 us  res   0 us  0.17  20 us  0.17  60 us  0.17
    last      4 ctas: pf   20.6 us  res   0 us  0.58  20 us  0.59  60 us  0.59
    last     16 ctas: pf   11.0 us  res   0 us  0.34  20 us  0.34  60 us  0.34
    last     48 ctas: pf   10.4 us  res   0 us  0.31  20 us  0.31  60 us  0.31
    touch     4 ctas: pf  122.7 us  res   0 us  1.00  20 us  1.01  60 us  1.00
    touch    16 ctas: pf   42.8 us  res   0 us  1.00  20 us  1.00  60 us  1.00
    touch    48 ctas: pf   34.6 us  res   0 us  1.00  20 us  1.00  60 us  1.00
    bulk      4 ctas: pf   21.3 us  res   0 us  0.66  20 us  0.66  60 us  0.66
    bulk     16 ctas: pf   15.4 us  res   0 us  0.45  20 us  0.45  60 us  0.45
    bulk     48 ctas: pf   17.2 us  res   0 us  0.45  20 us  0.45  60 us  0.45
    persist   4 ctas: pf   49.2 us  res   0 us  1.00  20 us  1.00  60 us  1.00
    persist  16 ctas: pf   16.2 us  res   0 us  1.00  20 us  1.00  60 us  1.00
    persist  48 ctas: pf   16.4 us  res   0 us  1.00  20 us  1.00  60 us  1.00
  12 MB: cold   55.2 us (227.8 GB/s), hot   10.0 us
    lines     4 ctas: pf   27.6 us  res   0 us  0.47  20 us  0.47  60 us  0.47
    lines    16 ctas: pf   13.2 us  res   0 us  0.18  20 us  0.18  60 us  0.18
    lines    48 ctas: pf   12.1 us  res   0 us  0.11  20 us  0.11  60 us  0.12
    sectors   4 ctas: pf   32.7 us  res   0 us  0.59  20 us  0.59  60 us  0.59
    sectors  16 ctas: pf   14.1 us  res   0 us  0.20  20 us  0.19  60 us  0.20
    sectors  48 ctas: pf   11.4 us  res   0 us  0.13  20 us  0.12  60 us  0.12
    last      4 ctas: pf   27.4 us  res   0 us  0.50  20 us  0.50  60 us  0.50
    last     16 ctas: pf   12.4 us  res   0 us  0.23  20 us  0.23  60 us  0.23
    last     48 ctas: pf   11.3 us  res   0 us  0.21  20 us  0.20  60 us  0.21
    touch     4 ctas: pf  184.1 us  res   0 us  1.00  20 us  1.00  60 us  1.00
    touch    16 ctas: pf   63.4 us  res   0 us  1.00  20 us  1.00  60 us  1.00
    touch    48 ctas: pf   51.2 us  res   0 us  1.00  20 us  1.00  60 us  1.00
    bulk      4 ctas: pf   27.4 us  res   0 us  0.59  20 us  0.59  60 us  0.57
    bulk     16 ctas: pf   15.5 us  res   0 us  0.34  20 us  0.25  60 us  0.27
    bulk     48 ctas: pf   21.2 us  res   0 us  0.32  20 us  0.34  60 us  0.34
    persist   4 ctas: pf   71.7 us  res   0 us  1.00  20 us  1.00  60 us  1.00
    persist  16 ctas: pf   22.3 us  res   0 us  1.00  20 us  1.00  60 us  1.00
    persist  48 ctas: pf   19.5 us  res   0 us  1.00  20 us  1.00  60 us  1.00
  16 MB: cold   73.7 us (227.6 GB/s), hot   12.1 us
    lines     4 ctas: pf   34.8 us  res   0 us  0.46  20 us  0.46  60 us  0.47
    lines    16 ctas: pf   15.4 us  res   0 us  0.17  20 us  0.17  60 us  0.17
    lines    48 ctas: pf   13.3 us  res   0 us  0.08  20 us  0.09  60 us  0.09
    sectors   4 ctas: pf   41.8 us  res   0 us  0.57  20 us  0.58  60 us  0.58
    sectors  16 ctas: pf   16.5 us  res   0 us  0.23  20 us  0.18  60 us  0.18
    sectors  48 ctas: pf   13.3 us  res   0 us  0.10  20 us  0.10  60 us  0.08
    last      4 ctas: pf   34.6 us  res   0 us  0.47  20 us  0.47  60 us  0.47
    last     16 ctas: pf   14.6 us  res   0 us  0.18  20 us  0.18  60 us  0.19
    last     48 ctas: pf   13.3 us  res   0 us  0.14  20 us  0.14  60 us  0.14
    touch     4 ctas: pf  245.5 us  res   0 us  1.00  20 us  1.00  60 us  1.00
    touch    16 ctas: pf   85.8 us  res   0 us  1.00  20 us  1.00  60 us  1.00
    touch    48 ctas: pf   69.7 us  res   0 us  0.97  20 us  0.97  60 us  0.97
    bulk      4 ctas: pf   34.6 us  res   0 us  0.54  20 us  0.53  60 us  0.53
    bulk     16 ctas: pf   16.0 us  res   0 us  0.19  20 us  0.21  60 us  0.18
    bulk     48 ctas: pf   21.5 us  res   0 us  0.22  20 us  0.22  60 us  0.22
    persist   4 ctas: pf  139.0 us  res   0 us  1.00  20 us  1.00  60 us  1.00
    persist  16 ctas: pf   42.8 us  res   0 us  1.00  20 us  1.00  60 us  1.00
    persist  48 ctas: pf   28.7 us  res   0 us  0.97  20 us  0.97  60 us  0.97

survival: prefetch 8 MB, stream S MB, read the 8 MB (resident fraction)
  lines    through cs         0 MB  0.15   32 MB  0.15  100 MB  0.15  170 MB  0.15
  lines    through plain      0 MB  0.15   32 MB -0.03  100 MB -0.03  170 MB -0.02
  lines    through cs+l2pf    0 MB  0.15   32 MB  0.07  100 MB -0.02  170 MB -0.02
  sectors  through cs         0 MB  0.15   32 MB  0.15  100 MB  0.15  170 MB  0.14
  sectors  through plain      0 MB  0.15   32 MB -0.02  100 MB -0.02  170 MB  0.01
  sectors  through cs+l2pf    0 MB  0.15   32 MB  0.07  100 MB  0.01  170 MB  0.00
  last     through cs         0 MB  0.31   32 MB  0.28  100 MB  0.28  170 MB  0.28
  last     through plain      0 MB  0.31   32 MB  0.18  100 MB  0.21  170 MB  0.21
  last     through cs+l2pf    0 MB  0.31   32 MB  0.21  100 MB  0.21  170 MB  0.21
  touch    through cs         0 MB  1.00   32 MB  1.00  100 MB  1.00  170 MB  1.00
  touch    through plain      0 MB  1.00   32 MB  0.22  100 MB  0.19  170 MB  0.21
  touch    through cs+l2pf    0 MB  1.00   32 MB  0.86  100 MB  0.21  170 MB  0.21
  bulk     through cs         0 MB  0.58   32 MB  0.58  100 MB  0.58  170 MB  0.52
  bulk     through plain      0 MB  0.58   32 MB  0.21  100 MB  0.21  170 MB  0.21
  bulk     through cs+l2pf    0 MB  0.58   32 MB  0.45  100 MB  0.21  170 MB  0.21
  persist  through cs         0 MB  1.00   32 MB  1.00  100 MB  1.00  170 MB  1.00
  persist  through plain      0 MB  1.00   32 MB  1.00  100 MB  1.00  170 MB  1.00
  persist  through cs+l2pf    0 MB  1.00   32 MB  1.00  100 MB  1.00  170 MB  1.00

interference: ten L2-latency PDL kernels (1 MiB table), with a 12 MB prefetch beside them
  alone   19.2 us
  lines      38.7 us (+19.5)
  sectors    36.6 us (+17.4)
  last       34.9 us (+15.6)
  touch      37.8 us (+18.6)
  bulk       33.8 us (+14.6)
  persist    29.5 us (+10.2)

sites (per segment, lower decile; saved = base - arm)
  f  wait+chain -> q k v           base   163.6 us
    lines      196.4 us  saved  -32.8 us  /step  -1.11 ms
    sectors    199.7 us  saved  -36.1 us  /step  -1.23 ms
    last       199.8 us  saved  -36.2 us  /step  -1.23 ms
    touch      163.6 us  saved   +0.0 us  /step  +0.00 ms
    bulk       169.7 us  saved   -6.1 us  /step  -0.21 ms
  a  wait+chain -> shared, router  base    85.8 us
    lines      102.4 us  saved  -16.6 us  /step  -0.70 ms
    sectors    104.4 us  saved  -18.7 us  /step  -0.78 ms
    last       104.4 us  saved  -18.6 us  /step  -0.78 ms
    touch       77.6 us  saved   +8.2 us  /step  +0.34 ms
    bulk        85.0 us  saved   +0.8 us  /step  +0.03 ms
  q  indexer chain -> q_b          base   144.1 us
    lines      149.3 us  saved   -5.2 us  /step  -0.06 ms
    sectors    149.5 us  saved   -5.4 us  /step  -0.06 ms
    last       149.5 us  saved   -5.4 us  /step  -0.06 ms
    touch      143.4 us  saved   +0.8 us  /step  +0.01 ms
    bulk       142.4 us  saved   +1.7 us  /step  +0.02 ms
  o  attention -> W_uv, o          base   249.9 us
    lines      286.6 us  saved  -36.7 us  /step  -0.40 ms
    sectors    288.9 us  saved  -39.0 us  /step  -0.43 ms
    last       288.8 us  saved  -38.9 us  /step  -0.43 ms
    touch      277.8 us  saved  -27.9 us  /step  -0.31 ms
    bulk       276.2 us  saved  -26.4 us  /step  -0.29 ms
PASS: bitwise 0 of 405504 outputs differ
