12:38:08 2651408
12:38:13 2402588
12:38:18 2342944
12:38:23 2333816
12:38:28 2333580
12:38:33 2333896
12:38:38 2332780
12:38:43 2324488
12:38:48 2324272
12:38:53 2314664
12:38:58 2312080
12:39:03 2312524
12:39:08 2313356
12:39:13 2492472
12:39:18 2463432
12:39:23 2447440
12:39:28 2431408
12:39:33 2419188
12:39:38 2485896
12:39:43 2424172
12:39:48 2389128
12:39:53 2361196
12:39:58 2365820
12:40:03 2504732
12:40:08 2496564
12:40:13 2458540
12:40:18 2440352
12:40:23 2427736
12:40:28 2422580
12:40:33 2347468
12:40:38 2346248
12:40:43 2360468
12:40:48 2344244
12:40:53 2315624
12:40:58 2314488
12:41:03 2329044
12:41:08 2309740
12:41:13 2319008
12:41:18 2308224
12:41:23 2315212
12:41:28 2302392
12:41:33 2315344
12:41:38 2303072
12:41:43 2296556
12:41:48 2304012
12:41:53 2309724
12:41:58 2325776
12:42:03 2313348
12:42:08 2325772
12:42:13 2326320
12:42:18 2329932
12:42:23 2332256
12:42:28 2345584
12:42:33 2333072
12:42:38 2346096
12:42:43 2351188
12:42:48 2358052
12:42:53 2374916
12:42:58 2354508
12:43:03 2348532
12:43:08 2353820
12:43:13 2254716
12:43:18 2166880
12:43:23 2248096
12:43:28 2229692
12:43:33 2216132
12:43:38 2212776
12:43:43 2283980
12:43:48 2183120
12:43:53 2187020
12:43:58 2304284
12:44:03 2195928
12:44:08 2275408
12:44:13 2416328
12:44:18 2419560
12:44:23 2426520
12:44:28 2415696
12:44:33 2414536
12:44:38 2402964
12:44:43 2414392
12:44:48 2414992
12:44:53 2413228
12:44:58 2413052
12:45:03 2411568
12:45:08 2414776
12:45:13 2413000
12:45:18 2400400
12:45:23 2382084
12:45:28 2396940
12:45:33 2397808
12:45:38 2384700
12:45:43 2353688
12:45:48 2355784
12:45:53 2348624
12:45:58 2350708
12:46:03 2350848
12:46:08 2362076
12:46:13 2349716
12:46:18 2351572
12:46:23 2358280
12:46:28 2361484
12:46:33 2354068
12:46:38 2354092
12:46:43 2352964
12:46:48 2341716
12:46:53 2341068
12:46:58 2350780
12:47:03 2347516
12:47:08 2345076
12:47:13 2348800
12:47:18 2348200
12:47:23 2346116
12:47:28 2338608
12:47:33 2250716
12:47:38 2246892
12:47:43 2242228
12:47:48 2216364
12:47:53 1961408
12:47:58 1959524
12:48:03 2205700
12:48:08 2199708
12:48:13 2198276
12:48:18 2194240
12:48:23 2207236
12:48:28 2216896
12:48:33 2211280
12:48:38 2214736
12:48:43 2216960
12:48:48 2286532
12:48:53 2194736
12:48:58 2193440
12:49:03 2198264
12:49:08 2204648
12:49:13 2205252
12:49:18 2202204
12:49:23 2206200
12:49:28 2208268
12:49:33 2207700
12:49:38 2207044
12:49:43 2197536
12:49:48 2206828
12:49:53 2198992
12:49:58 2116004
12:50:03 2108908
12:50:08 2105632
12:50:13 1937932
12:50:18 1948596
12:50:23 1945676
12:50:28 1933608
12:50:33 1952700
12:50:38 1990764
12:50:43 1834400
12:50:48 1796680
12:50:53 1832624
12:50:58 1839156
12:51:03 1841728
12:51:08 1850216
12:51:13 1844696
12:51:18 1843332
12:51:23 1845124
12:51:28 1844120
12:51:33 1843468
12:51:38 1833420
12:51:43 1830020
12:51:48 1834236
12:51:53 1828240
12:51:58 1822572
12:52:03 1829320
12:52:08 1823024
12:52:13 1862604
12:52:18 1782220
12:52:23 1787048
12:52:28 1786936
12:52:33 1786952
12:52:38 1794560
12:52:43 1803160
12:52:48 1778860
12:52:53 1778916
12:52:58 1783668
12:53:03 1778152
12:53:08 1777440
12:53:13 1771184
12:53:18 1765964
12:53:23 1775312
12:53:28 1924288
12:53:33 1828576
12:53:38 1830332
12:53:43 1829972
12:53:48 1836568
12:53:53 1830692
12:53:58 1827308
12:54:03 1826948
12:54:08 1832348
12:54:13 1844392
12:54:18 1845940
12:54:23 1838068
12:54:28 1841752
12:54:33 1841160
12:54:38 1839120
12:54:43 1844200
12:54:48 1838592
12:54:53 1841668
12:54:58 1839116
12:55:03 1837316
12:55:09 1835880
12:55:14 1833124
12:55:19 1834648
12:55:24 1828908
12:55:29 1838400
12:55:34 1815544
12:55:39 1820900
12:55:44 1816816
12:55:49 1823256
12:55:54 1820816
12:55:59 1902540
12:56:04 2063876
12:56:09 2064468
12:56:14 2076524
12:56:19 2170524
12:56:24 2157848
12:56:29 2148988
12:56:34 2157256
12:56:39 2157140
12:56:44 2071732
12:56:49 2062172
12:56:54 2075012
12:56:59 2072756
12:57:04 2221720
12:57:09 2054464
12:57:14 2045452
12:57:19 2051980
12:57:24 2051828
12:57:29 2052824
12:57:34 2047060
12:57:39 2059824
12:57:44 2149696
12:57:49 2068836
12:57:54 1902160
12:57:59 1901000
12:58:04 1890636
12:58:09 1891016
12:58:14 1890412
12:58:19 1893956
12:58:24 1894412
12:58:29 2148900
12:58:34 1971868
12:58:39 1894856
12:58:44 1897276
12:58:49 1910024
12:58:54 1894272
12:58:59 1906216
12:59:04 1898760
12:59:09 1897424
12:59:14 1903944
12:59:19 2067920
12:59:24 1893484
12:59:29 1899396
12:59:34 1893928
12:59:39 1897224
12:59:44 1981048
12:59:49 2064540
12:59:54 1893688
12:59:59 1887020
13:00:04 1888008
13:00:09 1891012
13:00:14 2133232
13:00:19 1887136
13:00:24 1887864
13:00:29 1890352
13:00:34 1897364
13:00:39 1991144
