12:38:08 2553664
12:38:13 2775848
12:38:18 2778768
12:38:23 2775668
12:38:28 2767992
12:38:33 2765036
12:38:38 2770660
12:38:43 2747580
12:38:48 2745884
12:38:53 2735336
12:38:58 2744040
12:39:03 2726540
12:39:08 2730908
12:39:13 2739896
12:39:18 2733400
12:39:23 2741640
12:39:28 2760860
12:39:33 2692360
12:39:38 2835652
12:39:43 2679704
12:39:48 2621532
12:39:53 2553348
12:39:58 2576276
12:40:03 2590960
12:40:08 2598236
12:40:13 2692928
12:40:18 2727028
12:40:23 2746948
12:40:28 2788796
12:40:33 2804516
12:40:38 2816524
12:40:43 2830404
12:40:48 2831204
12:40:53 2830904
12:40:58 2828108
12:41:03 2839792
12:41:08 2843704
12:41:13 2845940
12:41:18 2840344
12:41:23 2843612
12:41:28 2831672
12:41:33 2822036
12:41:38 2830568
12:41:43 2827092
12:41:48 2831420
12:41:53 2839360
12:41:58 2834564
12:42:03 2817588
12:42:08 2819396
12:42:13 2823788
12:42:18 2814996
12:42:23 2823800
12:42:28 2845480
12:42:33 2832848
12:42:38 2837644
12:42:43 2846724
12:42:48 2843588
12:42:53 2829740
12:42:58 2848496
12:43:03 2854976
12:43:08 2850284
12:43:13 2841944
12:43:18 2832836
12:43:23 2836788
12:43:28 2839904
12:43:33 2836100
12:43:38 2835472
12:43:43 2834144
12:43:48 2811928
12:43:53 2838640
12:43:58 2841972
12:44:03 2832520
12:44:08 2837380
12:44:13 2834624
12:44:18 2831868
12:44:23 2839528
12:44:28 2842796
12:44:33 2832320
12:44:38 2838312
12:44:43 2848980
12:44:48 2849852
12:44:53 2849988
12:44:58 2850180
12:45:03 2848420
12:45:08 2852748
12:45:13 2852292
12:45:18 2842484
12:45:23 2844628
12:45:28 2842108
12:45:33 2843280
12:45:38 2841104
12:45:43 2785908
12:45:48 2787388
12:45:53 2794400
12:45:58 2779052
12:46:03 2784100
12:46:08 2794380
12:46:13 2797668
12:46:18 2802176
12:46:23 2802444
12:46:28 2784780
12:46:33 2787256
12:46:38 2783852
12:46:43 2797568
12:46:48 2795176
12:46:53 2790652
12:46:58 2786136
12:47:03 2784548
12:47:08 2785884
12:47:13 2797032
12:47:18 2794984
12:47:23 2799472
12:47:28 2808496
12:47:33 2812048
12:47:38 2806980
12:47:43 2808208
12:47:48 2799296
12:47:53 2802008
12:47:58 2802256
12:48:03 2795988
12:48:08 2794560
12:48:13 2795624
12:48:18 2795392
12:48:23 2803744
12:48:28 2796268
12:48:33 2790256
12:48:38 2790832
12:48:43 2792828
12:48:48 2794240
12:48:53 2793168
12:48:58 2794732
12:49:03 2790684
12:49:08 2773204
12:49:13 2776156
12:49:18 2782308
12:49:23 2778484
12:49:28 2783288
12:49:33 2787308
12:49:38 2780820
12:49:43 2775888
12:49:48 2783984
12:49:53 2792384
12:49:58 2789780
12:50:03 2783816
12:50:08 2785028
12:50:13 2783488
12:50:18 2783408
12:50:23 2785176
12:50:29 2786392
12:50:34 2792108
12:50:39 2794628
12:50:44 2790440
12:50:49 2773380
12:50:54 2771548
12:50:59 2782812
12:51:04 2788732
12:51:09 2790168
12:51:14 2785764
12:51:19 2786564
12:51:24 2778704
12:51:29 2781924
12:51:34 2786012
12:51:39 2769432
12:51:44 2781464
12:51:49 2772592
12:51:54 2779356
12:51:59 2779076
12:52:04 2781016
12:52:09 2772824
12:52:14 2775468
12:52:19 2767436
12:52:24 2770928
12:52:29 2772496
12:52:34 2766288
12:52:39 2765288
12:52:44 2776164
12:52:49 2777696
12:52:54 2792096
12:52:59 2778812
12:53:04 2786400
12:53:09 2795052
12:53:14 2790652
12:53:19 2787564
12:53:24 2774660
12:53:29 2776832
12:53:34 2780312
12:53:39 2773532
12:53:44 2774660
12:53:49 2773664
12:53:54 2780700
12:53:59 2771632
12:54:04 2778208
12:54:09 2790716
12:54:14 2784612
12:54:19 2787980
12:54:24 2782504
12:54:29 2782676
12:54:34 2789064
12:54:39 2782884
12:54:44 2777468
12:54:49 2773472
12:54:54 2768704
12:54:59 2770808
12:55:04 2769760
12:55:09 2765136
12:55:14 2771784
12:55:19 2779308
12:55:24 2762288
12:55:29 2784060
12:55:34 2772772
12:55:39 2768800
12:55:44 2776104
12:55:49 2775248
12:55:54 2782704
12:55:59 2784304
12:56:04 2788772
12:56:09 2795388
12:56:14 2787712
12:56:19 2787772
12:56:24 2783500
12:56:29 2779580
12:56:34 2779356
12:56:39 2776716
12:56:44 2762372
12:56:49 2772912
12:56:54 2753884
12:56:59 2757672
12:57:04 2767776
12:57:09 2771840
12:57:14 2773196
12:57:19 2779276
12:57:24 2773428
12:57:29 2767372
12:57:34 2773692
12:57:39 2773988
12:57:44 2773796
12:57:49 2782148
12:57:54 2775012
12:57:59 2770972
12:58:04 2766956
12:58:09 2762776
12:58:14 2759436
12:58:19 2764308
12:58:24 2769892
12:58:29 2766964
12:58:34 2757216
12:58:39 2747972
12:58:44 2754252
12:58:49 2749808
12:58:54 2749248
12:58:59 2754524
12:59:04 2762776
12:59:09 2753500
12:59:14 2762932
12:59:19 2773680
12:59:24 2756308
12:59:29 2759604
12:59:34 2771340
12:59:39 2767620
12:59:44 2766240
12:59:49 2766456
12:59:54 2767160
12:59:59 2767884
13:00:04 2764868
13:00:09 2758732
13:00:14 2760032
13:00:19 2759564
13:00:24 2759828
13:00:29 2753168
13:00:34 2763736
13:00:39 2765756
