========= COMPUTE-SANITIZER
WARNING 09-08 06:31:45 [marlin_utils_fp4.py:354] Your GPU does not have native support for FP4 computation but FP4 quantization is being used. Weight-only FP4 compression will be used leveraging the Marlin kernel. This may degrade performance for compute-heavy workloads.
WARNING:2026-09-08 06:31:49 57:57 init.cpp:115] function cbapi.getCuptiStatus() failed with error CUPTI_ERROR_MULTIPLE_SUBSCRIBERS_NOT_SUPPORTED (39)
WARNING:2026-09-08 06:31:49 57:57 init.cpp:116] CUPTI initialization failed - CUDA profiler activities will be missing
INFO:2026-09-08 06:31:49 57:57 init.cpp:118] If you see CUPTI_ERROR_INSUFFICIENT_PRIVILEGES, refer to https://developer.nvidia.com/nvidia-development-tools-solutions-err-nvgpuctrperm-cupti
USDT:2026-09-08 06:31:49 57:57 SyncActivityProfilerHandler.cpp:52] profiler_start
USDT:2026-09-08 06:31:49 57:57 SyncActivityProfilerHandler.cpp:59] profiler_stop
{
  "rows": 65,
  "experts": 16,
  "top_k": 8,
  "hidden": 4096,
  "intermediate": 1024,
  "clamp": 10,
  "quantized_reference_relative_l2": 0.003098126733675599,
  "clamp_effect_relative_l2": 0.8751192688941956,
  "graph_replay": true,
  "redzones": true,
  "cuda_kernels": []
}
========= ERROR SUMMARY: 0 errors
