09:45:59 119909
09:46:00 119887
09:46:01 119902
09:46:02 119893
09:46:03 119896
09:46:04 119903
09:46:05 119448
09:46:06 119133
09:46:07 118145
09:46:08 117597
09:46:09 116904
09:46:10 116177
09:46:11 115594
09:46:12 114949
09:46:13 114571
09:46:14 113776
09:46:15 112416
09:46:16 111521
09:46:17 111232
09:46:18 110220
09:46:19 110242
09:46:20 109069
09:46:21 109084
09:46:22 107965
09:46:23 107343
09:46:24 106458
09:46:25 105477
09:46:26 104432
09:46:27 104111
09:46:28 103129
09:46:29 101940
09:46:30 101698
09:46:31 101423
09:46:32 100406
09:46:33 100041
09:46:34 99484
09:46:35 98904
09:46:36 98364
09:46:37 98052
09:46:38 97686
09:46:39 97378
09:46:40 97045
09:46:41 97963
09:46:42 97009
09:46:43 95715
09:46:44 94978
09:46:45 93504
09:46:46 92683
09:46:47 91620
09:46:48 90984
09:46:49 89973
09:46:50 88657
09:46:51 87728
09:46:52 86246
09:46:53 85368
09:46:54 84454
09:46:55 83326
09:46:56 82424
09:46:57 80233
09:46:58 80022
09:46:59 79406
09:47:00 78004
09:47:01 77087
09:47:02 75786
09:47:03 74720
09:47:04 73916
09:47:05 72404
09:47:06 71516
09:47:07 70551
09:47:08 69069
09:47:09 68060
09:47:10 66687
09:47:11 65719
09:47:12 64838
09:47:13 63334
09:47:14 62437
09:47:15 61348
09:47:16 59982
09:47:17 59122
09:47:18 57803
09:47:19 56871
09:47:20 55976
09:47:21 54638
09:47:22 53603
09:47:23 52181
09:47:24 51236
09:47:25 50321
09:47:26 48845
09:47:27 47903
09:47:28 46825
09:47:29 45503
09:47:30 44639
09:47:31 43275
09:47:32 42300
09:47:33 41568
09:47:34 40244
09:47:35 39241
09:47:36 37826
09:47:37 36896
09:47:38 36028
09:47:39 34539
09:47:40 33618
09:47:41 31753
09:47:42 31079
09:47:43 30203
09:47:44 28785
09:47:45 27864
09:47:46 26951
09:47:47 25456
09:47:48 24398
09:47:49 23061
09:47:50 8760
09:47:51 8607
09:47:52 8499
09:47:53 8493
09:47:54 8476
09:47:55 8429
09:47:56 8460
09:47:57 8457
09:47:58 8379
09:47:59 8349
09:48:00 8290
09:48:01 8305
09:48:02 8316
09:48:03 8313
09:48:04 8452
09:48:05 8423
09:48:06 8449
09:48:07 8362
09:48:08 8379
09:48:09 8396
09:48:10 8424
09:48:11 8455
09:48:13 8472
09:48:14 8470
09:48:15 8493
09:48:16 8444
09:48:17 8477
09:48:18 8447
09:48:19 8422
09:48:20 8411
09:48:21 8426
09:48:22 8387
09:48:23 8439
09:48:24 8381
09:48:25 8381
09:48:26 8400
09:48:27 8407
09:48:28 8375
09:48:29 8397
09:48:30 8406
09:48:31 8407
09:48:32 8406
09:48:33 8408
09:48:34 8445
09:48:35 8396
09:48:36 8370
09:48:37 8405
09:48:38 8415
09:48:39 8427
09:48:40 8440
09:48:41 8443
09:48:42 8391
09:48:43 8406
09:48:44 8415
09:48:45 8301
09:48:46 8283
09:48:47 8264
09:48:48 8183
09:48:49 8195
09:48:50 8211
09:48:51 8223
09:48:52 8079
09:48:53 8123
09:48:54 8092
09:48:55 8090
09:48:56 8103
09:48:57 8120
09:48:58 8124
09:48:59 8120
09:49:00 8130
09:49:01 8126
09:49:02 8114
09:49:03 8158
09:49:04 8176
09:49:05 8138
09:49:06 8122
09:49:07 8101
09:49:08 8098
09:49:09 8117
09:49:10 8126
09:49:11 8194
09:49:12 8192
09:49:13 8211
09:49:14 8161
09:49:15 8178
09:49:16 8189
09:49:17 8202
09:49:18 8187
09:49:19 8172
09:49:20 8186
09:49:21 8292
09:49:22 8276
09:49:23 8257
09:49:24 8259
09:49:25 8278
09:49:26 8302
09:49:27 8219
09:49:28 8197
09:49:29 8207
09:49:30 8224
09:49:31 8225
09:49:32 8310
09:49:33 8307
09:49:34 8333
09:49:35 8328
09:49:36 8313
09:49:37 8322
09:49:38 8359
09:49:39 8377
09:49:40 8394
09:49:41 8389
09:49:42 8383
09:49:43 8384
09:49:44 8404
09:49:45 8498
09:49:46 8500
09:49:47 8429
09:49:48 8425
09:49:49 8429
09:49:50 8443
09:49:51 8447
09:49:52 8431
09:49:53 8432
09:49:54 8440
09:49:55 8448
09:49:56 8439
09:49:57 8391
09:49:58 8374
09:49:59 8368
09:50:00 8361
09:50:01 8361
09:50:02 8380
09:50:03 8391
09:50:04 8412
09:50:05 8436
09:50:06 8401
09:50:07 8393
09:50:08 8356
09:50:09 8377
09:50:10 8392
09:50:11 8399
09:50:12 8387
09:50:13 8388
09:50:14 8395
09:50:15 8398
09:50:16 8385
09:50:17 8395
09:50:18 8416
09:50:19 8428
09:50:20 8458
09:50:21 8425
09:50:22 8441
09:50:23 8448
09:50:24 8439
09:50:25 8459
09:50:26 8469
09:50:27 8469
09:50:28 8449
09:50:29 8453
09:50:30 8454
09:50:31 8438
09:50:32 8508
09:50:33 8420
09:50:34 8441
09:50:35 8433
09:50:36 8428
09:50:37 8397
09:50:38 8413
09:50:39 8419
09:50:40 8428
09:50:41 8477
09:50:42 8378
09:50:43 8374
09:50:44 8400
09:50:45 8395
09:50:46 8412
09:50:47 8406
09:50:48 8385
09:50:49 8410
09:50:50 8399
09:50:51 8416
09:50:52 8338
09:50:53 8357
09:50:54 8366
09:50:55 8384
09:50:56 8392
09:50:57 8391
09:50:58 8427
09:50:59 8385
09:51:00 8388
09:51:01 8399
09:51:02 8426
09:51:03 8412
09:51:04 8410
09:51:05 8428
09:51:06 8412
09:51:07 8401
09:51:08 8371
09:51:09 8373
09:51:10 8386
09:51:11 8380
09:51:12 8400
09:51:13 8413
09:51:14 8410
09:51:15 8418
09:51:16 8390
09:51:17 8403
09:51:18 8365
09:51:20 8377
09:51:21 8378
09:51:22 8395
09:51:23 8405
09:51:24 8402
09:51:25 8404
09:51:26 8410
09:51:27 8316
09:51:28 8310
09:51:29 8276
09:51:30 8288
09:51:31 8310
09:51:32 8310
09:51:33 8324
09:51:34 8332
09:51:35 8331
09:51:36 8357
09:51:37 8324
09:51:38 8306
09:51:39 8300
09:51:40 8311
09:51:41 8276
09:51:42 8321
09:51:43 8330
09:51:44 8353
09:51:45 8362
09:51:46 8336
09:51:47 8312
09:51:48 8318
09:51:49 8330
09:51:50 8381
09:51:51 8301
09:51:52 8291
09:51:53 8313
09:51:54 8327
09:51:55 8314
09:51:56 8323
09:51:57 8289
09:51:58 8291
09:51:59 8302
09:52:00 8323
09:52:01 8257
09:52:02 8287
09:52:03 8285
09:52:04 8303
09:52:05 8315
09:52:06 8286
09:52:07 8266
09:52:08 8247
09:52:09 8210
09:52:10 8253
09:52:11 8240
09:52:12 8261
09:52:13 8263
09:52:14 8296
09:52:15 8260
09:52:16 8294
09:52:17 8241
09:52:18 8281
09:52:19 8310
09:52:20 8283
09:52:21 8309
09:52:22 8314
09:52:23 8316
09:52:24 8339
09:52:25 8426
09:52:26 8429
09:52:27 8440
09:52:28 8452
09:52:29 8352
09:52:30 8350
09:52:31 8330
09:52:32 8332
09:52:33 8339
09:52:34 8339
09:52:35 8340
09:52:36 8351
09:52:37 8378
09:52:38 8364
09:52:39 8376
09:52:40 8378
09:52:41 8371
09:52:42 8339
09:52:43 8394
09:52:44 8295
09:52:45 8323
09:52:46 8397
09:52:47 8402
09:52:48 8452
09:52:49 8447
09:52:50 8374
09:52:51 8362
09:52:52 8447
09:52:53 8375
09:52:54 8386
09:52:55 8373
09:52:56 8375
09:52:57 8340
09:52:58 8335
09:52:59 8335
09:53:00 8346
09:53:01 8372
09:53:02 8352
09:53:03 8346
09:53:04 8348
09:53:05 8338
09:53:06 8321
09:53:07 8341
09:53:08 8347
09:53:09 8385
09:53:10 8381
09:53:11 8395
09:53:12 8447
09:53:13 8457
09:53:14 8465
09:53:15 8463
09:53:16 8387
09:53:17 8375
09:53:18 8368
09:53:19 8411
09:53:20 8411
09:53:21 8350
09:53:22 8377
09:53:23 8363
09:53:24 8279
09:53:25 8293
09:53:26 8320
09:53:27 8303
09:53:28 8296
09:53:29 8318
09:53:30 8257
09:53:31 8256
09:53:32 8296
09:53:33 8288
09:53:34 8277
09:53:35 8380
09:53:36 8335
09:53:37 8303
09:53:38 8337
09:53:39 8349
09:53:40 8344
09:53:41 8356
09:53:42 8364
09:53:43 8350
09:53:44 8385
09:53:45 8318
09:53:46 8312
09:53:47 8310
09:53:48 8343
09:53:49 8360
09:53:50 8319
09:53:51 8322
09:53:52 8326
09:53:53 8362
09:53:54 8334
09:53:55 8366
09:53:56 8349
09:53:57 8357
09:53:58 8365
09:53:59 8384
09:54:00 8375
09:54:01 8324
09:54:02 8380
09:54:03 8286
09:54:04 8277
09:54:05 8387
09:54:06 8293
09:54:07 8298
09:54:08 8322
09:54:09 8330
09:54:10 8303
09:54:11 8298
09:54:12 8285
09:54:13 8314
09:54:14 8311
09:54:15 8323
09:54:16 8334
09:54:17 8344
09:54:18 8341
09:54:19 8350
09:54:20 8360
09:54:21 8397
09:54:22 8373
09:54:23 8381
09:54:24 8355
09:54:25 8371
09:54:26 8368
09:54:27 8370
09:54:28 8274
09:54:29 8345
09:54:31 8259
09:54:32 8263
09:54:33 8280
09:54:34 8292
09:54:35 8276
09:54:36 8285
09:54:37 8308
09:54:38 8317
09:54:39 8304
09:54:40 8290
09:54:41 8350
09:54:42 8345
09:54:43 8395
09:54:44 8329
09:54:45 8311
09:54:46 8305
09:54:47 8349
09:54:48 8347
09:54:49 8318
09:54:50 8328
09:54:51 8317
09:54:52 8332
09:54:53 8353
09:54:54 8344
09:54:55 8266
09:54:56 8262
09:54:57 8248
09:54:58 8342
09:54:59 8269
09:55:00 8284
09:55:01 8271
09:55:02 8281
09:55:03 8305
09:55:04 8296
09:55:05 8292
09:55:06 8315
09:55:07 8282
09:55:08 8322
09:55:09 8268
09:55:10 8286
09:55:11 8277
09:55:12 8295
09:55:13 8311
09:55:14 8272
09:55:15 8270
09:55:16 8269
09:55:17 8293
09:55:18 8300
09:55:19 8266
09:55:20 8348
09:55:21 8245
09:55:22 8264
09:55:23 8237
09:55:24 8192
09:55:25 8142
09:55:26 8163
09:55:27 8208
09:55:28 8218
09:55:29 8202
09:55:30 8219
09:55:31 8228
09:55:32 8239
09:55:33 8186
09:55:34 8189
09:55:35 8171
09:55:36 8185
09:55:37 8263
09:55:38 8195
09:55:39 8129
09:55:40 8116
09:55:41 8176
09:55:42 8190
09:55:43 8185
09:55:44 8171
09:55:45 8189
09:55:46 8269
09:55:47 8278
09:55:48 8370
09:55:49 8371
09:55:50 8296
09:55:51 8285
09:55:52 8267
09:55:53 8287
09:55:54 8189
09:55:55 8199
09:55:56 8202
09:55:57 8157
09:55:58 8188
09:55:59 8133
09:56:00 8049
09:56:01 8075
09:56:02 8159
09:56:03 8146
09:56:04 8098
09:56:05 8128
09:56:06 8144
09:56:07 8094
09:56:08 8109
09:56:09 8090
09:56:10 8117
09:56:11 8135
09:56:12 8098
09:56:13 8103
09:56:14 8017
09:56:15 8040
09:56:16 8039
09:56:17 8056
09:56:18 8063
09:56:19 8075
09:56:20 8097
09:56:21 8065
09:56:22 8086
09:56:23 8043
09:56:24 8064
09:56:25 8092
09:56:26 8104
09:56:27 8070
09:56:28 8112
09:56:29 8119
09:56:30 8180
09:56:31 8211
09:56:32 8245
09:56:33 8247
09:56:34 8352
09:56:35 8328
09:56:36 8249
09:56:37 8245
09:56:38 8222
09:56:39 8250
09:56:40 8169
09:56:41 8158
09:56:42 8184
09:56:43 8112
09:56:44 8096
09:56:45 8100
09:56:46 8000
09:56:47 8023
09:56:48 8045
09:56:49 8057
09:56:50 8042
09:56:51 8050
09:56:52 8018
09:56:53 8040
09:56:54 8030
09:56:55 7971
09:56:56 7944
09:56:57 7951
09:56:58 7953
09:56:59 7994
09:57:00 7998
09:57:01 7990
09:57:02 7990
09:57:03 7966
09:57:04 7951
09:57:05 7973
09:57:06 8007
09:57:07 8007
09:57:08 8008
09:57:09 7981
09:57:10 7988
09:57:11 7959
09:57:12 7973
09:57:13 7952
09:57:14 8004
09:57:15 7972
09:57:16 7984
09:57:17 7990
09:57:18 8020
09:57:19 7951
09:57:20 7951
09:57:21 7934
09:57:22 8048
09:57:23 8019
09:57:24 8124
09:57:25 8131
09:57:26 8142
09:57:27 8126
09:57:28 8206
09:57:29 8241
09:57:30 8169
09:57:31 8149
09:57:32 8151
09:57:33 8066
09:57:34 8116
09:57:35 8144
09:57:36 8127
09:57:38 8026
09:57:39 8032
09:57:40 8046
09:57:41 7979
09:57:42 7984
09:57:43 7955
09:57:44 7954
09:57:45 7910
09:57:46 7896
09:57:47 7916
09:57:48 7931
09:57:49 7937
09:57:50 7918
09:57:51 7919
09:57:52 7947
09:57:53 8008
09:57:54 8000
09:57:55 7944
09:57:56 7952
09:57:57 7969
09:57:58 7998
09:57:59 7917
09:58:00 7916
09:58:01 7910
09:58:02 7905
09:58:03 7921
09:58:04 7889
09:58:05 7887
09:58:06 7852
09:58:07 7962
09:58:08 7992
09:58:09 8022
09:58:10 7968
09:58:11 7940
09:58:12 7969
09:58:13 7970
09:58:14 7967
09:58:15 7992
09:58:16 8026
09:58:17 7991
09:58:18 7985
09:58:19 8033
09:58:20 8043
09:58:21 8050
09:58:22 8040
09:58:23 8041
09:58:24 8003
09:58:25 8113
09:58:26 8143
09:58:27 8236
09:58:28 8319
09:58:29 8425
09:58:30 8292
09:58:31 8233
09:58:32 8136
09:58:33 8046
09:58:34 8058
09:58:35 8087
09:58:36 8079
09:58:37 8071
09:58:38 8071
09:58:39 8106
09:58:40 8120
09:58:41 8113
09:58:42 8092
09:58:43 8035
09:58:44 8044
09:58:45 8029
09:58:46 8043
09:58:47 8045
09:58:48 8051
09:58:49 8061
09:58:50 8055
09:58:51 8078
09:58:52 8073
09:58:53 8089
09:58:54 8086
09:58:55 8079
09:58:56 8072
09:58:57 8118
09:58:58 8139
09:58:59 8204
09:59:00 8268
09:59:01 8340
09:59:02 8342
09:59:03 8269
09:59:04 8170
09:59:05 8110
09:59:06 8128
09:59:07 8123
09:59:08 8109
09:59:09 8155
09:59:10 8149
09:59:11 8142
09:59:12 8128
09:59:13 8110
09:59:14 8046
09:59:15 8051
09:59:16 8043
09:59:17 8040
09:59:18 8054
09:59:19 8099
09:59:20 8109
09:59:21 8068
09:59:22 8120
09:59:23 8078
09:59:24 8100
09:59:25 8092
09:59:26 8088
09:59:27 8086
09:59:28 8100
09:59:29 8141
09:59:30 8122
09:59:31 8196
09:59:32 8190
09:59:33 8350
09:59:34 8417
09:59:35 8312
09:59:36 8241
09:59:37 8173
09:59:38 8115
09:59:39 8114
09:59:40 8113
09:59:41 8107
09:59:42 8109
09:59:43 8124
09:59:44 8115
09:59:45 8105
09:59:46 8120
09:59:47 8102
09:59:48 8127
09:59:49 8102
09:59:50 8134
09:59:51 8103
09:59:52 8103
09:59:53 8116
09:59:54 8135
09:59:55 8126
09:59:56 8102
09:59:57 8106
09:59:58 8106
09:59:59 8111
10:00:00 8113
10:00:01 8108
10:00:02 8108
10:00:03 8110
10:00:04 8192
10:00:05 8293
10:00:06 8345
10:00:07 8465
10:00:08 8472
10:00:09 8457
10:00:10 8439
10:00:11 8468
10:00:12 8415
10:00:13 8427
10:00:14 8454
10:00:15 8465
10:00:16 8464
10:00:17 8439
10:00:18 8412
10:00:19 8425
10:00:20 8463
10:00:21 8476
10:00:22 8449
10:00:23 8451
10:00:24 8445
10:00:25 8404
10:00:26 8402
10:00:27 8416
10:00:28 8399
10:00:29 8407
10:00:30 8424
10:00:31 8396
10:00:32 8446
10:00:33 8443
10:00:34 8412
10:00:35 8406
10:00:36 8385
10:00:37 8420
10:00:38 8434
10:00:39 8375
10:00:40 8372
10:00:41 8357
10:00:42 8369
10:00:43 8293
10:00:44 8339
10:00:45 8312
10:00:46 8322
10:00:47 8338
10:00:48 8349
10:00:49 8358
10:00:51 8388
10:00:52 8396
10:00:53 8319
10:00:54 8321
10:00:55 8360
10:00:56 8342
10:00:57 8355
10:00:58 8386
10:00:59 8380
10:01:00 8375
10:01:01 8426
10:01:02 8410
10:01:03 8398
10:01:04 8394
10:01:05 8371
10:01:06 8370
