== image atlas-sparkglm:cvplace
== ready: http://127.0.0.1:8893/v1 model glm-5.3-flash-atlas
   display carveout 2046 MiB holds 24 buffers (1932 MiB) → 90948 blocks (+19444, +27.2%)
   KV cache: 89306 blocks
== index
prefill/32768: 3 cold/immediate-replay pairs
  1: cold 2517.6 tok/s (13.016s)
  2: cold 2513.9 tok/s (13.035s)
  3: cold 2513.5 tok/s (13.037s)
prefill/65536: 3 cold/immediate-replay pairs
  1: cold 2487.8 tok/s (26.343s)
  2: cold 2491.5 tok/s (26.304s)
  3: cold 2491.9 tok/s (26.300s)
== image atlas-sparkglm:cvplace
== ready: http://127.0.0.1:8893/v1 model glm-5.3-flash-atlas
   display carveout 2046 MiB holds 23 buffers (1112 MiB) → 82762 blocks (+11185, +15.6%)
   KV cache: 82762 blocks
== index-only
prefill/32768: 3 cold/immediate-replay pairs
  1: cold 2513.2 tok/s (13.039s)
  2: cold 2511.6 tok/s (13.047s)
  3: cold 2514.0 tok/s (13.034s)
prefill/65536: 3 cold/immediate-replay pairs
  1: cold 2492.7 tok/s (26.291s)
  2: cold 2496.7 tok/s (26.249s)
  3: cold 2494.9 tok/s (26.268s)
== image atlas-sparkglm:cvplace
== ready: http://127.0.0.1:8893/v1 model glm-5.3-flash-atlas
   KV cache: 70501 blocks
   KV cache: 516 blocks
== off
prefill/32768: 3 cold/immediate-replay pairs
  1: cold 2668.1 tok/s (12.282s)
  2: cold 2672.0 tok/s (12.264s)
  3: cold 2672.4 tok/s (12.262s)
prefill/65536: 3 cold/immediate-replay pairs
  1: cold 2812.7 tok/s (23.300s)
  2: cold 2809.0 tok/s (23.331s)
  3: cold 2814.5 tok/s (23.285s)
CVP-DONE
