== image ghcr.io/enntity/atlas-sparkglm:35824765d542
== ready: http://127.0.0.1:8893/v1 model glm-5.3-flash-atlas
   KV cache: 91066 blocks
== cur1
prefill/32768: 3 cold/immediate-replay pairs
  1: cold 2581.6 tok/s (12.693s)
  2: cold 2576.0 tok/s (12.720s)
  3: cold 2579.9 tok/s (12.701s)
prefill/65536: 3 cold/immediate-replay pairs
  1: cold 2609.3 tok/s (25.116s)
  2: cold 2609.5 tok/s (25.115s)
  3: cold 2610.8 tok/s (25.102s)
== image ghcr.io/enntity/atlas-sparkglm:35824765d542
== ready: http://127.0.0.1:8893/v1 model glm-5.3-flash-atlas
   KV cache: 70345 blocks
== cur0
prefill/32768: 3 cold/immediate-replay pairs
  1: cold 2661.6 tok/s (12.311s)
  2: cold 2661.1 tok/s (12.314s)
  3: cold 2659.1 tok/s (12.323s)
prefill/65536: 3 cold/immediate-replay pairs
  1: cold 2796.1 tok/s (23.438s)
  2: cold 2793.4 tok/s (23.461s)
  3: cold 2793.9 tok/s (23.457s)
== image ghcr.io/enntity/atlas-sparkglm:43eed6283b96
== ready: http://127.0.0.1:8893/v1 model glm-5.3-flash-atlas
   KV cache: 100456 blocks
== old
prefill/32768: 3 cold/immediate-replay pairs
  1: cold 2579.0 tok/s (12.706s)
  2: cold 2589.5 tok/s (12.654s)
  3: cold 2584.6 tok/s (12.678s)
prefill/65536: 3 cold/immediate-replay pairs
  1: cold 2721.4 tok/s (24.082s)
  2: cold 2716.3 tok/s (24.127s)
  3: cold 2716.7 tok/s (24.124s)
PF64-DONE
